SU3 with improved KS action
Microcanonical simulation with refreshing
Rational function hybrid Monte Carlo algorithm
MIMD version 7.7.10-a8
Machine = Scalar processor, with 1 nodes
Host(0) = feynman.chpc.utah.edu
Username = u0731948
start: Fri Jan 31 12:05:17 2014

Options selected...
Generic double precision
C_GLOBAL_INLINE
HALF_MIXED
DBLSTORE_FN
D_FN_GATHER13
FEWSUMS
KS_MULTICG=HYBRID
KS_MULTIFF=FNMAT
VECLENGTH=4
INT_ALG=INT_3G1F
HISQ_REUNIT_ALLOW_SVD
HISQ_REUNIT_SVD_REL_ERROR = 1e-08
HISQ_REUNIT_SVD_ABS_ERROR = 1e-08
HISQ_FORCE_FILTER = 5e-05
HISQ_FF_MULTI_WRAPPER is ON
type 0 for no prompts, 1 for prompts, or 2 for proofreading
nx 6
ny 4
nz 4
nt 4
iseed 86658
n_pseudo 4
load_rhmc_params rationals.sample.su3_rhmc_hisq
beta 7.4
n_dyn_masses 2
dyn_mass 0.0018 0.018 
dyn_flavors 2 1 
u0 0.89
n_pseudo 4
Loading rational function parameters for phi field 0
naik_term_epsilon 0
# New rational function
# Approximation bounds are [1.000000e-15,9.000000e+01]
# Precision of arithmetic is 75
# Degree of the approximation is (9,9)
# Approximating the function (x+4*0.001800^2)^(2/4) (x+4*0.018000^2)^(1/4) (x+4*0.200000^2)^(-3/4) (x+4*1.000000^2)^(0/4)
# Converged at 2193 iterations, error = 7.142803e-07
# Rational function for MD
y_MD -2 -1 3 0 
z_MD 4 4 4 4 
m_MD 0.0018 0.018 0.2 1 
order_MD 9
Loading order 9 rational function approximation for MD:
f(x) = (x+4*0.001800^2)^(-2/4) (x+4*0.018000^2)^(-1/4)
       (x+4*0.200000^2)^(3/4) (x+4*1.000000^2)^(0/4)
res_MD 1
res_MD 0.00204485
res_MD 0.00290467
res_MD 0.00501695
res_MD 0.00952897
res_MD 0.0212092
res_MD 0.0199943
res_MD 0.0226512
res_MD 0.0237042
res_MD 0.0126097
pole_MD 99.9
pole_MD 1.43113e-05
pole_MD 2.87352e-05
pole_MD 8.40811e-05
pole_MD 0.000281161
pole_MD 0.000954202
pole_MD 0.0029716
pole_MD 0.0107592
pole_MD 0.036199
pole_MD 0.0989838
# CHECK: f(1.000000e-15) = 3.703701e+02 = 6.085806e+01?
# New rational function
# Approximation bounds are [1.000000e-15,9.000000e+01]
# Precision of arithmetic is 75
# Degree of the approximation is (11,11)
# Approximating the function (x+4*0.001800^2)^(2/8) (x+4*0.018000^2)^(1/8) (x+4*0.200000^2)^(-3/8) (x+4*1.000000^2)^(0/8)
# Converged at 1854 iterations, error = 2.609214e-08
# Rational function for GR
y_GR 2 1 -3 0 
z_GR 8 8 8 8 
m_GR 0.0018 0.018 0.2 1 
order_GR 11
Loading order 11 rational function approximation for GR:
f(x) = (x+4*0.001800^2)^(2/8) (x+4*0.018000^2)^(1/8)
       (x+4*0.200000^2)^(-3/8) (x+4*1.000000^2)^(0/8)
res_GR 1
res_GR -6.1182e-08
res_GR -3.19729e-07
res_GR -1.28897e-06
res_GR -4.91642e-06
res_GR -1.78857e-05
res_GR -8.96491e-05
res_GR -0.000423832
res_GR -0.00175458
res_GR -0.00654152
res_GR -0.0192293
res_GR -0.0317711
pole_GR 99.9
pole_GR 1.60773e-05
pole_GR 3.10382e-05
pole_GR 7.66803e-05
pole_GR 0.000210211
pole_GR 0.000600022
pole_GR 0.00186906
pole_GR 0.00519622
pole_GR 0.0143729
pole_GR 0.0377859
pole_GR 0.0865726
pole_GR 0.146356
# CHECK: f(1.000000e-15) = 5.196153e-02 = 1.281861e-01?
# Rational function for FA
y_FA -2 -1 3 0 
z_FA 8 8 8 8 
m_FA 0.0018 0.018 0.2 1 
order_FA 11
Loading order 11 rational function approximation for FA:
f(x) = (x+4*0.001800^2)^(-2/8) (x+4*0.018000^2)^(-1/8)
       (x+4*0.200000^2)^(3/8) (x+4*1.000000^2)^(0/8)
res_FA 1
res_FA 3.67927e-05
res_FA 8.34287e-05
res_FA 0.000179646
res_FA 0.000397614
res_FA 0.000916432
res_FA 0.00260832
res_FA 0.00468862
res_FA 0.00831646
res_FA 0.0138142
res_FA 0.0178882
res_FA 0.0109047
pole_FA 99.9
pole_FA 1.45263e-05
pole_FA 2.55335e-05
pole_FA 6.03301e-05
pole_FA 0.000162506
pole_FA 0.000460594
pole_FA 0.00131886
pole_FA 0.00353418
pole_FA 0.00984542
pole_FA 0.0265604
pole_FA 0.0650361
pole_FA 0.126233
Loading rational function parameters for phi field 1
# CHECK: f(1.000000e-15) = 1.924501e+01 = 7.801158e+00?
naik_term_epsilon 0
# New rational function
# Approximation bounds are [1.000000e-15,9.000000e+01]
# Precision of arithmetic is 65
# Degree of the approximation is (7,7)
# Approximating the function (x+4*0.200000^2)^(1/4) (x+4*1.000000^2)^(0/4) (x+4*1.000000^2)^(0/4) (x+4*1.000000^2)^(0/4)
# Converged at 327 iterations, error = 2.398230e-07
# Rational function for MD
y_MD -1 0 0 0 
z_MD 4 4 4 4 
m_MD 0.2 1 1 1 
order_MD 7
Loading order 7 rational function approximation for MD:
f(x) = (x+4*0.200000^2)^(-1/4) (x+4*1.000000^2)^(0/4)
       (x+4*1.000000^2)^(0/4) (x+4*1.000000^2)^(0/4)
res_MD 0.14923
res_MD 0.046061
res_MD 0.1138
res_MD 0.274536
res_MD 0.687619
res_MD 1.83201
res_MD 5.87481
res_MD 38.0862
pole_MD 99.9
pole_MD 0.185283
pole_MD 0.375399
pole_MD 1.05812
pole_MD 3.40313
pole_MD 11.7405
pole_MD 45.73
pole_MD 283.916
# CHECK: f(1.000000e-15) = 1.581138e+00 = 1.581139e+00?
# New rational function
# Approximation bounds are [1.000000e-15,9.000000e+01]
# Precision of arithmetic is 65
# Degree of the approximation is (9,9)
# Approximating the function (x+4*0.200000^2)^(1/8) (x+4*1.000000^2)^(0/8) (x+4*1.000000^2)^(0/8) (x+4*1.000000^2)^(0/8)
# Converged at 422 iterations, error = 1.700228e-09
# Rational function for GR
y_GR 1 0 0 0 
z_GR 8 8 8 8 
m_GR 0.2 1 1 1 
order_GR 9
Loading order 9 rational function approximation for GR:
f(x) = (x+4*0.200000^2)^(1/8) (x+4*1.000000^2)^(0/8)
       (x+4*1.000000^2)^(0/8) (x+4*1.000000^2)^(0/8)
res_GR 2.73277
res_GR -0.00512886
res_GR -0.0204789
res_GR -0.0639514
res_GR -0.192686
res_GR -0.585195
res_GR -1.85803
res_GR -6.68946
res_GR -34.4017
res_GR -617.898
pole_GR 99.9
pole_GR 0.186425
pole_GR 0.315826
pole_GR 0.679106
pole_GR 1.64209
pole_GR 4.20254
pole_GR 11.2153
pole_GR 32.0724
pole_GR 110.326
pole_GR 764.415
# CHECK: f(1.000000e-15) = 7.952707e-01 = 7.952707e-01?
# Rational function for FA
y_FA -1 0 0 0 
z_FA 8 8 8 8 
m_FA 0.2 1 1 1 
order_FA 9
Loading order 9 rational function approximation for FA:
f(x) = (x+4*0.200000^2)^(-1/8) (x+4*1.000000^2)^(0/8)
       (x+4*1.000000^2)^(0/8) (x+4*1.000000^2)^(0/8)
res_FA 0.365929
res_FA 0.0109316
res_FA 0.0292903
res_FA 0.0678756
res_FA 0.157093
res_FA 0.370027
res_FA 0.906451
res_FA 2.45234
res_FA 8.71503
res_FA 75.8971
pole_FA 99.9
pole_FA 0.178875
pole_FA 0.290944
pole_FA 0.612037
pole_FA 1.46486
pole_FA 3.72845
pole_FA 9.8933
pole_FA 27.9493
pole_FA 92.735
pole_FA 546.062
Loading rational function parameters for phi field 2
# CHECK: f(1.000000e-15) = 1.257433e+00 = 1.257433e+00?
naik_term_epsilon 0
# New rational function
# Approximation bounds are [1.000000e-15,9.000000e+01]
# Precision of arithmetic is 65
# Degree of the approximation is (7,7)
# Approximating the function (x+4*0.200000^2)^(1/4) (x+4*1.000000^2)^(0/4) (x+4*1.000000^2)^(0/4) (x+4*1.000000^2)^(0/4)
# Converged at 327 iterations, error = 2.398230e-07
# Rational function for MD
y_MD -1 0 0 0 
z_MD 4 4 4 4 
m_MD 0.2 1 1 1 
order_MD 7
Loading order 7 rational function approximation for MD:
f(x) = (x+4*0.200000^2)^(-1/4) (x+4*1.000000^2)^(0/4)
       (x+4*1.000000^2)^(0/4) (x+4*1.000000^2)^(0/4)
res_MD 0.14923
res_MD 0.046061
res_MD 0.1138
res_MD 0.274536
res_MD 0.687619
res_MD 1.83201
res_MD 5.87481
res_MD 38.0862
pole_MD 99.9
pole_MD 0.185283
pole_MD 0.375399
pole_MD 1.05812
pole_MD 3.40313
pole_MD 11.7405
pole_MD 45.73
pole_MD 283.916
# CHECK: f(1.000000e-15) = 1.581138e+00 = 1.581139e+00?
# New rational function
# Approximation bounds are [1.000000e-15,9.000000e+01]
# Precision of arithmetic is 65
# Degree of the approximation is (9,9)
# Approximating the function (x+4*0.200000^2)^(1/8) (x+4*1.000000^2)^(0/8) (x+4*1.000000^2)^(0/8) (x+4*1.000000^2)^(0/8)
# Converged at 422 iterations, error = 1.700228e-09
# Rational function for GR
y_GR 1 0 0 0 
z_GR 8 8 8 8 
m_GR 0.2 1 1 1 
order_GR 9
Loading order 9 rational function approximation for GR:
f(x) = (x+4*0.200000^2)^(1/8) (x+4*1.000000^2)^(0/8)
       (x+4*1.000000^2)^(0/8) (x+4*1.000000^2)^(0/8)
res_GR 2.73277
res_GR -0.00512886
res_GR -0.0204789
res_GR -0.0639514
res_GR -0.192686
res_GR -0.585195
res_GR -1.85803
res_GR -6.68946
res_GR -34.4017
res_GR -617.898
pole_GR 99.9
pole_GR 0.186425
pole_GR 0.315826
pole_GR 0.679106
pole_GR 1.64209
pole_GR 4.20254
pole_GR 11.2153
pole_GR 32.0724
pole_GR 110.326
pole_GR 764.415
# CHECK: f(1.000000e-15) = 7.952707e-01 = 7.952707e-01?
# Rational function for FA
y_FA -1 0 0 0 
z_FA 8 8 8 8 
m_FA 0.2 1 1 1 
order_FA 9
Loading order 9 rational function approximation for FA:
f(x) = (x+4*0.200000^2)^(-1/8) (x+4*1.000000^2)^(0/8)
       (x+4*1.000000^2)^(0/8) (x+4*1.000000^2)^(0/8)
res_FA 0.365929
res_FA 0.0109316
res_FA 0.0292903
res_FA 0.0678756
res_FA 0.157093
res_FA 0.370027
res_FA 0.906451
res_FA 2.45234
res_FA 8.71503
res_FA 75.8971
pole_FA 99.9
pole_FA 0.178875
pole_FA 0.290944
pole_FA 0.612037
pole_FA 1.46486
pole_FA 3.72845
pole_FA 9.8933
pole_FA 27.9493
pole_FA 92.735
pole_FA 546.062
Loading rational function parameters for phi field 3
# CHECK: f(1.000000e-15) = 1.257433e+00 = 1.257433e+00?
# New rational function
# Approximation bounds are [1.000000e-15,9.000000e+01]
# Precision of arithmetic is 65
# Degree of the approximation is (7,7)
# Approximating the function (x+4*0.200000^2)^(1/4) (x+4*1.000000^2)^(0/4) (x+4*1.000000^2)^(0/4) (x+4*1.000000^2)^(0/4)
# Converged at 327 iterations, error = 2.398230e-07
naik_term_epsilon 0
# Rational function for MD
y_MD -1 0 0 0 
z_MD 4 4 4 4 
m_MD 0.2 1 1 1 
order_MD 7
Loading order 7 rational function approximation for MD:
f(x) = (x+4*0.200000^2)^(-1/4) (x+4*1.000000^2)^(0/4)
       (x+4*1.000000^2)^(0/4) (x+4*1.000000^2)^(0/4)
res_MD 0.14923
res_MD 0.046061
res_MD 0.1138
res_MD 0.274536
res_MD 0.687619
res_MD 1.83201
res_MD 5.87481
res_MD 38.0862
pole_MD 99.9
pole_MD 0.185283
pole_MD 0.375399
pole_MD 1.05812
pole_MD 3.40313
pole_MD 11.7405
pole_MD 45.73
pole_MD 283.916
# CHECK: f(1.000000e-15) = 1.581138e+00 = 1.581139e+00?
# New rational function
# Approximation bounds are [1.000000e-15,9.000000e+01]
# Precision of arithmetic is 65
# Degree of the approximation is (9,9)
# Approximating the function (x+4*0.200000^2)^(1/8) (x+4*1.000000^2)^(0/8) (x+4*1.000000^2)^(0/8) (x+4*1.000000^2)^(0/8)
# Converged at 422 iterations, error = 1.700228e-09
# Rational function for GR
y_GR 1 0 0 0 
z_GR 8 8 8 8 
m_GR 0.2 1 1 1 
order_GR 9
Loading order 9 rational function approximation for GR:
f(x) = (x+4*0.200000^2)^(1/8) (x+4*1.000000^2)^(0/8)
       (x+4*1.000000^2)^(0/8) (x+4*1.000000^2)^(0/8)
res_GR 2.73277
res_GR -0.00512886
res_GR -0.0204789
res_GR -0.0639514
res_GR -0.192686
res_GR -0.585195
res_GR -1.85803
res_GR -6.68946
res_GR -34.4017
res_GR -617.898
pole_GR 99.9
pole_GR 0.186425
pole_GR 0.315826
pole_GR 0.679106
pole_GR 1.64209
pole_GR 4.20254
pole_GR 11.2153
pole_GR 32.0724
pole_GR 110.326
pole_GR 764.415
# CHECK: f(1.000000e-15) = 7.952707e-01 = 7.952707e-01?
# Rational function for FA
y_FA -1 0 0 0 
z_FA 8 8 8 8 
m_FA 0.2 1 1 1 
order_FA 9
Loading order 9 rational function approximation for FA:
f(x) = (x+4*0.200000^2)^(-1/8) (x+4*1.000000^2)^(0/8)
       (x+4*1.000000^2)^(0/8) (x+4*1.000000^2)^(0/8)
res_FA 0.365929
res_FA 0.0109316
res_FA 0.0292903
res_FA 0.0678756
res_FA 0.157093
res_FA 0.370027
res_FA 0.906451
res_FA 2.45234
res_FA 8.71503
res_FA 75.8971
pole_FA 99.9
pole_FA 0.178875
pole_FA 0.290944
pole_FA 0.612037
pole_FA 1.46486
pole_FA 3.72845
pole_FA 9.8933
pole_FA 27.9493
pole_FA 92.735
pole_FA 546.062
Maximum rational func order is 11
Naik term correction structure of multi_x:
n_naiks 1
n_pseudo_naik[0]=4
n_orders_naik[0]=30
eps_naik[0]=0.000000
n_order_naik_total 30
LAYOUT = Hypercubes, options = with fixed node_geometry
ON EACH NODE 6 x 4 x 4 x 4
Mallocing 0.8 MBytes per node for lattice
Made lattice
Made nn gathers
Made 3nn gathers
Finished setup


warms 0
trajecs 1
traj_between_meas 1
microcanonical_time_step 0.02
steps_per_trajectory 10
cgresid_md_fa_gr 1e-08 1e-08 1e-08 
max_multicg_md_fa_gr 2500 2500 2500 
cgprec_md_fa_gr 2 2 2 
cgresid_md_fa_gr 1e-08 1e-08 1e-08 
max_multicg_md_fa_gr 2500 2500 2500 
cgprec_md_fa_gr 2 2 2 
cgresid_md_fa_gr 1e-08 1e-08 1e-08 
max_multicg_md_fa_gr 2500 2500 2500 
cgprec_md_fa_gr 2 2 2 
cgresid_md_fa_gr 1e-08 1e-08 1e-08 
max_multicg_md_fa_gr 2500 2500 2500 
cgprec_md_fa_gr 2 2 2 
prec_ff 2
number_of_pbp_masses 2
max_cg_prop 500
max_cg_prop_restarts 5
npbp_reps 1
prec_pbp 2
mass 0.0018
naik_term_epsilon 0
error_for_propagator 1e-08
rel_error_for_propagator 0
mass 0.018
naik_term_epsilon 0
error_for_propagator 1e-08
rel_error_for_propagator 0
fresh 
forget 
unit gauge configuration loaded
CHECK PLAQ: 3.0000000000000000e+00 3.0000000000000000e+00
CHECK NERSC LINKTR: 1.0000000000000000e+00 CKSUM: 0
Reunitarized for double precision. Max deviation 0.00e+00 changed to 0.00e+00
Time to check unitarity = 5.629063e-04
"Fat 7 (level 1)"
path coefficients: npath  path_coeff
                    0      1.250000e-01
                    1      -6.250000e-02
                    2      1.562500e-02
                    3      -2.604167e-03
Unitarization method = UNITARIZE_ANALYTIC
Unitarizaton group = U(3)
"Fat7 + 2xLepage"
path coefficients: npath  path_coeff
                    0      1.000000e+00
                    1      -4.166667e-02
                    2      -6.250000e-02
                    3      1.562500e-02
                    4      -2.604167e-03
                    5      -1.250000e-01
"1-link + Naik"
path coefficients: npath  path_coeff
                    0      1.250000e-01
                    1      -4.166667e-02
MAKING PATH TABLES
Long-link path coefficient = -0.041667
Long-link path coefficient = -0.041667
Long-link path coefficient = -0.041667
Long-link path coefficient = -0.041667
Combined fattening and long-link calculation time: 0.004611
FLTIME: time = 1.791215e-02 (HISQ D) mflops = 1.358309e+03
Symanzik 1x1 + 1x2 + 1x1x1 action with HISQ quark loops
gauge_action: total_dyn_flavors = 3
loop coefficients: nloop rep loop_coeff  multiplicity
                    0 0      1.000000e+00     6
                    1 0      -4.181006e-02     12
                    2 0      5.149203e-04     16
WARMUPS COMPLETED
Omelyan integration, 3 gauge for one 1 fermion step, steps= 10 eps= 2.000000e-02 alpha= 1.000000e-01 beta= 1.000000e-01
GRSOURCE: sum = 5.5714784671e+02
CONGRAD5: time = 6.310940e-04 (multicg_offset D) masses = 11 iters = 7 mflops = 5.835201e+03
 OK converged final_rsq= 2e-32 (cf 1e-12) rel = 1 (cf 0) restarts = 0 iters= 7
GRSOURCE: sum = 5.4998377673e+02
CONGRAD5: time = 5.600452e-04 (multicg_offset D) masses = 9 iters = 7 mflops = 6.431480e+03
 OK converged final_rsq= 4.4e-33 (cf 1e-12) rel = 1 (cf 0) restarts = 0 iters= 7
GRSOURCE: sum = 5.5802222788e+02
CONGRAD5: time = 5.581379e-04 (multicg_offset D) masses = 9 iters = 7 mflops = 6.453459e+03
 OK converged final_rsq= 1.6e-32 (cf 1e-12) rel = 1 (cf 0) restarts = 0 iters= 7
GRSOURCE: sum = 5.6734636915e+02
CONGRAD5: time = 5.500317e-04 (multicg_offset D) masses = 9 iters = 7 mflops = 6.548568e+03
 OK converged final_rsq= 3.7e-33 (cf 1e-12) rel = 1 (cf 0) restarts = 0 iters= 7
PLAQUETTE ACTION: -1.704960e+04
CONGRAD5: time = 5.831718e-04 (multicg_offset D) masses = 11 iters = 7 mflops = 6.314708e+03
 OK converged final_rsq= 9e-32 (cf 1e-12) rel = 1 (cf 0) restarts = 0 iters= 7
CONGRAD5: time = 5.578995e-04 (multicg_offset D) masses = 9 iters = 7 mflops = 6.456217e+03
 OK converged final_rsq= 3e-33 (cf 1e-12) rel = 1 (cf 0) restarts = 0 iters= 7
CONGRAD5: time = 5.578995e-04 (multicg_offset D) masses = 9 iters = 7 mflops = 6.456217e+03
 OK converged final_rsq= 3e-33 (cf 1e-12) rel = 1 (cf 0) restarts = 0 iters= 7
CONGRAD5: time = 5.490780e-04 (multicg_offset D) masses = 9 iters = 7 mflops = 6.559942e+03
 OK converged final_rsq= 4.6e-33 (cf 1e-12) rel = 1 (cf 0) restarts = 0 iters= 7
ACTION: g,h,f = 0.00000000000000e+00  -9.39716311851326e+01  2.23250022046222e+03  2.13852858927709e+03
DG = 0.000000e+00, DH = -9.397163e+01, DF = 2.232500e+03, D = 2.138529e+03
GFTIME:   time = 1.808405e-02 (Symanzik1) mflops = 3.248915e+03
Long-link path coefficient = -0.041667
Long-link path coefficient = -0.041667
Long-link path coefficient = -0.041667
Long-link path coefficient = -0.041667
Combined fattening and long-link calculation time: 0.004575
FLTIME: time = 1.006389e-02 (HISQ D) mflops = 2.417579e+03
CONGRAD5: time = 1.094818e-03 (multicg_offset D) masses = 9 iters = 13 mflops = 6.109946e+03
 OK converged final_rsq= 2.6e-13 (cf 1e-12) rel = 1 (cf 0) restarts = 0 iters= 13
CONGRAD5: time = 1.041889e-03 (multicg_offset D) masses = 7 iters = 13 mflops = 6.276598e+03
 OK converged final_rsq= 1.4e-13 (cf 1e-12) rel = 1 (cf 0) restarts = 0 iters= 13
CONGRAD5: time = 1.049995e-03 (multicg_offset D) masses = 7 iters = 13 mflops = 6.228141e+03
 OK converged final_rsq= 1.4e-13 (cf 1e-12) rel = 1 (cf 0) restarts = 0 iters= 13
CONGRAD5: time = 1.065016e-03 (multicg_offset D) masses = 7 iters = 13 mflops = 6.140303e+03
 OK converged final_rsq= 1.2e-13 (cf 1e-12) rel = 1 (cf 0) restarts = 0 iters= 13
Calling fn_fermion_force_multi_hisq_wrapper_mx_cpu
FFTIME:  time = 1.998482e-01 (HISQ D) terms = 30 flops/site = 2152598 mflops = 4.136128e+03
GFTIME:   time = 1.816797e-02 (Symanzik1) mflops = 3.233907e+03
GFTIME:   time = 1.811790e-02 (Symanzik1) mflops = 3.242844e+03
GFTIME:   time = 1.813316e-02 (Symanzik1) mflops = 3.240115e+03
GFTIME:   time = 1.812506e-02 (Symanzik1) mflops = 3.241564e+03
Long-link path coefficient = -0.041667
Long-link path coefficient = -0.041667
Long-link path coefficient = -0.041667
Long-link path coefficient = -0.041667
Combined fattening and long-link calculation time: 0.004592
FLTIME: time = 1.001191e-02 (HISQ D) mflops = 2.430129e+03
CONGRAD5: time = 1.187086e-03 (multicg_offset D) masses = 9 iters = 14 mflops = 6.068507e+03
 OK converged final_rsq= 5.7e-13 (cf 1e-12) rel = 1 (cf 0) restarts = 0 iters= 14
CONGRAD5: time = 1.117945e-03 (multicg_offset D) masses = 7 iters = 14 mflops = 6.299560e+03
 OK converged final_rsq= 3.2e-13 (cf 1e-12) rel = 1 (cf 0) restarts = 0 iters= 14
CONGRAD5: time = 1.142025e-03 (multicg_offset D) masses = 7 iters = 14 mflops = 6.166730e+03
 OK converged final_rsq= 2.9e-13 (cf 1e-12) rel = 1 (cf 0) restarts = 0 iters= 14
CONGRAD5: time = 1.119137e-03 (multicg_offset D) masses = 7 iters = 14 mflops = 6.292850e+03
 OK converged final_rsq= 2e-13 (cf 1e-12) rel = 1 (cf 0) restarts = 0 iters= 14
Calling fn_fermion_force_multi_hisq_wrapper_mx_cpu
FFTIME:  time = 1.880422e-01 (HISQ D) terms = 30 flops/site = 2152598 mflops = 4.395810e+03
GFTIME:   time = 1.817989e-02 (Symanzik1) mflops = 3.231787e+03
GFTIME:   time = 1.813102e-02 (Symanzik1) mflops = 3.240499e+03
Long-link path coefficient = -0.041667
Long-link path coefficient = -0.041667
Long-link path coefficient = -0.041667
Long-link path coefficient = -0.041667
Combined fattening and long-link calculation time: 0.004575
FLTIME: time = 9.984016e-03 (HISQ D) mflops = 2.436919e+03
CONGRAD5: time = 1.370907e-03 (multicg_offset D) masses = 9 iters = 16 mflops = 6.005485e+03
 OK converged final_rsq= 5.3e-14 (cf 1e-12) rel = 1 (cf 0) restarts = 0 iters= 16
CONGRAD5: time = 1.284838e-03 (multicg_offset D) masses = 7 iters = 16 mflops = 6.264324e+03
 OK converged final_rsq= 2e-14 (cf 1e-12) rel = 1 (cf 0) restarts = 0 iters= 16
CONGRAD5: time = 1.286983e-03 (multicg_offset D) masses = 7 iters = 16 mflops = 6.253880e+03
 OK converged final_rsq= 2.1e-14 (cf 1e-12) rel = 1 (cf 0) restarts = 0 iters= 16
CONGRAD5: time = 1.203060e-03 (multicg_offset D) masses = 7 iters = 15 mflops = 6.272006e+03
 OK converged final_rsq= 9.3e-13 (cf 1e-12) rel = 1 (cf 0) restarts = 0 iters= 15
Calling fn_fermion_force_multi_hisq_wrapper_mx_cpu
FFTIME:  time = 1.882882e-01 (HISQ D) terms = 30 flops/site = 2152598 mflops = 4.390066e+03
GFTIME:   time = 1.818013e-02 (Symanzik1) mflops = 3.231744e+03
GFTIME:   time = 1.811218e-02 (Symanzik1) mflops = 3.243868e+03
GFTIME:   time = 1.811099e-02 (Symanzik1) mflops = 3.244082e+03
GFTIME:   time = 1.809812e-02 (Symanzik1) mflops = 3.246390e+03
Long-link path coefficient = -0.041667
Long-link path coefficient = -0.041667
Long-link path coefficient = -0.041667
Long-link path coefficient = -0.041667
Combined fattening and long-link calculation time: 0.004729
FLTIME: time = 1.013899e-02 (HISQ D) mflops = 2.399671e+03
CONGRAD5: time = 1.423120e-03 (multicg_offset D) masses = 9 iters = 16 mflops = 5.785146e+03
 OK converged final_rsq= 2.5e-13 (cf 1e-12) rel = 1 (cf 0) restarts = 0 iters= 16
CONGRAD5: time = 1.299143e-03 (multicg_offset D) masses = 7 iters = 16 mflops = 6.195346e+03
 OK converged final_rsq= 9.9e-14 (cf 1e-12) rel = 1 (cf 0) restarts = 0 iters= 16
CONGRAD5: time = 1.287937e-03 (multicg_offset D) masses = 7 iters = 16 mflops = 6.249249e+03
 OK converged final_rsq= 1e-13 (cf 1e-12) rel = 1 (cf 0) restarts = 0 iters= 16
CONGRAD5: time = 1.294136e-03 (multicg_offset D) masses = 7 iters = 16 mflops = 6.219315e+03
 OK converged final_rsq= 1e-13 (cf 1e-12) rel = 1 (cf 0) restarts = 0 iters= 16
Calling fn_fermion_force_multi_hisq_wrapper_mx_cpu
FFTIME:  time = 1.884449e-01 (HISQ D) terms = 30 flops/site = 2152598 mflops = 4.386417e+03
GFTIME:   time = 1.820993e-02 (Symanzik1) mflops = 3.226455e+03
GFTIME:   time = 1.817799e-02 (Symanzik1) mflops = 3.232126e+03
Long-link path coefficient = -0.041667
Long-link path coefficient = -0.041667
Long-link path coefficient = -0.041667
Long-link path coefficient = -0.041667
Combined fattening and long-link calculation time: 0.004590
FLTIME: time = 9.999990e-03 (HISQ D) mflops = 2.433026e+03
CONGRAD5: time = 1.364946e-03 (multicg_offset D) masses = 9 iters = 16 mflops = 6.031710e+03
 OK converged final_rsq= 5.6e-13 (cf 1e-12) rel = 1 (cf 0) restarts = 0 iters= 16
CONGRAD5: time = 1.293182e-03 (multicg_offset D) masses = 7 iters = 16 mflops = 6.223902e+03
 OK converged final_rsq= 2.2e-13 (cf 1e-12) rel = 1 (cf 0) restarts = 0 iters= 16
CONGRAD5: time = 1.288176e-03 (multicg_offset D) masses = 7 iters = 16 mflops = 6.248092e+03
 OK converged final_rsq= 2.3e-13 (cf 1e-12) rel = 1 (cf 0) restarts = 0 iters= 16
CONGRAD5: time = 1.357794e-03 (multicg_offset D) masses = 7 iters = 16 mflops = 5.927734e+03
 OK converged final_rsq= 2.3e-13 (cf 1e-12) rel = 1 (cf 0) restarts = 0 iters= 16
Calling fn_fermion_force_multi_hisq_wrapper_mx_cpu
FFTIME:  time = 1.877220e-01 (HISQ D) terms = 30 flops/site = 2152598 mflops = 4.403308e+03
GFTIME:   time = 1.822805e-02 (Symanzik1) mflops = 3.223248e+03
GFTIME:   time = 1.814413e-02 (Symanzik1) mflops = 3.238157e+03
GFTIME:   time = 1.815605e-02 (Symanzik1) mflops = 3.236030e+03
GFTIME:   time = 1.814413e-02 (Symanzik1) mflops = 3.238157e+03
Long-link path coefficient = -0.041667
Long-link path coefficient = -0.041667
Long-link path coefficient = -0.041667
Long-link path coefficient = -0.041667
Combined fattening and long-link calculation time: 0.004593
FLTIME: time = 9.985924e-03 (HISQ D) mflops = 2.436454e+03
CONGRAD5: time = 1.453876e-03 (multicg_offset D) masses = 9 iters = 17 mflops = 6.016687e+03
 OK converged final_rsq= 1.2e-13 (cf 1e-12) rel = 1 (cf 0) restarts = 0 iters= 17
CONGRAD5: time = 1.286030e-03 (multicg_offset D) masses = 7 iters = 16 mflops = 6.258517e+03
 OK converged final_rsq= 6.2e-13 (cf 1e-12) rel = 1 (cf 0) restarts = 0 iters= 16
CONGRAD5: time = 1.286983e-03 (multicg_offset D) masses = 7 iters = 16 mflops = 6.253880e+03
 OK converged final_rsq= 6.4e-13 (cf 1e-12) rel = 1 (cf 0) restarts = 0 iters= 16
CONGRAD5: time = 1.295090e-03 (multicg_offset D) masses = 7 iters = 16 mflops = 6.214735e+03
 OK converged final_rsq= 6.3e-13 (cf 1e-12) rel = 1 (cf 0) restarts = 0 iters= 16
Calling fn_fermion_force_multi_hisq_wrapper_mx_cpu
FFTIME:  time = 1.877999e-01 (HISQ D) terms = 30 flops/site = 2152598 mflops = 4.401480e+03
GFTIME:   time = 1.818919e-02 (Symanzik1) mflops = 3.230134e+03
GFTIME:   time = 1.813698e-02 (Symanzik1) mflops = 3.239434e+03
Long-link path coefficient = -0.041667
Long-link path coefficient = -0.041667
Long-link path coefficient = -0.041667
Long-link path coefficient = -0.041667
Combined fattening and long-link calculation time: 0.004592
FLTIME: time = 1.001692e-02 (HISQ D) mflops = 2.428915e+03
CONGRAD5: time = 1.461983e-03 (multicg_offset D) masses = 9 iters = 17 mflops = 5.983327e+03
 OK converged final_rsq= 2.5e-13 (cf 1e-12) rel = 1 (cf 0) restarts = 0 iters= 17
CONGRAD5: time = 1.379013e-03 (multicg_offset D) masses = 7 iters = 17 mflops = 6.201305e+03
 OK converged final_rsq= 1.1e-13 (cf 1e-12) rel = 1 (cf 0) restarts = 0 iters= 17
CONGRAD5: time = 1.372099e-03 (multicg_offset D) masses = 7 iters = 17 mflops = 6.232554e+03
 OK converged final_rsq= 9.8e-14 (cf 1e-12) rel = 1 (cf 0) restarts = 0 iters= 17
CONGRAD5: time = 1.379013e-03 (multicg_offset D) masses = 7 iters = 17 mflops = 6.201305e+03
 OK converged final_rsq= 8.8e-14 (cf 1e-12) rel = 1 (cf 0) restarts = 0 iters= 17
Calling fn_fermion_force_multi_hisq_wrapper_mx_cpu
FFTIME:  time = 1.882482e-01 (HISQ D) terms = 30 flops/site = 2152598 mflops = 4.391000e+03
GFTIME:   time = 1.815605e-02 (Symanzik1) mflops = 3.236030e+03
GFTIME:   time = 1.810312e-02 (Symanzik1) mflops = 3.245492e+03
GFTIME:   time = 1.810789e-02 (Symanzik1) mflops = 3.244637e+03
GFTIME:   time = 1.810884e-02 (Symanzik1) mflops = 3.244466e+03
Long-link path coefficient = -0.041667
Long-link path coefficient = -0.041667
Long-link path coefficient = -0.041667
Long-link path coefficient = -0.041667
Combined fattening and long-link calculation time: 0.004585
FLTIME: time = 1.000381e-02 (HISQ D) mflops = 2.432099e+03
CONGRAD5: time = 1.452923e-03 (multicg_offset D) masses = 9 iters = 17 mflops = 6.020636e+03
 OK converged final_rsq= 6.4e-13 (cf 1e-12) rel = 1 (cf 0) restarts = 0 iters= 17
CONGRAD5: time = 1.371861e-03 (multicg_offset D) masses = 7 iters = 17 mflops = 6.233637e+03
 OK converged final_rsq= 2.7e-13 (cf 1e-12) rel = 1 (cf 0) restarts = 0 iters= 17
CONGRAD5: time = 1.378059e-03 (multicg_offset D) masses = 7 iters = 17 mflops = 6.205596e+03
 OK converged final_rsq= 2.5e-13 (cf 1e-12) rel = 1 (cf 0) restarts = 0 iters= 17
CONGRAD5: time = 1.370907e-03 (multicg_offset D) masses = 7 iters = 17 mflops = 6.237973e+03
 OK converged final_rsq= 2.2e-13 (cf 1e-12) rel = 1 (cf 0) restarts = 0 iters= 17
Calling fn_fermion_force_multi_hisq_wrapper_mx_cpu
FFTIME:  time = 1.879649e-01 (HISQ D) terms = 30 flops/site = 2152598 mflops = 4.397617e+03
GFTIME:   time = 1.829600e-02 (Symanzik1) mflops = 3.211277e+03
GFTIME:   time = 1.815987e-02 (Symanzik1) mflops = 3.235351e+03
Long-link path coefficient = -0.041667
Long-link path coefficient = -0.041667
Long-link path coefficient = -0.041667
Long-link path coefficient = -0.041667
Combined fattening and long-link calculation time: 0.004597
FLTIME: time = 1.000881e-02 (HISQ D) mflops = 2.430882e+03
CONGRAD5: time = 1.549006e-03 (multicg_offset D) masses = 9 iters = 18 mflops = 5.979372e+03
 OK converged final_rsq= 3.3e-13 (cf 1e-12) rel = 1 (cf 0) restarts = 0 iters= 18
CONGRAD5: time = 1.368046e-03 (multicg_offset D) masses = 7 iters = 17 mflops = 6.251019e+03
 OK converged final_rsq= 4.8e-13 (cf 1e-12) rel = 1 (cf 0) restarts = 0 iters= 17
CONGRAD5: time = 1.369953e-03 (multicg_offset D) masses = 7 iters = 17 mflops = 6.242316e+03
 OK converged final_rsq= 4.3e-13 (cf 1e-12) rel = 1 (cf 0) restarts = 0 iters= 17
CONGRAD5: time = 1.379013e-03 (multicg_offset D) masses = 7 iters = 17 mflops = 6.201305e+03
 OK converged final_rsq= 3.8e-13 (cf 1e-12) rel = 1 (cf 0) restarts = 0 iters= 17
Calling fn_fermion_force_multi_hisq_wrapper_mx_cpu
FFTIME:  time = 1.876948e-01 (HISQ D) terms = 30 flops/site = 2152598 mflops = 4.403946e+03
GFTIME:   time = 1.815486e-02 (Symanzik1) mflops = 3.236243e+03
GFTIME:   time = 1.808906e-02 (Symanzik1) mflops = 3.248016e+03
GFTIME:   time = 1.808786e-02 (Symanzik1) mflops = 3.248230e+03
GFTIME:   time = 1.809096e-02 (Symanzik1) mflops = 3.247673e+03
Long-link path coefficient = -0.041667
Long-link path coefficient = -0.041667
Long-link path coefficient = -0.041667
Long-link path coefficient = -0.041667
Combined fattening and long-link calculation time: 0.004591
FLTIME: time = 9.974957e-03 (HISQ D) mflops = 2.439132e+03
CONGRAD5: time = 1.549959e-03 (multicg_offset D) masses = 9 iters = 18 mflops = 5.975693e+03
 OK converged final_rsq= 7.7e-13 (cf 1e-12) rel = 1 (cf 0) restarts = 0 iters= 18
CONGRAD5: time = 1.461983e-03 (multicg_offset D) masses = 7 iters = 18 mflops = 6.193452e+03
 OK converged final_rsq= 3.5e-13 (cf 1e-12) rel = 1 (cf 0) restarts = 0 iters= 18
CONGRAD5: time = 1.376152e-03 (multicg_offset D) masses = 7 iters = 17 mflops = 6.214197e+03
 OK converged final_rsq= 9.1e-13 (cf 1e-12) rel = 1 (cf 0) restarts = 0 iters= 17
CONGRAD5: time = 1.425028e-03 (multicg_offset D) masses = 7 iters = 17 mflops = 6.001062e+03
 OK converged final_rsq= 7.9e-13 (cf 1e-12) rel = 1 (cf 0) restarts = 0 iters= 17
Calling fn_fermion_force_multi_hisq_wrapper_mx_cpu
FFTIME:  time = 1.879420e-01 (HISQ D) terms = 30 flops/site = 2152598 mflops = 4.398152e+03
GFTIME:   time = 1.820707e-02 (Symanzik1) mflops = 3.226962e+03
PLAQUETTE ACTION: -1.447239e+04
Long-link path coefficient = -0.041667
Long-link path coefficient = -0.041667
Long-link path coefficient = -0.041667
Long-link path coefficient = -0.041667
Combined fattening and long-link calculation time: 0.004585
FLTIME: time = 9.990931e-03 (HISQ D) mflops = 2.435233e+03
CONGRAD5: time = 1.726866e-03 (multicg_offset D) masses = 11 iters = 19 mflops = 5.788244e+03
 OK converged final_rsq= 3.3e-13 (cf 1e-12) rel = 1 (cf 0) restarts = 0 iters= 19
CONGRAD5: time = 1.545906e-03 (multicg_offset D) masses = 9 iters = 18 mflops = 5.991360e+03
 OK converged final_rsq= 4.6e-13 (cf 1e-12) rel = 1 (cf 0) restarts = 0 iters= 18
CONGRAD5: time = 1.538992e-03 (multicg_offset D) masses = 9 iters = 18 mflops = 6.018277e+03
 OK converged final_rsq= 3.9e-13 (cf 1e-12) rel = 1 (cf 0) restarts = 0 iters= 18
CONGRAD5: time = 1.557827e-03 (multicg_offset D) masses = 9 iters = 18 mflops = 5.945513e+03
 OK converged final_rsq= 2.6e-13 (cf 1e-12) rel = 1 (cf 0) restarts = 0 iters= 18
ACTION: g,h,f = 2.26203632076536e+03  -2.36446710004827e+03  2.24092423121984e+03  2.13849345193693e+03
DG = 2.262036e+03, DH = -2.270495e+03, DF = 8.424011e+00, D = -3.513734e-02
ACCEPT: delta S = -3.513734e-02
PLAQ:	2.5496711840942945	2.5433724912716253
P_LOOP:	2.498800e+00	-3.479444e-03
G_LOOP:  0  0  4   	2.5579221959584681e+00	( 0 1 7 6  )
G_LOOP:  0  1  4   	2.5332494456859722e+00	( 0 2 7 5  )
G_LOOP:  0  2  4   	2.5356932094433495e+00	( 0 3 7 4  )
G_LOOP:  0  3  4   	2.5578419106384507e+00	( 1 2 6 5  )
G_LOOP:  0  4  4   	2.5609072993950095e+00	( 1 3 6 4  )
G_LOOP:  0  5  4   	2.5335169649765183e+00	( 2 3 5 4  )
G_LOOP:  1  0  6   	2.3666031840656290e+00	( 0 0 1 7 7 6  )
G_LOOP:  1  1  6   	2.3053980597487596e+00	( 0 0 2 7 7 5  )
G_LOOP:  1  2  6   	2.3148469099947238e+00	( 0 0 3 7 7 4  )
G_LOOP:  1  3  6   	2.3398365323609833e+00	( 1 1 0 6 6 7  )
G_LOOP:  1  4  6   	2.3215939080640466e+00	( 1 1 2 6 6 5  )
G_LOOP:  1  5  6   	2.3549476483618101e+00	( 1 1 3 6 6 4  )
G_LOOP:  1  6  6   	2.2911512494042978e+00	( 2 2 0 5 5 7  )
G_LOOP:  1  7  6   	2.3324206490361803e+00	( 2 2 1 5 5 6  )
G_LOOP:  1  8  6   	2.3197477726489359e+00	( 2 2 3 5 5 4  )
G_LOOP:  1  9  6   	2.3248303793988874e+00	( 3 3 0 4 4 7  )
G_LOOP:  1  10  6   	2.3345134222065562e+00	( 3 3 1 4 4 6  )
G_LOOP:  1  11  6   	2.3037388504141632e+00	( 3 3 2 4 4 5  )
G_LOOP:  2  0  6   	2.3366871425150708e+00	( 0 1 2 7 6 5  )
G_LOOP:  2  1  6   	2.3329322696479742e+00	( 0 1 5 7 6 2  )
G_LOOP:  2  2  6   	2.3393055014073911e+00	( 0 6 2 7 1 5  )
G_LOOP:  2  3  6   	2.3231217544746205e+00	( 0 6 5 7 1 2  )
G_LOOP:  2  4  6   	2.3394212993717804e+00	( 0 1 3 7 6 4  )
G_LOOP:  2  5  6   	2.3462493697876874e+00	( 0 1 4 7 6 3  )
G_LOOP:  2  6  6   	2.3465296532828996e+00	( 0 6 3 7 1 4  )
G_LOOP:  2  7  6   	2.3426482984306780e+00	( 0 6 4 7 1 3  )
G_LOOP:  2  8  6   	2.2980540363149817e+00	( 0 2 3 7 5 4  )
G_LOOP:  2  9  6   	2.3016597863512183e+00	( 0 2 4 7 5 3  )
G_LOOP:  2  10  6   	2.3161896364840784e+00	( 0 5 3 7 2 4  )
G_LOOP:  2  11  6   	2.3265332122995814e+00	( 0 5 4 7 2 3  )
G_LOOP:  2  12  6   	2.3600772904697682e+00	( 1 2 3 6 5 4  )
G_LOOP:  2  13  6   	2.3241081564976862e+00	( 1 2 4 6 5 3  )
G_LOOP:  2  14  6   	2.3331670426275983e+00	( 1 5 3 6 2 4  )
G_LOOP:  2  15  6   	2.3142245037094145e+00	( 1 5 4 6 2 3  )
GACTION: 2.388130e+00
CONGRAD5: time = 1.702070e-03 (fn D) masses = 1 iters = 23 mflops = 6.159313e+03
 OK converged final_rsq= 8.4e-17 (cf 1e-16) rel = 1 (cf 0) restarts = 1 iters= 23
CONGRAD5: time = 7.879734e-04 (fn D) masses = 1 iters = 10 mflops = 5.784561e+03
 OK converged final_rsq= 2.6e-17 (cf 1e-16) rel = 1 (cf 0) restarts = 1 iters= 10
PBP: mass 1.800000e-03     5.743732e-02  -5.458829e-02  2.513840e-02  2.513840e-02 ( 1 of 1 )
FACTION: mass = 1.800000e-03,  1.463309e+00 ( 1 of 1 )
CONGRAD5: time = 1.693010e-03 (fn D) masses = 1 iters = 23 mflops = 6.192274e+03
 OK converged final_rsq= 8.2e-17 (cf 1e-16) rel = 1 (cf 0) restarts = 1 iters= 23
CONGRAD5: time = 5.900860e-04 (fn D) masses = 1 iters = 7 mflops = 5.407104e+03
 OK converged final_rsq= 3.4e-17 (cf 1e-16) rel = 1 (cf 0) restarts = 1 iters= 7
PBP: mass 1.800000e-02     4.543189e-02  -1.710590e-02  -1.297536e-02  -1.297536e-02 ( 1 of 1 )
FACTION: mass = 1.800000e-02,  1.562093e+00 ( 1 of 1 )
RUNNING COMPLETED
average cg iters for step= 6.300000e+01
Time = 2.669884e+00 seconds
total_iters = 835


get_i(0): EOF on input.
About to call QUDA_FINALIZE
exit: Fri Jan 31 12:05:20 2014

