SU3 with improved KS action
Microcanonical simulation with refreshing
Rational function hybrid Monte Carlo algorithm
MIMD version 7.7.10-a8
Machine = Scalar processor, with 1 nodes
Host(0) = feynman.chpc.utah.edu
Username = u0731948
start: Fri Jan 31 11:56:19 2014

Options selected...
Generic double precision
C_GLOBAL_INLINE
HALF_MIXED
DBLSTORE_FN
D_FN_GATHER13
FEWSUMS
KS_MULTICG=HYBRID
KS_MULTIFF=FNMAT
VECLENGTH=4
INT_ALG=INT_3G1F
HISQ_REUNIT_ALLOW_SVD
HISQ_REUNIT_SVD_REL_ERROR = 1e-08
HISQ_REUNIT_SVD_ABS_ERROR = 1e-08
HISQ_FORCE_FILTER = 5e-05
HISQ_FF_MULTI_WRAPPER is ON
type 0 for no prompts, 1 for prompts, or 2 for proofreading
nx 6
ny 4
nz 6
nt 12
iseed 86658
n_pseudo 4
load_rhmc_params rationals.sample.su3_rhmc_hisq
beta 7.4
n_dyn_masses 2
dyn_mass 0.0018 0.018 
dyn_flavors 2 1 
u0 0.89
n_pseudo 4
Loading rational function parameters for phi field 0
naik_term_epsilon 0
# New rational function
# Approximation bounds are [1.000000e-15,9.000000e+01]
# Precision of arithmetic is 75
# Degree of the approximation is (9,9)
# Approximating the function (x+4*0.001800^2)^(2/4) (x+4*0.018000^2)^(1/4) (x+4*0.200000^2)^(-3/4) (x+4*1.000000^2)^(0/4)
# Converged at 2193 iterations, error = 7.142803e-07
# Rational function for MD
y_MD -2 -1 3 0 
z_MD 4 4 4 4 
m_MD 0.0018 0.018 0.2 1 
order_MD 9
Loading order 9 rational function approximation for MD:
f(x) = (x+4*0.001800^2)^(-2/4) (x+4*0.018000^2)^(-1/4)
       (x+4*0.200000^2)^(3/4) (x+4*1.000000^2)^(0/4)
res_MD 1
res_MD 0.00204485
res_MD 0.00290467
res_MD 0.00501695
res_MD 0.00952897
res_MD 0.0212092
res_MD 0.0199943
res_MD 0.0226512
res_MD 0.0237042
res_MD 0.0126097
pole_MD 99.9
pole_MD 1.43113e-05
pole_MD 2.87352e-05
pole_MD 8.40811e-05
pole_MD 0.000281161
pole_MD 0.000954202
pole_MD 0.0029716
pole_MD 0.0107592
pole_MD 0.036199
pole_MD 0.0989838
# CHECK: f(1.000000e-15) = 3.703701e+02 = 6.085806e+01?
# New rational function
# Approximation bounds are [1.000000e-15,9.000000e+01]
# Precision of arithmetic is 75
# Degree of the approximation is (11,11)
# Approximating the function (x+4*0.001800^2)^(2/8) (x+4*0.018000^2)^(1/8) (x+4*0.200000^2)^(-3/8) (x+4*1.000000^2)^(0/8)
# Converged at 1854 iterations, error = 2.609214e-08
# Rational function for GR
y_GR 2 1 -3 0 
z_GR 8 8 8 8 
m_GR 0.0018 0.018 0.2 1 
order_GR 11
Loading order 11 rational function approximation for GR:
f(x) = (x+4*0.001800^2)^(2/8) (x+4*0.018000^2)^(1/8)
       (x+4*0.200000^2)^(-3/8) (x+4*1.000000^2)^(0/8)
res_GR 1
res_GR -6.1182e-08
res_GR -3.19729e-07
res_GR -1.28897e-06
res_GR -4.91642e-06
res_GR -1.78857e-05
res_GR -8.96491e-05
res_GR -0.000423832
res_GR -0.00175458
res_GR -0.00654152
res_GR -0.0192293
res_GR -0.0317711
pole_GR 99.9
pole_GR 1.60773e-05
pole_GR 3.10382e-05
pole_GR 7.66803e-05
pole_GR 0.000210211
pole_GR 0.000600022
pole_GR 0.00186906
pole_GR 0.00519622
pole_GR 0.0143729
pole_GR 0.0377859
pole_GR 0.0865726
pole_GR 0.146356
# CHECK: f(1.000000e-15) = 5.196153e-02 = 1.281861e-01?
# Rational function for FA
y_FA -2 -1 3 0 
z_FA 8 8 8 8 
m_FA 0.0018 0.018 0.2 1 
order_FA 11
Loading order 11 rational function approximation for FA:
f(x) = (x+4*0.001800^2)^(-2/8) (x+4*0.018000^2)^(-1/8)
       (x+4*0.200000^2)^(3/8) (x+4*1.000000^2)^(0/8)
res_FA 1
res_FA 3.67927e-05
res_FA 8.34287e-05
res_FA 0.000179646
res_FA 0.000397614
res_FA 0.000916432
res_FA 0.00260832
res_FA 0.00468862
res_FA 0.00831646
res_FA 0.0138142
res_FA 0.0178882
res_FA 0.0109047
pole_FA 99.9
pole_FA 1.45263e-05
pole_FA 2.55335e-05
pole_FA 6.03301e-05
pole_FA 0.000162506
pole_FA 0.000460594
pole_FA 0.00131886
pole_FA 0.00353418
pole_FA 0.00984542
pole_FA 0.0265604
pole_FA 0.0650361
pole_FA 0.126233
Loading rational function parameters for phi field 1
# CHECK: f(1.000000e-15) = 1.924501e+01 = 7.801158e+00?
naik_term_epsilon 0
# New rational function
# Approximation bounds are [1.000000e-15,9.000000e+01]
# Precision of arithmetic is 65
# Degree of the approximation is (7,7)
# Approximating the function (x+4*0.200000^2)^(1/4) (x+4*1.000000^2)^(0/4) (x+4*1.000000^2)^(0/4) (x+4*1.000000^2)^(0/4)
# Converged at 327 iterations, error = 2.398230e-07
# Rational function for MD
y_MD -1 0 0 0 
z_MD 4 4 4 4 
m_MD 0.2 1 1 1 
order_MD 7
Loading order 7 rational function approximation for MD:
f(x) = (x+4*0.200000^2)^(-1/4) (x+4*1.000000^2)^(0/4)
       (x+4*1.000000^2)^(0/4) (x+4*1.000000^2)^(0/4)
res_MD 0.14923
res_MD 0.046061
res_MD 0.1138
res_MD 0.274536
res_MD 0.687619
res_MD 1.83201
res_MD 5.87481
res_MD 38.0862
pole_MD 99.9
pole_MD 0.185283
pole_MD 0.375399
pole_MD 1.05812
pole_MD 3.40313
pole_MD 11.7405
pole_MD 45.73
pole_MD 283.916
# CHECK: f(1.000000e-15) = 1.581138e+00 = 1.581139e+00?
# New rational function
# Approximation bounds are [1.000000e-15,9.000000e+01]
# Precision of arithmetic is 65
# Degree of the approximation is (9,9)
# Approximating the function (x+4*0.200000^2)^(1/8) (x+4*1.000000^2)^(0/8) (x+4*1.000000^2)^(0/8) (x+4*1.000000^2)^(0/8)
# Converged at 422 iterations, error = 1.700228e-09
# Rational function for GR
y_GR 1 0 0 0 
z_GR 8 8 8 8 
m_GR 0.2 1 1 1 
order_GR 9
Loading order 9 rational function approximation for GR:
f(x) = (x+4*0.200000^2)^(1/8) (x+4*1.000000^2)^(0/8)
       (x+4*1.000000^2)^(0/8) (x+4*1.000000^2)^(0/8)
res_GR 2.73277
res_GR -0.00512886
res_GR -0.0204789
res_GR -0.0639514
res_GR -0.192686
res_GR -0.585195
res_GR -1.85803
res_GR -6.68946
res_GR -34.4017
res_GR -617.898
pole_GR 99.9
pole_GR 0.186425
pole_GR 0.315826
pole_GR 0.679106
pole_GR 1.64209
pole_GR 4.20254
pole_GR 11.2153
pole_GR 32.0724
pole_GR 110.326
pole_GR 764.415
# CHECK: f(1.000000e-15) = 7.952707e-01 = 7.952707e-01?
# Rational function for FA
y_FA -1 0 0 0 
z_FA 8 8 8 8 
m_FA 0.2 1 1 1 
order_FA 9
Loading order 9 rational function approximation for FA:
f(x) = (x+4*0.200000^2)^(-1/8) (x+4*1.000000^2)^(0/8)
       (x+4*1.000000^2)^(0/8) (x+4*1.000000^2)^(0/8)
res_FA 0.365929
res_FA 0.0109316
res_FA 0.0292903
res_FA 0.0678756
res_FA 0.157093
res_FA 0.370027
res_FA 0.906451
res_FA 2.45234
res_FA 8.71503
res_FA 75.8971
pole_FA 99.9
pole_FA 0.178875
pole_FA 0.290944
pole_FA 0.612037
pole_FA 1.46486
pole_FA 3.72845
pole_FA 9.8933
pole_FA 27.9493
pole_FA 92.735
pole_FA 546.062
Loading rational function parameters for phi field 2
# CHECK: f(1.000000e-15) = 1.257433e+00 = 1.257433e+00?
naik_term_epsilon 0
# New rational function
# Approximation bounds are [1.000000e-15,9.000000e+01]
# Precision of arithmetic is 65
# Degree of the approximation is (7,7)
# Approximating the function (x+4*0.200000^2)^(1/4) (x+4*1.000000^2)^(0/4) (x+4*1.000000^2)^(0/4) (x+4*1.000000^2)^(0/4)
# Converged at 327 iterations, error = 2.398230e-07
# Rational function for MD
y_MD -1 0 0 0 
z_MD 4 4 4 4 
m_MD 0.2 1 1 1 
order_MD 7
Loading order 7 rational function approximation for MD:
f(x) = (x+4*0.200000^2)^(-1/4) (x+4*1.000000^2)^(0/4)
       (x+4*1.000000^2)^(0/4) (x+4*1.000000^2)^(0/4)
res_MD 0.14923
res_MD 0.046061
res_MD 0.1138
res_MD 0.274536
res_MD 0.687619
res_MD 1.83201
res_MD 5.87481
res_MD 38.0862
pole_MD 99.9
pole_MD 0.185283
pole_MD 0.375399
pole_MD 1.05812
pole_MD 3.40313
pole_MD 11.7405
pole_MD 45.73
pole_MD 283.916
# CHECK: f(1.000000e-15) = 1.581138e+00 = 1.581139e+00?
# New rational function
# Approximation bounds are [1.000000e-15,9.000000e+01]
# Precision of arithmetic is 65
# Degree of the approximation is (9,9)
# Approximating the function (x+4*0.200000^2)^(1/8) (x+4*1.000000^2)^(0/8) (x+4*1.000000^2)^(0/8) (x+4*1.000000^2)^(0/8)
# Converged at 422 iterations, error = 1.700228e-09
# Rational function for GR
y_GR 1 0 0 0 
z_GR 8 8 8 8 
m_GR 0.2 1 1 1 
order_GR 9
Loading order 9 rational function approximation for GR:
f(x) = (x+4*0.200000^2)^(1/8) (x+4*1.000000^2)^(0/8)
       (x+4*1.000000^2)^(0/8) (x+4*1.000000^2)^(0/8)
res_GR 2.73277
res_GR -0.00512886
res_GR -0.0204789
res_GR -0.0639514
res_GR -0.192686
res_GR -0.585195
res_GR -1.85803
res_GR -6.68946
res_GR -34.4017
res_GR -617.898
pole_GR 99.9
pole_GR 0.186425
pole_GR 0.315826
pole_GR 0.679106
pole_GR 1.64209
pole_GR 4.20254
pole_GR 11.2153
pole_GR 32.0724
pole_GR 110.326
pole_GR 764.415
# CHECK: f(1.000000e-15) = 7.952707e-01 = 7.952707e-01?
# Rational function for FA
y_FA -1 0 0 0 
z_FA 8 8 8 8 
m_FA 0.2 1 1 1 
order_FA 9
Loading order 9 rational function approximation for FA:
f(x) = (x+4*0.200000^2)^(-1/8) (x+4*1.000000^2)^(0/8)
       (x+4*1.000000^2)^(0/8) (x+4*1.000000^2)^(0/8)
res_FA 0.365929
res_FA 0.0109316
res_FA 0.0292903
res_FA 0.0678756
res_FA 0.157093
res_FA 0.370027
res_FA 0.906451
res_FA 2.45234
res_FA 8.71503
res_FA 75.8971
pole_FA 99.9
pole_FA 0.178875
pole_FA 0.290944
pole_FA 0.612037
pole_FA 1.46486
pole_FA 3.72845
pole_FA 9.8933
pole_FA 27.9493
pole_FA 92.735
pole_FA 546.062
Loading rational function parameters for phi field 3
# CHECK: f(1.000000e-15) = 1.257433e+00 = 1.257433e+00?
# New rational function
# Approximation bounds are [1.000000e-15,9.000000e+01]
# Precision of arithmetic is 65
# Degree of the approximation is (7,7)
# Approximating the function (x+4*0.200000^2)^(1/4) (x+4*1.000000^2)^(0/4) (x+4*1.000000^2)^(0/4) (x+4*1.000000^2)^(0/4)
# Converged at 327 iterations, error = 2.398230e-07
naik_term_epsilon 0
# Rational function for MD
y_MD -1 0 0 0 
z_MD 4 4 4 4 
m_MD 0.2 1 1 1 
order_MD 7
Loading order 7 rational function approximation for MD:
f(x) = (x+4*0.200000^2)^(-1/4) (x+4*1.000000^2)^(0/4)
       (x+4*1.000000^2)^(0/4) (x+4*1.000000^2)^(0/4)
res_MD 0.14923
res_MD 0.046061
res_MD 0.1138
res_MD 0.274536
res_MD 0.687619
res_MD 1.83201
res_MD 5.87481
res_MD 38.0862
pole_MD 99.9
pole_MD 0.185283
pole_MD 0.375399
pole_MD 1.05812
pole_MD 3.40313
pole_MD 11.7405
pole_MD 45.73
pole_MD 283.916
# CHECK: f(1.000000e-15) = 1.581138e+00 = 1.581139e+00?
# New rational function
# Approximation bounds are [1.000000e-15,9.000000e+01]
# Precision of arithmetic is 65
# Degree of the approximation is (9,9)
# Approximating the function (x+4*0.200000^2)^(1/8) (x+4*1.000000^2)^(0/8) (x+4*1.000000^2)^(0/8) (x+4*1.000000^2)^(0/8)
# Converged at 422 iterations, error = 1.700228e-09
# Rational function for GR
y_GR 1 0 0 0 
z_GR 8 8 8 8 
m_GR 0.2 1 1 1 
order_GR 9
Loading order 9 rational function approximation for GR:
f(x) = (x+4*0.200000^2)^(1/8) (x+4*1.000000^2)^(0/8)
       (x+4*1.000000^2)^(0/8) (x+4*1.000000^2)^(0/8)
res_GR 2.73277
res_GR -0.00512886
res_GR -0.0204789
res_GR -0.0639514
res_GR -0.192686
res_GR -0.585195
res_GR -1.85803
res_GR -6.68946
res_GR -34.4017
res_GR -617.898
pole_GR 99.9
pole_GR 0.186425
pole_GR 0.315826
pole_GR 0.679106
pole_GR 1.64209
pole_GR 4.20254
pole_GR 11.2153
pole_GR 32.0724
pole_GR 110.326
pole_GR 764.415
# CHECK: f(1.000000e-15) = 7.952707e-01 = 7.952707e-01?
# Rational function for FA
y_FA -1 0 0 0 
z_FA 8 8 8 8 
m_FA 0.2 1 1 1 
order_FA 9
Loading order 9 rational function approximation for FA:
f(x) = (x+4*0.200000^2)^(-1/8) (x+4*1.000000^2)^(0/8)
       (x+4*1.000000^2)^(0/8) (x+4*1.000000^2)^(0/8)
res_FA 0.365929
res_FA 0.0109316
res_FA 0.0292903
res_FA 0.0678756
res_FA 0.157093
res_FA 0.370027
res_FA 0.906451
res_FA 2.45234
res_FA 8.71503
res_FA 75.8971
pole_FA 99.9
pole_FA 0.178875
pole_FA 0.290944
pole_FA 0.612037
pole_FA 1.46486
pole_FA 3.72845
pole_FA 9.8933
pole_FA 27.9493
pole_FA 92.735
pole_FA 546.062
Maximum rational func order is 11
Naik term correction structure of multi_x:
n_naiks 1
n_pseudo_naik[0]=4
n_orders_naik[0]=30
eps_naik[0]=0.000000
n_order_naik_total 30
LAYOUT = Hypercubes, options = with fixed node_geometry
ON EACH NODE 6 x 4 x 6 x 12
Mallocing 3.7 MBytes per node for lattice
Made lattice
Made nn gathers
Made 3nn gathers
Finished setup


warms 0
trajecs 1
traj_between_meas 1
microcanonical_time_step 0.02
steps_per_trajectory 10
cgresid_md_fa_gr 1e-08 1e-08 1e-08 
max_multicg_md_fa_gr 2500 2500 2500 
cgprec_md_fa_gr 2 2 2 
cgresid_md_fa_gr 1e-08 1e-08 1e-08 
max_multicg_md_fa_gr 2500 2500 2500 
cgprec_md_fa_gr 2 2 2 
cgresid_md_fa_gr 1e-08 1e-08 1e-08 
max_multicg_md_fa_gr 2500 2500 2500 
cgprec_md_fa_gr 2 2 2 
cgresid_md_fa_gr 1e-08 1e-08 1e-08 
max_multicg_md_fa_gr 2500 2500 2500 
cgprec_md_fa_gr 2 2 2 
prec_ff 2
number_of_pbp_masses 2
max_cg_prop 500
max_cg_prop_restarts 5
npbp_reps 1
prec_pbp 2
mass 0.0018
naik_term_epsilon 0
error_for_propagator 1e-08
rel_error_for_propagator 0
mass 0.018
naik_term_epsilon 0
error_for_propagator 1e-08
rel_error_for_propagator 0
fresh 
forget 
unit gauge configuration loaded
CHECK PLAQ: 3.0000000000000000e+00 3.0000000000000000e+00
CHECK NERSC LINKTR: 1.0000000000000000e+00 CKSUM: 0
Reunitarized for double precision. Max deviation 0.00e+00 changed to 0.00e+00
Time to check unitarity = 9.238720e-04
"Fat 7 (level 1)"
path coefficients: npath  path_coeff
                    0      1.250000e-01
                    1      -6.250000e-02
                    2      1.562500e-02
                    3      -2.604167e-03
Unitarization method = UNITARIZE_ANALYTIC
Unitarizaton group = U(3)
"Fat7 + 2xLepage"
path coefficients: npath  path_coeff
                    0      1.000000e+00
                    1      -4.166667e-02
                    2      -6.250000e-02
                    3      1.562500e-02
                    4      -2.604167e-03
                    5      -1.250000e-01
"1-link + Naik"
path coefficients: npath  path_coeff
                    0      1.250000e-01
                    1      -4.166667e-02
MAKING PATH TABLES
Long-link path coefficient = -0.041667
Long-link path coefficient = -0.041667
Long-link path coefficient = -0.041667
Long-link path coefficient = -0.041667
Combined fattening and long-link calculation time: 0.021703
FLTIME: time = 4.700208e-02 (HISQ D) mflops = 2.329388e+03
Symanzik 1x1 + 1x2 + 1x1x1 action with HISQ quark loops
gauge_action: total_dyn_flavors = 3
loop coefficients: nloop rep loop_coeff  multiplicity
                    0 0      1.000000e+00     6
                    1 0      -4.181006e-02     12
                    2 0      5.149203e-04     16
WARMUPS COMPLETED
Omelyan integration, 3 gauge for one 1 fermion step, steps= 10 eps= 2.000000e-02 alpha= 1.000000e-01 beta= 1.000000e-01
GRSOURCE: sum = 2.5294021101e+03
CONGRAD5: time = 7.312059e-03 (multicg_offset D) masses = 11 iters = 17 mflops = 5.503938e+03
 OK converged final_rsq= 1.3e-13 (cf 1e-12) rel = 1 (cf 0) restarts = 0 iters= 17
GRSOURCE: sum = 2.6664810929e+03
CONGRAD5: time = 6.583929e-03 (multicg_offset D) masses = 9 iters = 17 mflops = 5.978776e+03
 OK converged final_rsq= 2.3e-14 (cf 1e-12) rel = 1 (cf 0) restarts = 0 iters= 17
GRSOURCE: sum = 2.6246833579e+03
CONGRAD5: time = 6.581068e-03 (multicg_offset D) masses = 9 iters = 17 mflops = 5.981376e+03
 OK converged final_rsq= 2.1e-14 (cf 1e-12) rel = 1 (cf 0) restarts = 0 iters= 17
GRSOURCE: sum = 2.6315335782e+03
CONGRAD5: time = 6.564140e-03 (multicg_offset D) masses = 9 iters = 17 mflops = 5.996801e+03
 OK converged final_rsq= 2.1e-14 (cf 1e-12) rel = 1 (cf 0) restarts = 0 iters= 17
PLAQUETTE ACTION: -7.672320e+04
CONGRAD5: time = 7.073879e-03 (multicg_offset D) masses = 11 iters = 17 mflops = 5.689257e+03
 OK converged final_rsq= 1.3e-13 (cf 1e-12) rel = 1 (cf 0) restarts = 0 iters= 17
CONGRAD5: time = 6.579876e-03 (multicg_offset D) masses = 9 iters = 17 mflops = 5.982459e+03
 OK converged final_rsq= 2.4e-14 (cf 1e-12) rel = 1 (cf 0) restarts = 0 iters= 17
CONGRAD5: time = 6.565094e-03 (multicg_offset D) masses = 9 iters = 17 mflops = 5.995929e+03
 OK converged final_rsq= 2.3e-14 (cf 1e-12) rel = 1 (cf 0) restarts = 0 iters= 17
CONGRAD5: time = 6.578922e-03 (multicg_offset D) masses = 9 iters = 17 mflops = 5.983327e+03
 OK converged final_rsq= 2.3e-14 (cf 1e-12) rel = 1 (cf 0) restarts = 0 iters= 17
ACTION: g,h,f = 0.00000000000000e+00  -2.01471808587800e+02  1.04521001389995e+04  1.02506283304117e+04
DG = 0.000000e+00, DH = -2.014718e+02, DF = 1.045210e+04, D = 1.025063e+04
GFTIME:   time = 8.508110e-02 (Symanzik1) mflops = 3.107516e+03
Long-link path coefficient = -0.041667
Long-link path coefficient = -0.041667
Long-link path coefficient = -0.041667
Long-link path coefficient = -0.041667
Combined fattening and long-link calculation time: 0.021190
FLTIME: time = 4.683995e-02 (HISQ D) mflops = 2.337451e+03
CONGRAD5: time = 1.109004e-02 (multicg_offset D) masses = 9 iters = 28 mflops = 5.846197e+03
 OK converged final_rsq= 9e-14 (cf 1e-12) rel = 1 (cf 0) restarts = 0 iters= 28
CONGRAD5: time = 8.575916e-03 (multicg_offset D) masses = 7 iters = 23 mflops = 6.071029e+03
 OK converged final_rsq= 3.6e-13 (cf 1e-12) rel = 1 (cf 0) restarts = 0 iters= 23
CONGRAD5: time = 8.610010e-03 (multicg_offset D) masses = 7 iters = 23 mflops = 6.046989e+03
 OK converged final_rsq= 3.6e-13 (cf 1e-12) rel = 1 (cf 0) restarts = 0 iters= 23
CONGRAD5: time = 8.619070e-03 (multicg_offset D) masses = 7 iters = 23 mflops = 6.040633e+03
 OK converged final_rsq= 3.2e-13 (cf 1e-12) rel = 1 (cf 0) restarts = 0 iters= 23
Calling fn_fermion_force_multi_hisq_wrapper_mx_cpu
FFTIME:  time = 9.008808e-01 (HISQ D) terms = 30 flops/site = 2152598 mflops = 4.128947e+03
GFTIME:   time = 8.518600e-02 (Symanzik1) mflops = 3.103690e+03
GFTIME:   time = 8.500600e-02 (Symanzik1) mflops = 3.110262e+03
GFTIME:   time = 8.484912e-02 (Symanzik1) mflops = 3.116012e+03
GFTIME:   time = 8.486891e-02 (Symanzik1) mflops = 3.115286e+03
Long-link path coefficient = -0.041667
Long-link path coefficient = -0.041667
Long-link path coefficient = -0.041667
Long-link path coefficient = -0.041667
Combined fattening and long-link calculation time: 0.021168
FLTIME: time = 4.689503e-02 (HISQ D) mflops = 2.334706e+03
CONGRAD5: time = 1.233506e-02 (multicg_offset D) masses = 9 iters = 31 mflops = 5.819275e+03
 OK converged final_rsq= 4.3e-13 (cf 1e-12) rel = 1 (cf 0) restarts = 0 iters= 31
CONGRAD5: time = 1.008201e-02 (multicg_offset D) masses = 7 iters = 27 mflops = 6.062222e+03
 OK converged final_rsq= 4.1e-13 (cf 1e-12) rel = 1 (cf 0) restarts = 0 iters= 27
CONGRAD5: time = 1.005101e-02 (multicg_offset D) masses = 7 iters = 27 mflops = 6.080916e+03
 OK converged final_rsq= 4.5e-13 (cf 1e-12) rel = 1 (cf 0) restarts = 0 iters= 27
CONGRAD5: time = 1.005888e-02 (multicg_offset D) masses = 7 iters = 27 mflops = 6.076160e+03
 OK converged final_rsq= 4.5e-13 (cf 1e-12) rel = 1 (cf 0) restarts = 0 iters= 27
Calling fn_fermion_force_multi_hisq_wrapper_mx_cpu
FFTIME:  time = 8.879390e-01 (HISQ D) terms = 30 flops/site = 2152598 mflops = 4.189127e+03
GFTIME:   time = 8.517599e-02 (Symanzik1) mflops = 3.104054e+03
GFTIME:   time = 8.480501e-02 (Symanzik1) mflops = 3.117633e+03
Long-link path coefficient = -0.041667
Long-link path coefficient = -0.041667
Long-link path coefficient = -0.041667
Long-link path coefficient = -0.041667
Combined fattening and long-link calculation time: 0.021156
FLTIME: time = 4.686880e-02 (HISQ D) mflops = 2.336012e+03
CONGRAD5: time = 1.410794e-02 (multicg_offset D) masses = 9 iters = 35 mflops = 5.744509e+03
 OK converged final_rsq= 2.9e-13 (cf 1e-12) rel = 1 (cf 0) restarts = 0 iters= 35
CONGRAD5: time = 1.043701e-02 (multicg_offset D) masses = 7 iters = 28 mflops = 6.072911e+03
 OK converged final_rsq= 2.5e-13 (cf 1e-12) rel = 1 (cf 0) restarts = 0 iters= 28
CONGRAD5: time = 1.047492e-02 (multicg_offset D) masses = 7 iters = 28 mflops = 6.050933e+03
 OK converged final_rsq= 3.1e-13 (cf 1e-12) rel = 1 (cf 0) restarts = 0 iters= 28
CONGRAD5: time = 1.044011e-02 (multicg_offset D) masses = 7 iters = 28 mflops = 6.071108e+03
 OK converged final_rsq= 3.3e-13 (cf 1e-12) rel = 1 (cf 0) restarts = 0 iters= 28
Calling fn_fermion_force_multi_hisq_wrapper_mx_cpu
FFTIME:  time = 8.879359e-01 (HISQ D) terms = 30 flops/site = 2152598 mflops = 4.189142e+03
GFTIME:   time = 8.513713e-02 (Symanzik1) mflops = 3.105471e+03
GFTIME:   time = 8.481693e-02 (Symanzik1) mflops = 3.117195e+03
GFTIME:   time = 8.488488e-02 (Symanzik1) mflops = 3.114700e+03
GFTIME:   time = 8.481908e-02 (Symanzik1) mflops = 3.117116e+03
Long-link path coefficient = -0.041667
Long-link path coefficient = -0.041667
Long-link path coefficient = -0.041667
Long-link path coefficient = -0.041667
Combined fattening and long-link calculation time: 0.021160
FLTIME: time = 4.686213e-02 (HISQ D) mflops = 2.336345e+03
CONGRAD5: time = 1.441693e-02 (multicg_offset D) masses = 9 iters = 36 mflops = 5.782001e+03
 OK converged final_rsq= 3.9e-13 (cf 1e-12) rel = 1 (cf 0) restarts = 0 iters= 36
CONGRAD5: time = 1.124692e-02 (multicg_offset D) masses = 7 iters = 30 mflops = 6.038133e+03
 OK converged final_rsq= 8.3e-13 (cf 1e-12) rel = 1 (cf 0) restarts = 0 iters= 30
CONGRAD5: time = 1.120806e-02 (multicg_offset D) masses = 7 iters = 30 mflops = 6.059070e+03
 OK converged final_rsq= 5.9e-13 (cf 1e-12) rel = 1 (cf 0) restarts = 0 iters= 30
CONGRAD5: time = 1.120591e-02 (multicg_offset D) masses = 7 iters = 30 mflops = 6.060230e+03
 OK converged final_rsq= 5.2e-13 (cf 1e-12) rel = 1 (cf 0) restarts = 0 iters= 30
Calling fn_fermion_force_multi_hisq_wrapper_mx_cpu
FFTIME:  time = 8.887479e-01 (HISQ D) terms = 30 flops/site = 2152598 mflops = 4.185314e+03
GFTIME:   time = 8.514786e-02 (Symanzik1) mflops = 3.105080e+03
GFTIME:   time = 8.485508e-02 (Symanzik1) mflops = 3.115794e+03
Long-link path coefficient = -0.041667
Long-link path coefficient = -0.041667
Long-link path coefficient = -0.041667
Long-link path coefficient = -0.041667
Combined fattening and long-link calculation time: 0.021159
FLTIME: time = 4.686403e-02 (HISQ D) mflops = 2.336250e+03
CONGRAD5: time = 1.490402e-02 (multicg_offset D) masses = 9 iters = 37 mflops = 5.748397e+03
 OK converged final_rsq= 4.2e-13 (cf 1e-12) rel = 1 (cf 0) restarts = 0 iters= 37
CONGRAD5: time = 1.235604e-02 (multicg_offset D) masses = 7 iters = 33 mflops = 6.045741e+03
 OK converged final_rsq= 5.1e-13 (cf 1e-12) rel = 1 (cf 0) restarts = 0 iters= 33
CONGRAD5: time = 1.235580e-02 (multicg_offset D) masses = 7 iters = 33 mflops = 6.045858e+03
 OK converged final_rsq= 5.3e-13 (cf 1e-12) rel = 1 (cf 0) restarts = 0 iters= 33
CONGRAD5: time = 1.236796e-02 (multicg_offset D) masses = 7 iters = 33 mflops = 6.039914e+03
 OK converged final_rsq= 5.3e-13 (cf 1e-12) rel = 1 (cf 0) restarts = 0 iters= 33
Calling fn_fermion_force_multi_hisq_wrapper_mx_cpu
FFTIME:  time = 8.887720e-01 (HISQ D) terms = 30 flops/site = 2152598 mflops = 4.185201e+03
GFTIME:   time = 8.512187e-02 (Symanzik1) mflops = 3.106028e+03
GFTIME:   time = 8.480000e-02 (Symanzik1) mflops = 3.117817e+03
GFTIME:   time = 8.481908e-02 (Symanzik1) mflops = 3.117116e+03
GFTIME:   time = 8.481002e-02 (Symanzik1) mflops = 3.117449e+03
Long-link path coefficient = -0.041667
Long-link path coefficient = -0.041667
Long-link path coefficient = -0.041667
Long-link path coefficient = -0.041667
Combined fattening and long-link calculation time: 0.021161
FLTIME: time = 4.685998e-02 (HISQ D) mflops = 2.336452e+03
CONGRAD5: time = 1.644015e-02 (multicg_offset D) masses = 9 iters = 41 mflops = 5.774662e+03
 OK converged final_rsq= 9.1e-13 (cf 1e-12) rel = 1 (cf 0) restarts = 0 iters= 41
CONGRAD5: time = 1.280212e-02 (multicg_offset D) masses = 7 iters = 34 mflops = 6.011902e+03
 OK converged final_rsq= 2.2e-13 (cf 1e-12) rel = 1 (cf 0) restarts = 0 iters= 34
CONGRAD5: time = 1.276684e-02 (multicg_offset D) masses = 7 iters = 34 mflops = 6.028519e+03
 OK converged final_rsq= 2.3e-13 (cf 1e-12) rel = 1 (cf 0) restarts = 0 iters= 34
CONGRAD5: time = 1.278996e-02 (multicg_offset D) masses = 7 iters = 34 mflops = 6.017618e+03
 OK converged final_rsq= 2.2e-13 (cf 1e-12) rel = 1 (cf 0) restarts = 0 iters= 34
Calling fn_fermion_force_multi_hisq_wrapper_mx_cpu
FFTIME:  time = 8.894620e-01 (HISQ D) terms = 30 flops/site = 2152598 mflops = 4.181954e+03
GFTIME:   time = 8.516097e-02 (Symanzik1) mflops = 3.104602e+03
GFTIME:   time = 8.479810e-02 (Symanzik1) mflops = 3.117887e+03
Long-link path coefficient = -0.041667
Long-link path coefficient = -0.041667
Long-link path coefficient = -0.041667
Long-link path coefficient = -0.041667
Combined fattening and long-link calculation time: 0.021194
FLTIME: time = 4.690099e-02 (HISQ D) mflops = 2.334409e+03
CONGRAD5: time = 1.695204e-02 (multicg_offset D) masses = 9 iters = 42 mflops = 5.736882e+03
 OK converged final_rsq= 6.9e-13 (cf 1e-12) rel = 1 (cf 0) restarts = 0 iters= 42
CONGRAD5: time = 1.275802e-02 (multicg_offset D) masses = 7 iters = 34 mflops = 6.032687e+03
 OK converged final_rsq= 4.3e-13 (cf 1e-12) rel = 1 (cf 0) restarts = 0 iters= 34
CONGRAD5: time = 1.278996e-02 (multicg_offset D) masses = 7 iters = 34 mflops = 6.017618e+03
 OK converged final_rsq= 4.5e-13 (cf 1e-12) rel = 1 (cf 0) restarts = 0 iters= 34
CONGRAD5: time = 1.278806e-02 (multicg_offset D) masses = 7 iters = 34 mflops = 6.018515e+03
 OK converged final_rsq= 4.3e-13 (cf 1e-12) rel = 1 (cf 0) restarts = 0 iters= 34
Calling fn_fermion_force_multi_hisq_wrapper_mx_cpu
FFTIME:  time = 8.880198e-01 (HISQ D) terms = 30 flops/site = 2152598 mflops = 4.188746e+03
GFTIME:   time = 8.512998e-02 (Symanzik1) mflops = 3.105732e+03
GFTIME:   time = 8.480501e-02 (Symanzik1) mflops = 3.117633e+03
GFTIME:   time = 8.480692e-02 (Symanzik1) mflops = 3.117563e+03
GFTIME:   time = 8.483386e-02 (Symanzik1) mflops = 3.116573e+03
Long-link path coefficient = -0.041667
Long-link path coefficient = -0.041667
Long-link path coefficient = -0.041667
Long-link path coefficient = -0.041667
Combined fattening and long-link calculation time: 0.021173
FLTIME: time = 4.687500e-02 (HISQ D) mflops = 2.335703e+03
CONGRAD5: time = 1.724601e-02 (multicg_offset D) masses = 9 iters = 43 mflops = 5.773357e+03
 OK converged final_rsq= 4.8e-13 (cf 1e-12) rel = 1 (cf 0) restarts = 0 iters= 43
CONGRAD5: time = 1.318407e-02 (multicg_offset D) masses = 7 iters = 35 mflops = 6.009434e+03
 OK converged final_rsq= 2.1e-13 (cf 1e-12) rel = 1 (cf 0) restarts = 0 iters= 35
CONGRAD5: time = 1.315594e-02 (multicg_offset D) masses = 7 iters = 35 mflops = 6.022285e+03
 OK converged final_rsq= 2.1e-13 (cf 1e-12) rel = 1 (cf 0) restarts = 0 iters= 35
CONGRAD5: time = 1.318693e-02 (multicg_offset D) masses = 7 iters = 35 mflops = 6.008130e+03
 OK converged final_rsq= 1.9e-13 (cf 1e-12) rel = 1 (cf 0) restarts = 0 iters= 35
Calling fn_fermion_force_multi_hisq_wrapper_mx_cpu
FFTIME:  time = 8.931749e-01 (HISQ D) terms = 30 flops/site = 2152598 mflops = 4.164570e+03
GFTIME:   time = 8.513784e-02 (Symanzik1) mflops = 3.105445e+03
GFTIME:   time = 8.478713e-02 (Symanzik1) mflops = 3.118291e+03
Long-link path coefficient = -0.041667
Long-link path coefficient = -0.041667
Long-link path coefficient = -0.041667
Long-link path coefficient = -0.041667
Combined fattening and long-link calculation time: 0.021170
FLTIME: time = 4.701996e-02 (HISQ D) mflops = 2.328502e+03
CONGRAD5: time = 1.896501e-02 (multicg_offset D) masses = 9 iters = 47 mflops = 5.738434e+03
 OK converged final_rsq= 9.5e-13 (cf 1e-12) rel = 1 (cf 0) restarts = 0 iters= 47
CONGRAD5: time = 1.313090e-02 (multicg_offset D) masses = 7 iters = 35 mflops = 6.033766e+03
 OK converged final_rsq= 3.7e-13 (cf 1e-12) rel = 1 (cf 0) restarts = 0 iters= 35
CONGRAD5: time = 1.319814e-02 (multicg_offset D) masses = 7 iters = 35 mflops = 6.003029e+03
 OK converged final_rsq= 3.5e-13 (cf 1e-12) rel = 1 (cf 0) restarts = 0 iters= 35
CONGRAD5: time = 1.315498e-02 (multicg_offset D) masses = 7 iters = 35 mflops = 6.022721e+03
 OK converged final_rsq= 3.1e-13 (cf 1e-12) rel = 1 (cf 0) restarts = 0 iters= 35
Calling fn_fermion_force_multi_hisq_wrapper_mx_cpu
FFTIME:  time = 8.885250e-01 (HISQ D) terms = 30 flops/site = 2152598 mflops = 4.186364e+03
GFTIME:   time = 8.513689e-02 (Symanzik1) mflops = 3.105480e+03
GFTIME:   time = 8.472109e-02 (Symanzik1) mflops = 3.120721e+03
GFTIME:   time = 8.478713e-02 (Symanzik1) mflops = 3.118291e+03
GFTIME:   time = 8.477497e-02 (Symanzik1) mflops = 3.118738e+03
Long-link path coefficient = -0.041667
Long-link path coefficient = -0.041667
Long-link path coefficient = -0.041667
Long-link path coefficient = -0.041667
Combined fattening and long-link calculation time: 0.021177
FLTIME: time = 4.687691e-02 (HISQ D) mflops = 2.335608e+03
CONGRAD5: time = 1.930690e-02 (multicg_offset D) masses = 9 iters = 48 mflops = 5.756749e+03
 OK converged final_rsq= 6.1e-13 (cf 1e-12) rel = 1 (cf 0) restarts = 0 iters= 48
CONGRAD5: time = 1.310992e-02 (multicg_offset D) masses = 7 iters = 35 mflops = 6.043422e+03
 OK converged final_rsq= 8.4e-13 (cf 1e-12) rel = 1 (cf 0) restarts = 0 iters= 35
CONGRAD5: time = 1.311016e-02 (multicg_offset D) masses = 7 iters = 35 mflops = 6.043313e+03
 OK converged final_rsq= 7.6e-13 (cf 1e-12) rel = 1 (cf 0) restarts = 0 iters= 35
CONGRAD5: time = 1.312089e-02 (multicg_offset D) masses = 7 iters = 35 mflops = 6.038371e+03
 OK converged final_rsq= 6.5e-13 (cf 1e-12) rel = 1 (cf 0) restarts = 0 iters= 35
Calling fn_fermion_force_multi_hisq_wrapper_mx_cpu
FFTIME:  time = 8.901691e-01 (HISQ D) terms = 30 flops/site = 2152598 mflops = 4.178632e+03
GFTIME:   time = 8.510900e-02 (Symanzik1) mflops = 3.106498e+03
PLAQUETTE ACTION: -6.510870e+04
Long-link path coefficient = -0.041667
Long-link path coefficient = -0.041667
Long-link path coefficient = -0.041667
Long-link path coefficient = -0.041667
Combined fattening and long-link calculation time: 0.021173
FLTIME: time = 4.688120e-02 (HISQ D) mflops = 2.335394e+03
CONGRAD5: time = 2.035284e-02 (multicg_offset D) masses = 11 iters = 48 mflops = 5.583166e+03
 OK converged final_rsq= 8.5e-13 (cf 1e-12) rel = 1 (cf 0) restarts = 0 iters= 48
CONGRAD5: time = 1.565599e-02 (multicg_offset D) masses = 9 iters = 39 mflops = 5.768096e+03
 OK converged final_rsq= 3.7e-13 (cf 1e-12) rel = 1 (cf 0) restarts = 0 iters= 39
CONGRAD5: time = 1.441193e-02 (multicg_offset D) masses = 9 iters = 36 mflops = 5.784010e+03
 OK converged final_rsq= 7.6e-13 (cf 1e-12) rel = 1 (cf 0) restarts = 0 iters= 36
CONGRAD5: time = 1.401401e-02 (multicg_offset D) masses = 9 iters = 35 mflops = 5.783015e+03
 OK converged final_rsq= 9.9e-13 (cf 1e-12) rel = 1 (cf 0) restarts = 0 iters= 35
ACTION: g,h,f = 1.01885103688499e+04  -1.04256442651492e+04  1.04876043268560e+04  1.02504704305568e+04
DG = 1.018851e+04, DH = -1.022417e+04, DF = 3.550419e+01, D = -1.578999e-01
ACCEPT: delta S = -1.578999e-01
PLAQ:	2.5443759402873098	2.5473332932569592
P_LOOP:	1.802434e+00	-3.545636e-03
G_LOOP:  0  0  4   	2.5494887784499274e+00	( 0 1 7 6  )
G_LOOP:  0  1  4   	2.5381329240232877e+00	( 0 2 7 5  )
G_LOOP:  0  2  4   	2.5445474875900977e+00	( 0 3 7 4  )
G_LOOP:  0  3  4   	2.5455061183887007e+00	( 1 2 6 5  )
G_LOOP:  0  4  4   	2.5545860513451628e+00	( 1 3 6 4  )
G_LOOP:  0  5  4   	2.5428663408356025e+00	( 2 3 5 4  )
G_LOOP:  1  0  6   	2.3295158480723943e+00	( 0 0 1 7 7 6  )
G_LOOP:  1  1  6   	2.3227098334085694e+00	( 0 0 2 7 7 5  )
G_LOOP:  1  2  6   	2.3220734791983708e+00	( 0 0 3 7 7 4  )
G_LOOP:  1  3  6   	2.3246482243462681e+00	( 1 1 0 6 6 7  )
G_LOOP:  1  4  6   	2.3167918821740860e+00	( 1 1 2 6 6 5  )
G_LOOP:  1  5  6   	2.3391933873801345e+00	( 1 1 3 6 6 4  )
G_LOOP:  1  6  6   	2.3075705028672480e+00	( 2 2 0 5 5 7  )
G_LOOP:  1  7  6   	2.3152290056934977e+00	( 2 2 1 5 5 6  )
G_LOOP:  1  8  6   	2.3025839964146151e+00	( 2 2 3 5 5 4  )
G_LOOP:  1  9  6   	2.3331348153294282e+00	( 3 3 0 4 4 7  )
G_LOOP:  1  10  6   	2.3324280936107922e+00	( 3 3 1 4 4 6  )
G_LOOP:  1  11  6   	2.3199537284618881e+00	( 3 3 2 4 4 5  )
G_LOOP:  2  0  6   	2.3307592359014713e+00	( 0 1 2 7 6 5  )
G_LOOP:  2  1  6   	2.3329663514060139e+00	( 0 1 5 7 6 2  )
G_LOOP:  2  2  6   	2.3304964755312545e+00	( 0 6 2 7 1 5  )
G_LOOP:  2  3  6   	2.3305952719773244e+00	( 0 6 5 7 1 2  )
G_LOOP:  2  4  6   	2.3307597013454546e+00	( 0 1 3 7 6 4  )
G_LOOP:  2  5  6   	2.3399286774881656e+00	( 0 1 4 7 6 3  )
G_LOOP:  2  6  6   	2.3311404865535281e+00	( 0 6 3 7 1 4  )
G_LOOP:  2  7  6   	2.3338035691741408e+00	( 0 6 4 7 1 3  )
G_LOOP:  2  8  6   	2.3207352547845734e+00	( 0 2 3 7 5 4  )
G_LOOP:  2  9  6   	2.3155127116145842e+00	( 0 2 4 7 5 3  )
G_LOOP:  2  10  6   	2.3011518283558647e+00	( 0 5 3 7 2 4  )
G_LOOP:  2  11  6   	2.3182494979167232e+00	( 0 5 4 7 2 3  )
G_LOOP:  2  12  6   	2.3405812575191041e+00	( 1 2 3 6 5 4  )
G_LOOP:  2  13  6   	2.3390361770076327e+00	( 1 2 4 6 5 3  )
G_LOOP:  2  14  6   	2.3206337601112152e+00	( 1 5 3 6 2 4  )
G_LOOP:  2  15  6   	2.3244425123737398e+00	( 1 5 4 6 2 3  )
GACTION: 2.390322e+00
CONGRAD5: time = 1.909208e-02 (fn D) masses = 1 iters = 59 mflops = 6.338597e+03
 OK converged final_rsq= 3.4e-17 (cf 1e-16) rel = 1 (cf 0) restarts = 1 iters= 59
CONGRAD5: time = 6.750107e-03 (fn D) masses = 1 iters = 20 mflops = 6.077344e+03
 OK converged final_rsq= 4.2e-17 (cf 1e-16) rel = 1 (cf 0) restarts = 1 iters= 20
PBP: mass 1.800000e-03     2.612968e-02  -2.214980e-02  -1.867349e-03  -1.867350e-03 ( 1 of 1 )
FACTION: mass = 1.800000e-03,  1.500592e+00 ( 1 of 1 )
CONGRAD5: time = 1.908708e-02 (fn D) masses = 1 iters = 59 mflops = 6.340260e+03
 OK converged final_rsq= 2.8e-17 (cf 1e-16) rel = 1 (cf 0) restarts = 1 iters= 59
CONGRAD5: time = 3.907204e-03 (fn D) masses = 1 iters = 11 mflops = 5.774589e+03
 OK converged final_rsq= 9.8e-17 (cf 1e-16) rel = 1 (cf 0) restarts = 1 iters= 11
PBP: mass 1.800000e-02     4.194168e-02  -2.149790e-03  -2.671955e-02  -2.671955e-02 ( 1 of 1 )
FACTION: mass = 1.800000e-02,  1.501075e+00 ( 1 of 1 )
RUNNING COMPLETED
average cg iters for step= 1.330000e+02
Time = 1.289341e+01 seconds
total_iters = 1777


get_i(0): EOF on input.
About to call QUDA_FINALIZE
exit: Fri Jan 31 11:56:32 2014

