SU3 with improved KS action
Microcanonical simulation with refreshing
Rational function hybrid Monte Carlo algorithm
MIMD version 7.7.10-a8
Machine = Scalar processor, with 1 nodes
Host(0) = feynman.chpc.utah.edu
Username = u0731948
start: Fri Jan 31 11:51:09 2014

Options selected...
Generic double precision
C_GLOBAL_INLINE
HALF_MIXED
DBLSTORE_FN
D_FN_GATHER13
FEWSUMS
KS_MULTICG=HYBRID
KS_MULTIFF=FNMAT
VECLENGTH=4
INT_ALG=INT_3G1F
HISQ_REUNIT_ALLOW_SVD
HISQ_REUNIT_SVD_REL_ERROR = 1e-08
HISQ_REUNIT_SVD_ABS_ERROR = 1e-08
HISQ_FORCE_FILTER = 5e-05
HISQ_FF_MULTI_WRAPPER is ON
type 0 for no prompts, 1 for prompts, or 2 for proofreading
nx 4
ny 6
nz 6
nt 12
iseed 86658
n_pseudo 4
load_rhmc_params rationals.sample.su3_rhmc_hisq
beta 7.4
n_dyn_masses 2
dyn_mass 0.0018 0.018 
dyn_flavors 2 1 
u0 0.89
n_pseudo 4
Loading rational function parameters for phi field 0
naik_term_epsilon 0
# New rational function
# Approximation bounds are [1.000000e-15,9.000000e+01]
# Precision of arithmetic is 75
# Degree of the approximation is (9,9)
# Approximating the function (x+4*0.001800^2)^(2/4) (x+4*0.018000^2)^(1/4) (x+4*0.200000^2)^(-3/4) (x+4*1.000000^2)^(0/4)
# Converged at 2193 iterations, error = 7.142803e-07
# Rational function for MD
y_MD -2 -1 3 0 
z_MD 4 4 4 4 
m_MD 0.0018 0.018 0.2 1 
order_MD 9
Loading order 9 rational function approximation for MD:
f(x) = (x+4*0.001800^2)^(-2/4) (x+4*0.018000^2)^(-1/4)
       (x+4*0.200000^2)^(3/4) (x+4*1.000000^2)^(0/4)
res_MD 1
res_MD 0.00204485
res_MD 0.00290467
res_MD 0.00501695
res_MD 0.00952897
res_MD 0.0212092
res_MD 0.0199943
res_MD 0.0226512
res_MD 0.0237042
res_MD 0.0126097
pole_MD 99.9
pole_MD 1.43113e-05
pole_MD 2.87352e-05
pole_MD 8.40811e-05
pole_MD 0.000281161
pole_MD 0.000954202
pole_MD 0.0029716
pole_MD 0.0107592
pole_MD 0.036199
pole_MD 0.0989838
# CHECK: f(1.000000e-15) = 3.703701e+02 = 6.085806e+01?
# New rational function
# Approximation bounds are [1.000000e-15,9.000000e+01]
# Precision of arithmetic is 75
# Degree of the approximation is (11,11)
# Approximating the function (x+4*0.001800^2)^(2/8) (x+4*0.018000^2)^(1/8) (x+4*0.200000^2)^(-3/8) (x+4*1.000000^2)^(0/8)
# Converged at 1854 iterations, error = 2.609214e-08
# Rational function for GR
y_GR 2 1 -3 0 
z_GR 8 8 8 8 
m_GR 0.0018 0.018 0.2 1 
order_GR 11
Loading order 11 rational function approximation for GR:
f(x) = (x+4*0.001800^2)^(2/8) (x+4*0.018000^2)^(1/8)
       (x+4*0.200000^2)^(-3/8) (x+4*1.000000^2)^(0/8)
res_GR 1
res_GR -6.1182e-08
res_GR -3.19729e-07
res_GR -1.28897e-06
res_GR -4.91642e-06
res_GR -1.78857e-05
res_GR -8.96491e-05
res_GR -0.000423832
res_GR -0.00175458
res_GR -0.00654152
res_GR -0.0192293
res_GR -0.0317711
pole_GR 99.9
pole_GR 1.60773e-05
pole_GR 3.10382e-05
pole_GR 7.66803e-05
pole_GR 0.000210211
pole_GR 0.000600022
pole_GR 0.00186906
pole_GR 0.00519622
pole_GR 0.0143729
pole_GR 0.0377859
pole_GR 0.0865726
pole_GR 0.146356
# CHECK: f(1.000000e-15) = 5.196153e-02 = 1.281861e-01?
# Rational function for FA
y_FA -2 -1 3 0 
z_FA 8 8 8 8 
m_FA 0.0018 0.018 0.2 1 
order_FA 11
Loading order 11 rational function approximation for FA:
f(x) = (x+4*0.001800^2)^(-2/8) (x+4*0.018000^2)^(-1/8)
       (x+4*0.200000^2)^(3/8) (x+4*1.000000^2)^(0/8)
res_FA 1
res_FA 3.67927e-05
res_FA 8.34287e-05
res_FA 0.000179646
res_FA 0.000397614
res_FA 0.000916432
res_FA 0.00260832
res_FA 0.00468862
res_FA 0.00831646
res_FA 0.0138142
res_FA 0.0178882
res_FA 0.0109047
pole_FA 99.9
pole_FA 1.45263e-05
pole_FA 2.55335e-05
pole_FA 6.03301e-05
pole_FA 0.000162506
pole_FA 0.000460594
pole_FA 0.00131886
pole_FA 0.00353418
pole_FA 0.00984542
pole_FA 0.0265604
pole_FA 0.0650361
pole_FA 0.126233
Loading rational function parameters for phi field 1
# CHECK: f(1.000000e-15) = 1.924501e+01 = 7.801158e+00?
naik_term_epsilon 0
# New rational function
# Approximation bounds are [1.000000e-15,9.000000e+01]
# Precision of arithmetic is 65
# Degree of the approximation is (7,7)
# Approximating the function (x+4*0.200000^2)^(1/4) (x+4*1.000000^2)^(0/4) (x+4*1.000000^2)^(0/4) (x+4*1.000000^2)^(0/4)
# Converged at 327 iterations, error = 2.398230e-07
# Rational function for MD
y_MD -1 0 0 0 
z_MD 4 4 4 4 
m_MD 0.2 1 1 1 
order_MD 7
Loading order 7 rational function approximation for MD:
f(x) = (x+4*0.200000^2)^(-1/4) (x+4*1.000000^2)^(0/4)
       (x+4*1.000000^2)^(0/4) (x+4*1.000000^2)^(0/4)
res_MD 0.14923
res_MD 0.046061
res_MD 0.1138
res_MD 0.274536
res_MD 0.687619
res_MD 1.83201
res_MD 5.87481
res_MD 38.0862
pole_MD 99.9
pole_MD 0.185283
pole_MD 0.375399
pole_MD 1.05812
pole_MD 3.40313
pole_MD 11.7405
pole_MD 45.73
pole_MD 283.916
# CHECK: f(1.000000e-15) = 1.581138e+00 = 1.581139e+00?
# New rational function
# Approximation bounds are [1.000000e-15,9.000000e+01]
# Precision of arithmetic is 65
# Degree of the approximation is (9,9)
# Approximating the function (x+4*0.200000^2)^(1/8) (x+4*1.000000^2)^(0/8) (x+4*1.000000^2)^(0/8) (x+4*1.000000^2)^(0/8)
# Converged at 422 iterations, error = 1.700228e-09
# Rational function for GR
y_GR 1 0 0 0 
z_GR 8 8 8 8 
m_GR 0.2 1 1 1 
order_GR 9
Loading order 9 rational function approximation for GR:
f(x) = (x+4*0.200000^2)^(1/8) (x+4*1.000000^2)^(0/8)
       (x+4*1.000000^2)^(0/8) (x+4*1.000000^2)^(0/8)
res_GR 2.73277
res_GR -0.00512886
res_GR -0.0204789
res_GR -0.0639514
res_GR -0.192686
res_GR -0.585195
res_GR -1.85803
res_GR -6.68946
res_GR -34.4017
res_GR -617.898
pole_GR 99.9
pole_GR 0.186425
pole_GR 0.315826
pole_GR 0.679106
pole_GR 1.64209
pole_GR 4.20254
pole_GR 11.2153
pole_GR 32.0724
pole_GR 110.326
pole_GR 764.415
# CHECK: f(1.000000e-15) = 7.952707e-01 = 7.952707e-01?
# Rational function for FA
y_FA -1 0 0 0 
z_FA 8 8 8 8 
m_FA 0.2 1 1 1 
order_FA 9
Loading order 9 rational function approximation for FA:
f(x) = (x+4*0.200000^2)^(-1/8) (x+4*1.000000^2)^(0/8)
       (x+4*1.000000^2)^(0/8) (x+4*1.000000^2)^(0/8)
res_FA 0.365929
res_FA 0.0109316
res_FA 0.0292903
res_FA 0.0678756
res_FA 0.157093
res_FA 0.370027
res_FA 0.906451
res_FA 2.45234
res_FA 8.71503
res_FA 75.8971
pole_FA 99.9
pole_FA 0.178875
pole_FA 0.290944
pole_FA 0.612037
pole_FA 1.46486
pole_FA 3.72845
pole_FA 9.8933
pole_FA 27.9493
pole_FA 92.735
pole_FA 546.062
Loading rational function parameters for phi field 2
# CHECK: f(1.000000e-15) = 1.257433e+00 = 1.257433e+00?
naik_term_epsilon 0
# New rational function
# Approximation bounds are [1.000000e-15,9.000000e+01]
# Precision of arithmetic is 65
# Degree of the approximation is (7,7)
# Approximating the function (x+4*0.200000^2)^(1/4) (x+4*1.000000^2)^(0/4) (x+4*1.000000^2)^(0/4) (x+4*1.000000^2)^(0/4)
# Converged at 327 iterations, error = 2.398230e-07
# Rational function for MD
y_MD -1 0 0 0 
z_MD 4 4 4 4 
m_MD 0.2 1 1 1 
order_MD 7
Loading order 7 rational function approximation for MD:
f(x) = (x+4*0.200000^2)^(-1/4) (x+4*1.000000^2)^(0/4)
       (x+4*1.000000^2)^(0/4) (x+4*1.000000^2)^(0/4)
res_MD 0.14923
res_MD 0.046061
res_MD 0.1138
res_MD 0.274536
res_MD 0.687619
res_MD 1.83201
res_MD 5.87481
res_MD 38.0862
pole_MD 99.9
pole_MD 0.185283
pole_MD 0.375399
pole_MD 1.05812
pole_MD 3.40313
pole_MD 11.7405
pole_MD 45.73
pole_MD 283.916
# CHECK: f(1.000000e-15) = 1.581138e+00 = 1.581139e+00?
# New rational function
# Approximation bounds are [1.000000e-15,9.000000e+01]
# Precision of arithmetic is 65
# Degree of the approximation is (9,9)
# Approximating the function (x+4*0.200000^2)^(1/8) (x+4*1.000000^2)^(0/8) (x+4*1.000000^2)^(0/8) (x+4*1.000000^2)^(0/8)
# Converged at 422 iterations, error = 1.700228e-09
# Rational function for GR
y_GR 1 0 0 0 
z_GR 8 8 8 8 
m_GR 0.2 1 1 1 
order_GR 9
Loading order 9 rational function approximation for GR:
f(x) = (x+4*0.200000^2)^(1/8) (x+4*1.000000^2)^(0/8)
       (x+4*1.000000^2)^(0/8) (x+4*1.000000^2)^(0/8)
res_GR 2.73277
res_GR -0.00512886
res_GR -0.0204789
res_GR -0.0639514
res_GR -0.192686
res_GR -0.585195
res_GR -1.85803
res_GR -6.68946
res_GR -34.4017
res_GR -617.898
pole_GR 99.9
pole_GR 0.186425
pole_GR 0.315826
pole_GR 0.679106
pole_GR 1.64209
pole_GR 4.20254
pole_GR 11.2153
pole_GR 32.0724
pole_GR 110.326
pole_GR 764.415
# CHECK: f(1.000000e-15) = 7.952707e-01 = 7.952707e-01?
# Rational function for FA
y_FA -1 0 0 0 
z_FA 8 8 8 8 
m_FA 0.2 1 1 1 
order_FA 9
Loading order 9 rational function approximation for FA:
f(x) = (x+4*0.200000^2)^(-1/8) (x+4*1.000000^2)^(0/8)
       (x+4*1.000000^2)^(0/8) (x+4*1.000000^2)^(0/8)
res_FA 0.365929
res_FA 0.0109316
res_FA 0.0292903
res_FA 0.0678756
res_FA 0.157093
res_FA 0.370027
res_FA 0.906451
res_FA 2.45234
res_FA 8.71503
res_FA 75.8971
pole_FA 99.9
pole_FA 0.178875
pole_FA 0.290944
pole_FA 0.612037
pole_FA 1.46486
pole_FA 3.72845
pole_FA 9.8933
pole_FA 27.9493
pole_FA 92.735
pole_FA 546.062
Loading rational function parameters for phi field 3
# CHECK: f(1.000000e-15) = 1.257433e+00 = 1.257433e+00?
# New rational function
# Approximation bounds are [1.000000e-15,9.000000e+01]
# Precision of arithmetic is 65
# Degree of the approximation is (7,7)
# Approximating the function (x+4*0.200000^2)^(1/4) (x+4*1.000000^2)^(0/4) (x+4*1.000000^2)^(0/4) (x+4*1.000000^2)^(0/4)
# Converged at 327 iterations, error = 2.398230e-07
naik_term_epsilon 0
# Rational function for MD
y_MD -1 0 0 0 
z_MD 4 4 4 4 
m_MD 0.2 1 1 1 
order_MD 7
Loading order 7 rational function approximation for MD:
f(x) = (x+4*0.200000^2)^(-1/4) (x+4*1.000000^2)^(0/4)
       (x+4*1.000000^2)^(0/4) (x+4*1.000000^2)^(0/4)
res_MD 0.14923
res_MD 0.046061
res_MD 0.1138
res_MD 0.274536
res_MD 0.687619
res_MD 1.83201
res_MD 5.87481
res_MD 38.0862
pole_MD 99.9
pole_MD 0.185283
pole_MD 0.375399
pole_MD 1.05812
pole_MD 3.40313
pole_MD 11.7405
pole_MD 45.73
pole_MD 283.916
# CHECK: f(1.000000e-15) = 1.581138e+00 = 1.581139e+00?
# New rational function
# Approximation bounds are [1.000000e-15,9.000000e+01]
# Precision of arithmetic is 65
# Degree of the approximation is (9,9)
# Approximating the function (x+4*0.200000^2)^(1/8) (x+4*1.000000^2)^(0/8) (x+4*1.000000^2)^(0/8) (x+4*1.000000^2)^(0/8)
# Converged at 422 iterations, error = 1.700228e-09
# Rational function for GR
y_GR 1 0 0 0 
z_GR 8 8 8 8 
m_GR 0.2 1 1 1 
order_GR 9
Loading order 9 rational function approximation for GR:
f(x) = (x+4*0.200000^2)^(1/8) (x+4*1.000000^2)^(0/8)
       (x+4*1.000000^2)^(0/8) (x+4*1.000000^2)^(0/8)
res_GR 2.73277
res_GR -0.00512886
res_GR -0.0204789
res_GR -0.0639514
res_GR -0.192686
res_GR -0.585195
res_GR -1.85803
res_GR -6.68946
res_GR -34.4017
res_GR -617.898
pole_GR 99.9
pole_GR 0.186425
pole_GR 0.315826
pole_GR 0.679106
pole_GR 1.64209
pole_GR 4.20254
pole_GR 11.2153
pole_GR 32.0724
pole_GR 110.326
pole_GR 764.415
# CHECK: f(1.000000e-15) = 7.952707e-01 = 7.952707e-01?
# Rational function for FA
y_FA -1 0 0 0 
z_FA 8 8 8 8 
m_FA 0.2 1 1 1 
order_FA 9
Loading order 9 rational function approximation for FA:
f(x) = (x+4*0.200000^2)^(-1/8) (x+4*1.000000^2)^(0/8)
       (x+4*1.000000^2)^(0/8) (x+4*1.000000^2)^(0/8)
res_FA 0.365929
res_FA 0.0109316
res_FA 0.0292903
res_FA 0.0678756
res_FA 0.157093
res_FA 0.370027
res_FA 0.906451
res_FA 2.45234
res_FA 8.71503
res_FA 75.8971
pole_FA 99.9
pole_FA 0.178875
pole_FA 0.290944
pole_FA 0.612037
pole_FA 1.46486
pole_FA 3.72845
pole_FA 9.8933
pole_FA 27.9493
pole_FA 92.735
pole_FA 546.062
Maximum rational func order is 11
Naik term correction structure of multi_x:
n_naiks 1
n_pseudo_naik[0]=4
n_orders_naik[0]=30
eps_naik[0]=0.000000
n_order_naik_total 30
LAYOUT = Hypercubes, options = with fixed node_geometry
ON EACH NODE 4 x 6 x 6 x 12
Mallocing 3.7 MBytes per node for lattice
Made lattice
Made nn gathers
Made 3nn gathers
Finished setup


warms 0
trajecs 1
traj_between_meas 1
microcanonical_time_step 0.02
steps_per_trajectory 10
cgresid_md_fa_gr 1e-08 1e-08 1e-08 
max_multicg_md_fa_gr 2500 2500 2500 
cgprec_md_fa_gr 2 2 2 
cgresid_md_fa_gr 1e-08 1e-08 1e-08 
max_multicg_md_fa_gr 2500 2500 2500 
cgprec_md_fa_gr 2 2 2 
cgresid_md_fa_gr 1e-08 1e-08 1e-08 
max_multicg_md_fa_gr 2500 2500 2500 
cgprec_md_fa_gr 2 2 2 
cgresid_md_fa_gr 1e-08 1e-08 1e-08 
max_multicg_md_fa_gr 2500 2500 2500 
cgprec_md_fa_gr 2 2 2 
prec_ff 2
number_of_pbp_masses 2
max_cg_prop 500
max_cg_prop_restarts 5
npbp_reps 1
prec_pbp 2
mass 0.0018
naik_term_epsilon 0
error_for_propagator 1e-08
rel_error_for_propagator 0
mass 0.018
naik_term_epsilon 0
error_for_propagator 1e-08
rel_error_for_propagator 0
fresh 
forget 
unit gauge configuration loaded
CHECK PLAQ: 3.0000000000000000e+00 3.0000000000000000e+00
CHECK NERSC LINKTR: 1.0000000000000000e+00 CKSUM: 0
Reunitarized for double precision. Max deviation 0.00e+00 changed to 0.00e+00
Time to check unitarity = 2.496958e-03
"Fat 7 (level 1)"
path coefficients: npath  path_coeff
                    0      1.250000e-01
                    1      -6.250000e-02
                    2      1.562500e-02
                    3      -2.604167e-03
Unitarization method = UNITARIZE_ANALYTIC
Unitarizaton group = U(3)
"Fat7 + 2xLepage"
path coefficients: npath  path_coeff
                    0      1.000000e+00
                    1      -4.166667e-02
                    2      -6.250000e-02
                    3      1.562500e-02
                    4      -2.604167e-03
                    5      -1.250000e-01
"1-link + Naik"
path coefficients: npath  path_coeff
                    0      1.250000e-01
                    1      -4.166667e-02
MAKING PATH TABLES
Long-link path coefficient = -0.041667
Long-link path coefficient = -0.041667
Long-link path coefficient = -0.041667
Long-link path coefficient = -0.041667
Combined fattening and long-link calculation time: 0.021650
FLTIME: time = 4.666805e-02 (HISQ D) mflops = 2.346061e+03
Symanzik 1x1 + 1x2 + 1x1x1 action with HISQ quark loops
gauge_action: total_dyn_flavors = 3
loop coefficients: nloop rep loop_coeff  multiplicity
                    0 0      1.000000e+00     6
                    1 0      -4.181006e-02     12
                    2 0      5.149203e-04     16
WARMUPS COMPLETED
Omelyan integration, 3 gauge for one 1 fermion step, steps= 10 eps= 2.000000e-02 alpha= 1.000000e-01 beta= 1.000000e-01
GRSOURCE: sum = 2.5769919070e+03
CONGRAD5: time = 7.313967e-03 (multicg_offset D) masses = 11 iters = 17 mflops = 5.502502e+03
 OK converged final_rsq= 1.2e-13 (cf 1e-12) rel = 1 (cf 0) restarts = 0 iters= 17
GRSOURCE: sum = 2.6638533206e+03
CONGRAD5: time = 6.597042e-03 (multicg_offset D) masses = 9 iters = 17 mflops = 5.966892e+03
 OK converged final_rsq= 2.1e-14 (cf 1e-12) rel = 1 (cf 0) restarts = 0 iters= 17
GRSOURCE: sum = 2.5948146080e+03
CONGRAD5: time = 6.620169e-03 (multicg_offset D) masses = 9 iters = 17 mflops = 5.946048e+03
 OK converged final_rsq= 2.3e-14 (cf 1e-12) rel = 1 (cf 0) restarts = 0 iters= 17
GRSOURCE: sum = 2.6126278056e+03
CONGRAD5: time = 6.592035e-03 (multicg_offset D) masses = 9 iters = 17 mflops = 5.971424e+03
 OK converged final_rsq= 2.3e-14 (cf 1e-12) rel = 1 (cf 0) restarts = 0 iters= 17
PLAQUETTE ACTION: -7.672320e+04
CONGRAD5: time = 7.082939e-03 (multicg_offset D) masses = 11 iters = 17 mflops = 5.681980e+03
 OK converged final_rsq= 1.3e-13 (cf 1e-12) rel = 1 (cf 0) restarts = 0 iters= 17
CONGRAD5: time = 6.583929e-03 (multicg_offset D) masses = 9 iters = 17 mflops = 5.978776e+03
 OK converged final_rsq= 2.3e-14 (cf 1e-12) rel = 1 (cf 0) restarts = 0 iters= 17
CONGRAD5: time = 6.602049e-03 (multicg_offset D) masses = 9 iters = 17 mflops = 5.962367e+03
 OK converged final_rsq= 2.4e-14 (cf 1e-12) rel = 1 (cf 0) restarts = 0 iters= 17
CONGRAD5: time = 6.596804e-03 (multicg_offset D) masses = 9 iters = 17 mflops = 5.967108e+03
 OK converged final_rsq= 2.4e-14 (cf 1e-12) rel = 1 (cf 0) restarts = 0 iters= 17
ACTION: g,h,f = 0.00000000000000e+00  -2.01471808587799e+02  1.04482876412308e+04  1.02468158326430e+04
DG = 0.000000e+00, DH = -2.014718e+02, DF = 1.044829e+04, D = 1.024682e+04
GFTIME:   time = 8.533597e-02 (Symanzik1) mflops = 3.098235e+03
Long-link path coefficient = -0.041667
Long-link path coefficient = -0.041667
Long-link path coefficient = -0.041667
Long-link path coefficient = -0.041667
Combined fattening and long-link calculation time: 0.021253
FLTIME: time = 4.688501e-02 (HISQ D) mflops = 2.335204e+03
CONGRAD5: time = 1.114798e-02 (multicg_offset D) masses = 9 iters = 28 mflops = 5.815814e+03
 OK converged final_rsq= 8.6e-14 (cf 1e-12) rel = 1 (cf 0) restarts = 0 iters= 28
CONGRAD5: time = 8.587122e-03 (multicg_offset D) masses = 7 iters = 23 mflops = 6.063107e+03
 OK converged final_rsq= 4e-13 (cf 1e-12) rel = 1 (cf 0) restarts = 0 iters= 23
CONGRAD5: time = 8.623838e-03 (multicg_offset D) masses = 7 iters = 23 mflops = 6.037293e+03
 OK converged final_rsq= 3.4e-13 (cf 1e-12) rel = 1 (cf 0) restarts = 0 iters= 23
CONGRAD5: time = 8.662939e-03 (multicg_offset D) masses = 7 iters = 23 mflops = 6.010043e+03
 OK converged final_rsq= 2.9e-13 (cf 1e-12) rel = 1 (cf 0) restarts = 0 iters= 23
Calling fn_fermion_force_multi_hisq_wrapper_mx_cpu
FFTIME:  time = 9.016719e-01 (HISQ D) terms = 30 flops/site = 2152598 mflops = 4.125325e+03
GFTIME:   time = 8.553505e-02 (Symanzik1) mflops = 3.091024e+03
GFTIME:   time = 8.518910e-02 (Symanzik1) mflops = 3.103577e+03
GFTIME:   time = 8.521008e-02 (Symanzik1) mflops = 3.102812e+03
GFTIME:   time = 8.517694e-02 (Symanzik1) mflops = 3.104020e+03
Long-link path coefficient = -0.041667
Long-link path coefficient = -0.041667
Long-link path coefficient = -0.041667
Long-link path coefficient = -0.041667
Combined fattening and long-link calculation time: 0.021181
FLTIME: time = 4.688787e-02 (HISQ D) mflops = 2.335062e+03
CONGRAD5: time = 1.230693e-02 (multicg_offset D) masses = 9 iters = 31 mflops = 5.832578e+03
 OK converged final_rsq= 4.1e-13 (cf 1e-12) rel = 1 (cf 0) restarts = 0 iters= 31
CONGRAD5: time = 1.006198e-02 (multicg_offset D) masses = 7 iters = 27 mflops = 6.074288e+03
 OK converged final_rsq= 4.3e-13 (cf 1e-12) rel = 1 (cf 0) restarts = 0 iters= 27
CONGRAD5: time = 1.008987e-02 (multicg_offset D) masses = 7 iters = 27 mflops = 6.057495e+03
 OK converged final_rsq= 4.2e-13 (cf 1e-12) rel = 1 (cf 0) restarts = 0 iters= 27
CONGRAD5: time = 1.006889e-02 (multicg_offset D) masses = 7 iters = 27 mflops = 6.070117e+03
 OK converged final_rsq= 4e-13 (cf 1e-12) rel = 1 (cf 0) restarts = 0 iters= 27
Calling fn_fermion_force_multi_hisq_wrapper_mx_cpu
FFTIME:  time = 8.891349e-01 (HISQ D) terms = 30 flops/site = 2152598 mflops = 4.183493e+03
GFTIME:   time = 8.555102e-02 (Symanzik1) mflops = 3.090447e+03
GFTIME:   time = 8.521605e-02 (Symanzik1) mflops = 3.102595e+03
Long-link path coefficient = -0.041667
Long-link path coefficient = -0.041667
Long-link path coefficient = -0.041667
Long-link path coefficient = -0.041667
Combined fattening and long-link calculation time: 0.021184
FLTIME: time = 4.690814e-02 (HISQ D) mflops = 2.334053e+03
CONGRAD5: time = 1.399183e-02 (multicg_offset D) masses = 9 iters = 35 mflops = 5.792179e+03
 OK converged final_rsq= 2.8e-13 (cf 1e-12) rel = 1 (cf 0) restarts = 0 iters= 35
CONGRAD5: time = 1.045108e-02 (multicg_offset D) masses = 7 iters = 28 mflops = 6.064737e+03
 OK converged final_rsq= 2.7e-13 (cf 1e-12) rel = 1 (cf 0) restarts = 0 iters= 28
CONGRAD5: time = 1.045203e-02 (multicg_offset D) masses = 7 iters = 28 mflops = 6.064183e+03
 OK converged final_rsq= 2.8e-13 (cf 1e-12) rel = 1 (cf 0) restarts = 0 iters= 28
CONGRAD5: time = 1.047206e-02 (multicg_offset D) masses = 7 iters = 28 mflops = 6.052586e+03
 OK converged final_rsq= 2.4e-13 (cf 1e-12) rel = 1 (cf 0) restarts = 0 iters= 28
Calling fn_fermion_force_multi_hisq_wrapper_mx_cpu
FFTIME:  time = 8.896921e-01 (HISQ D) terms = 30 flops/site = 2152598 mflops = 4.180873e+03
GFTIME:   time = 8.551502e-02 (Symanzik1) mflops = 3.091748e+03
GFTIME:   time = 8.533812e-02 (Symanzik1) mflops = 3.098157e+03
GFTIME:   time = 8.519506e-02 (Symanzik1) mflops = 3.103359e+03
GFTIME:   time = 8.520889e-02 (Symanzik1) mflops = 3.102856e+03
Long-link path coefficient = -0.041667
Long-link path coefficient = -0.041667
Long-link path coefficient = -0.041667
Long-link path coefficient = -0.041667
Combined fattening and long-link calculation time: 0.021177
FLTIME: time = 4.690289e-02 (HISQ D) mflops = 2.334314e+03
CONGRAD5: time = 1.433206e-02 (multicg_offset D) masses = 9 iters = 36 mflops = 5.816243e+03
 OK converged final_rsq= 3.3e-13 (cf 1e-12) rel = 1 (cf 0) restarts = 0 iters= 36
CONGRAD5: time = 1.121879e-02 (multicg_offset D) masses = 7 iters = 30 mflops = 6.053275e+03
 OK converged final_rsq= 8.3e-13 (cf 1e-12) rel = 1 (cf 0) restarts = 0 iters= 30
CONGRAD5: time = 1.123786e-02 (multicg_offset D) masses = 7 iters = 30 mflops = 6.043001e+03
 OK converged final_rsq= 5.5e-13 (cf 1e-12) rel = 1 (cf 0) restarts = 0 iters= 30
CONGRAD5: time = 1.082993e-02 (multicg_offset D) masses = 7 iters = 29 mflops = 6.061604e+03
 OK converged final_rsq= 9.7e-13 (cf 1e-12) rel = 1 (cf 0) restarts = 0 iters= 29
Calling fn_fermion_force_multi_hisq_wrapper_mx_cpu
FFTIME:  time = 8.887448e-01 (HISQ D) terms = 30 flops/site = 2152598 mflops = 4.185329e+03
GFTIME:   time = 8.556199e-02 (Symanzik1) mflops = 3.090051e+03
GFTIME:   time = 8.522320e-02 (Symanzik1) mflops = 3.102335e+03
Long-link path coefficient = -0.041667
Long-link path coefficient = -0.041667
Long-link path coefficient = -0.041667
Long-link path coefficient = -0.041667
Combined fattening and long-link calculation time: 0.021209
FLTIME: time = 4.693604e-02 (HISQ D) mflops = 2.332666e+03
CONGRAD5: time = 1.434207e-02 (multicg_offset D) masses = 9 iters = 36 mflops = 5.812182e+03
 OK converged final_rsq= 9.8e-13 (cf 1e-12) rel = 1 (cf 0) restarts = 0 iters= 36
CONGRAD5: time = 1.246095e-02 (multicg_offset D) masses = 7 iters = 33 mflops = 5.994845e+03
 OK converged final_rsq= 4.8e-13 (cf 1e-12) rel = 1 (cf 0) restarts = 0 iters= 33
CONGRAD5: time = 1.236105e-02 (multicg_offset D) masses = 7 iters = 33 mflops = 6.043293e+03
 OK converged final_rsq= 4.7e-13 (cf 1e-12) rel = 1 (cf 0) restarts = 0 iters= 33
CONGRAD5: time = 1.242518e-02 (multicg_offset D) masses = 7 iters = 33 mflops = 6.012099e+03
 OK converged final_rsq= 4.4e-13 (cf 1e-12) rel = 1 (cf 0) restarts = 0 iters= 33
Calling fn_fermion_force_multi_hisq_wrapper_mx_cpu
FFTIME:  time = 8.885632e-01 (HISQ D) terms = 30 flops/site = 2152598 mflops = 4.186185e+03
GFTIME:   time = 8.552194e-02 (Symanzik1) mflops = 3.091498e+03
GFTIME:   time = 8.517885e-02 (Symanzik1) mflops = 3.103950e+03
GFTIME:   time = 8.526206e-02 (Symanzik1) mflops = 3.100921e+03
GFTIME:   time = 8.518314e-02 (Symanzik1) mflops = 3.103794e+03
Long-link path coefficient = -0.041667
Long-link path coefficient = -0.041667
Long-link path coefficient = -0.041667
Long-link path coefficient = -0.041667
Combined fattening and long-link calculation time: 0.021174
FLTIME: time = 4.690003e-02 (HISQ D) mflops = 2.334456e+03
CONGRAD5: time = 1.676989e-02 (multicg_offset D) masses = 9 iters = 42 mflops = 5.799195e+03
 OK converged final_rsq= 3.8e-13 (cf 1e-12) rel = 1 (cf 0) restarts = 0 iters= 42
CONGRAD5: time = 1.277995e-02 (multicg_offset D) masses = 7 iters = 34 mflops = 6.022333e+03
 OK converged final_rsq= 2.2e-13 (cf 1e-12) rel = 1 (cf 0) restarts = 0 iters= 34
CONGRAD5: time = 1.279187e-02 (multicg_offset D) masses = 7 iters = 34 mflops = 6.016721e+03
 OK converged final_rsq= 2.1e-13 (cf 1e-12) rel = 1 (cf 0) restarts = 0 iters= 34
CONGRAD5: time = 1.275301e-02 (multicg_offset D) masses = 7 iters = 34 mflops = 6.035055e+03
 OK converged final_rsq= 1.9e-13 (cf 1e-12) rel = 1 (cf 0) restarts = 0 iters= 34
Calling fn_fermion_force_multi_hisq_wrapper_mx_cpu
FFTIME:  time = 8.898981e-01 (HISQ D) terms = 30 flops/site = 2152598 mflops = 4.179905e+03
GFTIME:   time = 8.548093e-02 (Symanzik1) mflops = 3.092981e+03
GFTIME:   time = 8.514810e-02 (Symanzik1) mflops = 3.105071e+03
Long-link path coefficient = -0.041667
Long-link path coefficient = -0.041667
Long-link path coefficient = -0.041667
Long-link path coefficient = -0.041667
Combined fattening and long-link calculation time: 0.021181
FLTIME: time = 4.690409e-02 (HISQ D) mflops = 2.334255e+03
CONGRAD5: time = 1.681614e-02 (multicg_offset D) masses = 9 iters = 42 mflops = 5.783244e+03
 OK converged final_rsq= 7.9e-13 (cf 1e-12) rel = 1 (cf 0) restarts = 0 iters= 42
CONGRAD5: time = 1.282001e-02 (multicg_offset D) masses = 7 iters = 34 mflops = 6.003517e+03
 OK converged final_rsq= 4.3e-13 (cf 1e-12) rel = 1 (cf 0) restarts = 0 iters= 34
CONGRAD5: time = 1.274991e-02 (multicg_offset D) masses = 7 iters = 34 mflops = 6.036522e+03
 OK converged final_rsq= 4.2e-13 (cf 1e-12) rel = 1 (cf 0) restarts = 0 iters= 34
CONGRAD5: time = 1.276684e-02 (multicg_offset D) masses = 7 iters = 34 mflops = 6.028519e+03
 OK converged final_rsq= 3.6e-13 (cf 1e-12) rel = 1 (cf 0) restarts = 0 iters= 34
Calling fn_fermion_force_multi_hisq_wrapper_mx_cpu
FFTIME:  time = 8.884592e-01 (HISQ D) terms = 30 flops/site = 2152598 mflops = 4.186674e+03
GFTIME:   time = 8.553600e-02 (Symanzik1) mflops = 3.090990e+03
GFTIME:   time = 8.519888e-02 (Symanzik1) mflops = 3.103221e+03
GFTIME:   time = 8.517718e-02 (Symanzik1) mflops = 3.104011e+03
GFTIME:   time = 8.519506e-02 (Symanzik1) mflops = 3.103359e+03
Long-link path coefficient = -0.041667
Long-link path coefficient = -0.041667
Long-link path coefficient = -0.041667
Long-link path coefficient = -0.041667
Combined fattening and long-link calculation time: 0.021195
FLTIME: time = 4.693913e-02 (HISQ D) mflops = 2.332512e+03
CONGRAD5: time = 1.717687e-02 (multicg_offset D) masses = 9 iters = 43 mflops = 5.796596e+03
 OK converged final_rsq= 4.4e-13 (cf 1e-12) rel = 1 (cf 0) restarts = 0 iters= 43
CONGRAD5: time = 1.313806e-02 (multicg_offset D) masses = 7 iters = 35 mflops = 6.030481e+03
 OK converged final_rsq= 2.1e-13 (cf 1e-12) rel = 1 (cf 0) restarts = 0 iters= 35
CONGRAD5: time = 1.316905e-02 (multicg_offset D) masses = 7 iters = 35 mflops = 6.016288e+03
 OK converged final_rsq= 2.1e-13 (cf 1e-12) rel = 1 (cf 0) restarts = 0 iters= 35
CONGRAD5: time = 1.274705e-02 (multicg_offset D) masses = 7 iters = 34 mflops = 6.037877e+03
 OK converged final_rsq= 8.7e-13 (cf 1e-12) rel = 1 (cf 0) restarts = 0 iters= 34
Calling fn_fermion_force_multi_hisq_wrapper_mx_cpu
FFTIME:  time = 8.891048e-01 (HISQ D) terms = 30 flops/site = 2152598 mflops = 4.183634e+03
GFTIME:   time = 8.551288e-02 (Symanzik1) mflops = 3.091826e+03
GFTIME:   time = 8.518481e-02 (Symanzik1) mflops = 3.103733e+03
Long-link path coefficient = -0.041667
Long-link path coefficient = -0.041667
Long-link path coefficient = -0.041667
Long-link path coefficient = -0.041667
Combined fattening and long-link calculation time: 0.021187
FLTIME: time = 4.693294e-02 (HISQ D) mflops = 2.332820e+03
CONGRAD5: time = 1.760411e-02 (multicg_offset D) masses = 9 iters = 44 mflops = 5.787448e+03
 OK converged final_rsq= 7.1e-13 (cf 1e-12) rel = 1 (cf 0) restarts = 0 iters= 44
CONGRAD5: time = 1.316214e-02 (multicg_offset D) masses = 7 iters = 35 mflops = 6.019448e+03
 OK converged final_rsq= 3.8e-13 (cf 1e-12) rel = 1 (cf 0) restarts = 0 iters= 35
CONGRAD5: time = 1.313996e-02 (multicg_offset D) masses = 7 iters = 35 mflops = 6.029606e+03
 OK converged final_rsq= 3.6e-13 (cf 1e-12) rel = 1 (cf 0) restarts = 0 iters= 35
CONGRAD5: time = 1.313019e-02 (multicg_offset D) masses = 7 iters = 35 mflops = 6.034095e+03
 OK converged final_rsq= 2.9e-13 (cf 1e-12) rel = 1 (cf 0) restarts = 0 iters= 35
Calling fn_fermion_force_multi_hisq_wrapper_mx_cpu
FFTIME:  time = 8.884990e-01 (HISQ D) terms = 30 flops/site = 2152598 mflops = 4.186487e+03
GFTIME:   time = 8.556986e-02 (Symanzik1) mflops = 3.089767e+03
GFTIME:   time = 8.520889e-02 (Symanzik1) mflops = 3.102856e+03
GFTIME:   time = 8.515906e-02 (Symanzik1) mflops = 3.104671e+03
GFTIME:   time = 8.516598e-02 (Symanzik1) mflops = 3.104419e+03
Long-link path coefficient = -0.041667
Long-link path coefficient = -0.041667
Long-link path coefficient = -0.041667
Long-link path coefficient = -0.041667
Combined fattening and long-link calculation time: 0.021210
FLTIME: time = 4.695106e-02 (HISQ D) mflops = 2.331919e+03
CONGRAD5: time = 1.922488e-02 (multicg_offset D) masses = 9 iters = 48 mflops = 5.781308e+03
 OK converged final_rsq= 5.5e-13 (cf 1e-12) rel = 1 (cf 0) restarts = 0 iters= 48
CONGRAD5: time = 1.315308e-02 (multicg_offset D) masses = 7 iters = 35 mflops = 6.023595e+03
 OK converged final_rsq= 9.3e-13 (cf 1e-12) rel = 1 (cf 0) restarts = 0 iters= 35
CONGRAD5: time = 1.317000e-02 (multicg_offset D) masses = 7 iters = 35 mflops = 6.015852e+03
 OK converged final_rsq= 8.3e-13 (cf 1e-12) rel = 1 (cf 0) restarts = 0 iters= 35
CONGRAD5: time = 1.314306e-02 (multicg_offset D) masses = 7 iters = 35 mflops = 6.028184e+03
 OK converged final_rsq= 6.5e-13 (cf 1e-12) rel = 1 (cf 0) restarts = 0 iters= 35
Calling fn_fermion_force_multi_hisq_wrapper_mx_cpu
FFTIME:  time = 8.893070e-01 (HISQ D) terms = 30 flops/site = 2152598 mflops = 4.182683e+03
GFTIME:   time = 8.547115e-02 (Symanzik1) mflops = 3.093335e+03
PLAQUETTE ACTION: -6.510662e+04
Long-link path coefficient = -0.041667
Long-link path coefficient = -0.041667
Long-link path coefficient = -0.041667
Long-link path coefficient = -0.041667
Combined fattening and long-link calculation time: 0.021187
FLTIME: time = 4.691100e-02 (HISQ D) mflops = 2.333911e+03
CONGRAD5: time = 2.021408e-02 (multicg_offset D) masses = 11 iters = 48 mflops = 5.621491e+03
 OK converged final_rsq= 7.6e-13 (cf 1e-12) rel = 1 (cf 0) restarts = 0 iters= 48
CONGRAD5: time = 1.553321e-02 (multicg_offset D) masses = 9 iters = 39 mflops = 5.813691e+03
 OK converged final_rsq= 3.5e-13 (cf 1e-12) rel = 1 (cf 0) restarts = 0 iters= 39
CONGRAD5: time = 1.556802e-02 (multicg_offset D) masses = 9 iters = 39 mflops = 5.800692e+03
 OK converged final_rsq= 3.5e-13 (cf 1e-12) rel = 1 (cf 0) restarts = 0 iters= 39
CONGRAD5: time = 1.393390e-02 (multicg_offset D) masses = 9 iters = 35 mflops = 5.816262e+03
 OK converged final_rsq= 1e-12 (cf 1e-12) rel = 1 (cf 0) restarts = 0 iters= 35
ACTION: g,h,f = 1.01833500634119e+04  -1.04161626281155e+04  1.04794704580615e+04  1.02466578933579e+04
DG = 1.018335e+04, DH = -1.021469e+04, DF = 3.118282e+01, D = -1.579393e-01
ACCEPT: delta S = -1.579393e-01
PLAQ:	2.5431519308536963	2.5483941416244478
P_LOOP:	1.805256e+00	-3.103760e-03
G_LOOP:  0  0  4   	2.5456505652950745e+00	( 0 1 7 6  )
G_LOOP:  0  1  4   	2.5389603162984229e+00	( 0 2 7 5  )
G_LOOP:  0  2  4   	2.5465645631719891e+00	( 0 3 7 4  )
G_LOOP:  0  3  4   	2.5448449109676137e+00	( 1 2 6 5  )
G_LOOP:  0  4  4   	2.5555391581122202e+00	( 1 3 6 4  )
G_LOOP:  0  5  4   	2.5430787035891305e+00	( 2 3 5 4  )
G_LOOP:  1  0  6   	2.3166723233171247e+00	( 0 0 1 7 7 6  )
G_LOOP:  1  1  6   	2.3180621131001424e+00	( 0 0 2 7 7 5  )
G_LOOP:  1  2  6   	2.3242698925811109e+00	( 0 0 3 7 7 4  )
G_LOOP:  1  3  6   	2.3134258711141449e+00	( 1 1 0 6 6 7  )
G_LOOP:  1  4  6   	2.3097865522085477e+00	( 1 1 2 6 6 5  )
G_LOOP:  1  5  6   	2.3216074286998896e+00	( 1 1 3 6 6 4  )
G_LOOP:  1  6  6   	2.3077532856624865e+00	( 2 2 0 5 5 7  )
G_LOOP:  1  7  6   	2.3208713842488242e+00	( 2 2 1 5 5 6  )
G_LOOP:  1  8  6   	2.3031725162153038e+00	( 2 2 3 5 5 4  )
G_LOOP:  1  9  6   	2.3317709257433061e+00	( 3 3 0 4 4 7  )
G_LOOP:  1  10  6   	2.3373552055995557e+00	( 3 3 1 4 4 6  )
G_LOOP:  1  11  6   	2.3203689131094745e+00	( 3 3 2 4 4 5  )
G_LOOP:  2  0  6   	2.3264183093749020e+00	( 0 1 2 7 6 5  )
G_LOOP:  2  1  6   	2.3173282186252817e+00	( 0 1 5 7 6 2  )
G_LOOP:  2  2  6   	2.3289204803630117e+00	( 0 6 2 7 1 5  )
G_LOOP:  2  3  6   	2.3283023332641997e+00	( 0 6 5 7 1 2  )
G_LOOP:  2  4  6   	2.3298666238962684e+00	( 0 1 3 7 6 4  )
G_LOOP:  2  5  6   	2.3383902053225287e+00	( 0 1 4 7 6 3  )
G_LOOP:  2  6  6   	2.3263925022448007e+00	( 0 6 3 7 1 4  )
G_LOOP:  2  7  6   	2.3442530239097015e+00	( 0 6 4 7 1 3  )
G_LOOP:  2  8  6   	2.3174997384554366e+00	( 0 2 3 7 5 4  )
G_LOOP:  2  9  6   	2.3180240824346336e+00	( 0 2 4 7 5 3  )
G_LOOP:  2  10  6   	2.3082408663164586e+00	( 0 5 3 7 2 4  )
G_LOOP:  2  11  6   	2.3255882864546269e+00	( 0 5 4 7 2 3  )
G_LOOP:  2  12  6   	2.3290873549236784e+00	( 1 2 3 6 5 4  )
G_LOOP:  2  13  6   	2.3308788580277082e+00	( 1 2 4 6 5 3  )
G_LOOP:  2  14  6   	2.3323495711388138e+00	( 1 5 3 6 2 4  )
G_LOOP:  2  15  6   	2.3349527279220226e+00	( 1 5 4 6 2 3  )
GACTION: 2.389112e+00
CONGRAD5: time = 1.912904e-02 (fn D) masses = 1 iters = 59 mflops = 6.326352e+03
 OK converged final_rsq= 3.2e-17 (cf 1e-16) rel = 1 (cf 0) restarts = 1 iters= 59
CONGRAD5: time = 6.752968e-03 (fn D) masses = 1 iters = 20 mflops = 6.074769e+03
 OK converged final_rsq= 4.2e-17 (cf 1e-16) rel = 1 (cf 0) restarts = 1 iters= 20
PBP: mass 1.800000e-03     2.462011e-02  -2.077919e-02  -3.931741e-02  -3.931741e-02 ( 1 of 1 )
FACTION: mass = 1.800000e-03,  1.473047e+00 ( 1 of 1 )
CONGRAD5: time = 1.908112e-02 (fn D) masses = 1 iters = 59 mflops = 6.342240e+03
 OK converged final_rsq= 3.2e-17 (cf 1e-16) rel = 1 (cf 0) restarts = 1 iters= 59
CONGRAD5: time = 4.234076e-03 (fn D) masses = 1 iters = 12 mflops = 5.813225e+03
 OK converged final_rsq= 2.9e-17 (cf 1e-16) rel = 1 (cf 0) restarts = 1 iters= 12
PBP: mass 1.800000e-02     2.419010e-02  1.589586e-02  -2.587383e-02  -2.587383e-02 ( 1 of 1 )
FACTION: mass = 1.800000e-02,  1.501951e+00 ( 1 of 1 )
RUNNING COMPLETED
average cg iters for step= 1.320000e+02
Time = 1.290398e+01 seconds
total_iters = 1776


get_i(0): EOF on input.
About to call QUDA_FINALIZE
exit: Fri Jan 31 11:51:22 2014

