SU3 with improved KS action
Microcanonical simulation with refreshing
Rational function hybrid Monte Carlo algorithm
MIMD version 7.7.10-a8
Machine = Scalar processor, with 1 nodes
Host(0) = feynman.chpc.utah.edu
Username = u0731948
start: Fri Jan 31 11:58:11 2014

Options selected...
Generic double precision
C_GLOBAL_INLINE
HALF_MIXED
DBLSTORE_FN
D_FN_GATHER13
FEWSUMS
KS_MULTICG=HYBRID
KS_MULTIFF=FNMAT
VECLENGTH=4
INT_ALG=INT_3G1F
HISQ_REUNIT_ALLOW_SVD
HISQ_REUNIT_SVD_REL_ERROR = 1e-08
HISQ_REUNIT_SVD_ABS_ERROR = 1e-08
HISQ_FORCE_FILTER = 5e-05
HISQ_FF_MULTI_WRAPPER is ON
type 0 for no prompts, 1 for prompts, or 2 for proofreading
nx 6
ny 4
nz 6
nt 12
iseed 86658
n_pseudo 4
load_rhmc_params rationals.sample.su3_rhmc_hisq
beta 7.4
n_dyn_masses 2
dyn_mass 0.0018 0.018 
dyn_flavors 2 1 
u0 0.89
n_pseudo 4
Loading rational function parameters for phi field 0
naik_term_epsilon 0
# New rational function
# Approximation bounds are [1.000000e-15,9.000000e+01]
# Precision of arithmetic is 75
# Degree of the approximation is (9,9)
# Approximating the function (x+4*0.001800^2)^(2/4) (x+4*0.018000^2)^(1/4) (x+4*0.200000^2)^(-3/4) (x+4*1.000000^2)^(0/4)
# Converged at 2193 iterations, error = 7.142803e-07
# Rational function for MD
y_MD -2 -1 3 0 
z_MD 4 4 4 4 
m_MD 0.0018 0.018 0.2 1 
order_MD 9
Loading order 9 rational function approximation for MD:
f(x) = (x+4*0.001800^2)^(-2/4) (x+4*0.018000^2)^(-1/4)
       (x+4*0.200000^2)^(3/4) (x+4*1.000000^2)^(0/4)
res_MD 1
res_MD 0.00204485
res_MD 0.00290467
res_MD 0.00501695
res_MD 0.00952897
res_MD 0.0212092
res_MD 0.0199943
res_MD 0.0226512
res_MD 0.0237042
res_MD 0.0126097
pole_MD 99.9
pole_MD 1.43113e-05
pole_MD 2.87352e-05
pole_MD 8.40811e-05
pole_MD 0.000281161
pole_MD 0.000954202
pole_MD 0.0029716
pole_MD 0.0107592
pole_MD 0.036199
pole_MD 0.0989838
# CHECK: f(1.000000e-15) = 3.703701e+02 = 6.085806e+01?
# New rational function
# Approximation bounds are [1.000000e-15,9.000000e+01]
# Precision of arithmetic is 75
# Degree of the approximation is (11,11)
# Approximating the function (x+4*0.001800^2)^(2/8) (x+4*0.018000^2)^(1/8) (x+4*0.200000^2)^(-3/8) (x+4*1.000000^2)^(0/8)
# Converged at 1854 iterations, error = 2.609214e-08
# Rational function for GR
y_GR 2 1 -3 0 
z_GR 8 8 8 8 
m_GR 0.0018 0.018 0.2 1 
order_GR 11
Loading order 11 rational function approximation for GR:
f(x) = (x+4*0.001800^2)^(2/8) (x+4*0.018000^2)^(1/8)
       (x+4*0.200000^2)^(-3/8) (x+4*1.000000^2)^(0/8)
res_GR 1
res_GR -6.1182e-08
res_GR -3.19729e-07
res_GR -1.28897e-06
res_GR -4.91642e-06
res_GR -1.78857e-05
res_GR -8.96491e-05
res_GR -0.000423832
res_GR -0.00175458
res_GR -0.00654152
res_GR -0.0192293
res_GR -0.0317711
pole_GR 99.9
pole_GR 1.60773e-05
pole_GR 3.10382e-05
pole_GR 7.66803e-05
pole_GR 0.000210211
pole_GR 0.000600022
pole_GR 0.00186906
pole_GR 0.00519622
pole_GR 0.0143729
pole_GR 0.0377859
pole_GR 0.0865726
pole_GR 0.146356
# CHECK: f(1.000000e-15) = 5.196153e-02 = 1.281861e-01?
# Rational function for FA
y_FA -2 -1 3 0 
z_FA 8 8 8 8 
m_FA 0.0018 0.018 0.2 1 
order_FA 11
Loading order 11 rational function approximation for FA:
f(x) = (x+4*0.001800^2)^(-2/8) (x+4*0.018000^2)^(-1/8)
       (x+4*0.200000^2)^(3/8) (x+4*1.000000^2)^(0/8)
res_FA 1
res_FA 3.67927e-05
res_FA 8.34287e-05
res_FA 0.000179646
res_FA 0.000397614
res_FA 0.000916432
res_FA 0.00260832
res_FA 0.00468862
res_FA 0.00831646
res_FA 0.0138142
res_FA 0.0178882
res_FA 0.0109047
pole_FA 99.9
pole_FA 1.45263e-05
pole_FA 2.55335e-05
pole_FA 6.03301e-05
pole_FA 0.000162506
pole_FA 0.000460594
pole_FA 0.00131886
pole_FA 0.00353418
pole_FA 0.00984542
pole_FA 0.0265604
pole_FA 0.0650361
pole_FA 0.126233
Loading rational function parameters for phi field 1
# CHECK: f(1.000000e-15) = 1.924501e+01 = 7.801158e+00?
naik_term_epsilon 0
# New rational function
# Approximation bounds are [1.000000e-15,9.000000e+01]
# Precision of arithmetic is 65
# Degree of the approximation is (7,7)
# Approximating the function (x+4*0.200000^2)^(1/4) (x+4*1.000000^2)^(0/4) (x+4*1.000000^2)^(0/4) (x+4*1.000000^2)^(0/4)
# Converged at 327 iterations, error = 2.398230e-07
# Rational function for MD
y_MD -1 0 0 0 
z_MD 4 4 4 4 
m_MD 0.2 1 1 1 
order_MD 7
Loading order 7 rational function approximation for MD:
f(x) = (x+4*0.200000^2)^(-1/4) (x+4*1.000000^2)^(0/4)
       (x+4*1.000000^2)^(0/4) (x+4*1.000000^2)^(0/4)
res_MD 0.14923
res_MD 0.046061
res_MD 0.1138
res_MD 0.274536
res_MD 0.687619
res_MD 1.83201
res_MD 5.87481
res_MD 38.0862
pole_MD 99.9
pole_MD 0.185283
pole_MD 0.375399
pole_MD 1.05812
pole_MD 3.40313
pole_MD 11.7405
pole_MD 45.73
pole_MD 283.916
# CHECK: f(1.000000e-15) = 1.581138e+00 = 1.581139e+00?
# New rational function
# Approximation bounds are [1.000000e-15,9.000000e+01]
# Precision of arithmetic is 65
# Degree of the approximation is (9,9)
# Approximating the function (x+4*0.200000^2)^(1/8) (x+4*1.000000^2)^(0/8) (x+4*1.000000^2)^(0/8) (x+4*1.000000^2)^(0/8)
# Converged at 422 iterations, error = 1.700228e-09
# Rational function for GR
y_GR 1 0 0 0 
z_GR 8 8 8 8 
m_GR 0.2 1 1 1 
order_GR 9
Loading order 9 rational function approximation for GR:
f(x) = (x+4*0.200000^2)^(1/8) (x+4*1.000000^2)^(0/8)
       (x+4*1.000000^2)^(0/8) (x+4*1.000000^2)^(0/8)
res_GR 2.73277
res_GR -0.00512886
res_GR -0.0204789
res_GR -0.0639514
res_GR -0.192686
res_GR -0.585195
res_GR -1.85803
res_GR -6.68946
res_GR -34.4017
res_GR -617.898
pole_GR 99.9
pole_GR 0.186425
pole_GR 0.315826
pole_GR 0.679106
pole_GR 1.64209
pole_GR 4.20254
pole_GR 11.2153
pole_GR 32.0724
pole_GR 110.326
pole_GR 764.415
# CHECK: f(1.000000e-15) = 7.952707e-01 = 7.952707e-01?
# Rational function for FA
y_FA -1 0 0 0 
z_FA 8 8 8 8 
m_FA 0.2 1 1 1 
order_FA 9
Loading order 9 rational function approximation for FA:
f(x) = (x+4*0.200000^2)^(-1/8) (x+4*1.000000^2)^(0/8)
       (x+4*1.000000^2)^(0/8) (x+4*1.000000^2)^(0/8)
res_FA 0.365929
res_FA 0.0109316
res_FA 0.0292903
res_FA 0.0678756
res_FA 0.157093
res_FA 0.370027
res_FA 0.906451
res_FA 2.45234
res_FA 8.71503
res_FA 75.8971
pole_FA 99.9
pole_FA 0.178875
pole_FA 0.290944
pole_FA 0.612037
pole_FA 1.46486
pole_FA 3.72845
pole_FA 9.8933
pole_FA 27.9493
pole_FA 92.735
pole_FA 546.062
Loading rational function parameters for phi field 2
# CHECK: f(1.000000e-15) = 1.257433e+00 = 1.257433e+00?
naik_term_epsilon 0
# New rational function
# Approximation bounds are [1.000000e-15,9.000000e+01]
# Precision of arithmetic is 65
# Degree of the approximation is (7,7)
# Approximating the function (x+4*0.200000^2)^(1/4) (x+4*1.000000^2)^(0/4) (x+4*1.000000^2)^(0/4) (x+4*1.000000^2)^(0/4)
# Converged at 327 iterations, error = 2.398230e-07
# Rational function for MD
y_MD -1 0 0 0 
z_MD 4 4 4 4 
m_MD 0.2 1 1 1 
order_MD 7
Loading order 7 rational function approximation for MD:
f(x) = (x+4*0.200000^2)^(-1/4) (x+4*1.000000^2)^(0/4)
       (x+4*1.000000^2)^(0/4) (x+4*1.000000^2)^(0/4)
res_MD 0.14923
res_MD 0.046061
res_MD 0.1138
res_MD 0.274536
res_MD 0.687619
res_MD 1.83201
res_MD 5.87481
res_MD 38.0862
pole_MD 99.9
pole_MD 0.185283
pole_MD 0.375399
pole_MD 1.05812
pole_MD 3.40313
pole_MD 11.7405
pole_MD 45.73
pole_MD 283.916
# CHECK: f(1.000000e-15) = 1.581138e+00 = 1.581139e+00?
# New rational function
# Approximation bounds are [1.000000e-15,9.000000e+01]
# Precision of arithmetic is 65
# Degree of the approximation is (9,9)
# Approximating the function (x+4*0.200000^2)^(1/8) (x+4*1.000000^2)^(0/8) (x+4*1.000000^2)^(0/8) (x+4*1.000000^2)^(0/8)
# Converged at 422 iterations, error = 1.700228e-09
# Rational function for GR
y_GR 1 0 0 0 
z_GR 8 8 8 8 
m_GR 0.2 1 1 1 
order_GR 9
Loading order 9 rational function approximation for GR:
f(x) = (x+4*0.200000^2)^(1/8) (x+4*1.000000^2)^(0/8)
       (x+4*1.000000^2)^(0/8) (x+4*1.000000^2)^(0/8)
res_GR 2.73277
res_GR -0.00512886
res_GR -0.0204789
res_GR -0.0639514
res_GR -0.192686
res_GR -0.585195
res_GR -1.85803
res_GR -6.68946
res_GR -34.4017
res_GR -617.898
pole_GR 99.9
pole_GR 0.186425
pole_GR 0.315826
pole_GR 0.679106
pole_GR 1.64209
pole_GR 4.20254
pole_GR 11.2153
pole_GR 32.0724
pole_GR 110.326
pole_GR 764.415
# CHECK: f(1.000000e-15) = 7.952707e-01 = 7.952707e-01?
# Rational function for FA
y_FA -1 0 0 0 
z_FA 8 8 8 8 
m_FA 0.2 1 1 1 
order_FA 9
Loading order 9 rational function approximation for FA:
f(x) = (x+4*0.200000^2)^(-1/8) (x+4*1.000000^2)^(0/8)
       (x+4*1.000000^2)^(0/8) (x+4*1.000000^2)^(0/8)
res_FA 0.365929
res_FA 0.0109316
res_FA 0.0292903
res_FA 0.0678756
res_FA 0.157093
res_FA 0.370027
res_FA 0.906451
res_FA 2.45234
res_FA 8.71503
res_FA 75.8971
pole_FA 99.9
pole_FA 0.178875
pole_FA 0.290944
pole_FA 0.612037
pole_FA 1.46486
pole_FA 3.72845
pole_FA 9.8933
pole_FA 27.9493
pole_FA 92.735
pole_FA 546.062
Loading rational function parameters for phi field 3
# CHECK: f(1.000000e-15) = 1.257433e+00 = 1.257433e+00?
# New rational function
# Approximation bounds are [1.000000e-15,9.000000e+01]
# Precision of arithmetic is 65
# Degree of the approximation is (7,7)
# Approximating the function (x+4*0.200000^2)^(1/4) (x+4*1.000000^2)^(0/4) (x+4*1.000000^2)^(0/4) (x+4*1.000000^2)^(0/4)
# Converged at 327 iterations, error = 2.398230e-07
naik_term_epsilon 0
# Rational function for MD
y_MD -1 0 0 0 
z_MD 4 4 4 4 
m_MD 0.2 1 1 1 
order_MD 7
Loading order 7 rational function approximation for MD:
f(x) = (x+4*0.200000^2)^(-1/4) (x+4*1.000000^2)^(0/4)
       (x+4*1.000000^2)^(0/4) (x+4*1.000000^2)^(0/4)
res_MD 0.14923
res_MD 0.046061
res_MD 0.1138
res_MD 0.274536
res_MD 0.687619
res_MD 1.83201
res_MD 5.87481
res_MD 38.0862
pole_MD 99.9
pole_MD 0.185283
pole_MD 0.375399
pole_MD 1.05812
pole_MD 3.40313
pole_MD 11.7405
pole_MD 45.73
pole_MD 283.916
# CHECK: f(1.000000e-15) = 1.581138e+00 = 1.581139e+00?
# New rational function
# Approximation bounds are [1.000000e-15,9.000000e+01]
# Precision of arithmetic is 65
# Degree of the approximation is (9,9)
# Approximating the function (x+4*0.200000^2)^(1/8) (x+4*1.000000^2)^(0/8) (x+4*1.000000^2)^(0/8) (x+4*1.000000^2)^(0/8)
# Converged at 422 iterations, error = 1.700228e-09
# Rational function for GR
y_GR 1 0 0 0 
z_GR 8 8 8 8 
m_GR 0.2 1 1 1 
order_GR 9
Loading order 9 rational function approximation for GR:
f(x) = (x+4*0.200000^2)^(1/8) (x+4*1.000000^2)^(0/8)
       (x+4*1.000000^2)^(0/8) (x+4*1.000000^2)^(0/8)
res_GR 2.73277
res_GR -0.00512886
res_GR -0.0204789
res_GR -0.0639514
res_GR -0.192686
res_GR -0.585195
res_GR -1.85803
res_GR -6.68946
res_GR -34.4017
res_GR -617.898
pole_GR 99.9
pole_GR 0.186425
pole_GR 0.315826
pole_GR 0.679106
pole_GR 1.64209
pole_GR 4.20254
pole_GR 11.2153
pole_GR 32.0724
pole_GR 110.326
pole_GR 764.415
# CHECK: f(1.000000e-15) = 7.952707e-01 = 7.952707e-01?
# Rational function for FA
y_FA -1 0 0 0 
z_FA 8 8 8 8 
m_FA 0.2 1 1 1 
order_FA 9
Loading order 9 rational function approximation for FA:
f(x) = (x+4*0.200000^2)^(-1/8) (x+4*1.000000^2)^(0/8)
       (x+4*1.000000^2)^(0/8) (x+4*1.000000^2)^(0/8)
res_FA 0.365929
res_FA 0.0109316
res_FA 0.0292903
res_FA 0.0678756
res_FA 0.157093
res_FA 0.370027
res_FA 0.906451
res_FA 2.45234
res_FA 8.71503
res_FA 75.8971
pole_FA 99.9
pole_FA 0.178875
pole_FA 0.290944
pole_FA 0.612037
pole_FA 1.46486
pole_FA 3.72845
pole_FA 9.8933
pole_FA 27.9493
pole_FA 92.735
pole_FA 546.062
Maximum rational func order is 11
Naik term correction structure of multi_x:
n_naiks 1
n_pseudo_naik[0]=4
n_orders_naik[0]=30
eps_naik[0]=0.000000
n_order_naik_total 30
LAYOUT = Hypercubes, options = with fixed node_geometry
ON EACH NODE 6 x 4 x 6 x 12
Mallocing 3.7 MBytes per node for lattice
Made lattice
Made nn gathers
Made 3nn gathers
Finished setup


warms 0
trajecs 1
traj_between_meas 1
microcanonical_time_step 0.02
steps_per_trajectory 10
cgresid_md_fa_gr 1e-08 1e-08 1e-08 
max_multicg_md_fa_gr 2500 2500 2500 
cgprec_md_fa_gr 2 2 2 
cgresid_md_fa_gr 1e-08 1e-08 1e-08 
max_multicg_md_fa_gr 2500 2500 2500 
cgprec_md_fa_gr 2 2 2 
cgresid_md_fa_gr 1e-08 1e-08 1e-08 
max_multicg_md_fa_gr 2500 2500 2500 
cgprec_md_fa_gr 2 2 2 
cgresid_md_fa_gr 1e-08 1e-08 1e-08 
max_multicg_md_fa_gr 2500 2500 2500 
cgprec_md_fa_gr 2 2 2 
prec_ff 2
number_of_pbp_masses 2
max_cg_prop 500
max_cg_prop_restarts 5
npbp_reps 1
prec_pbp 2
mass 0.0018
naik_term_epsilon 0
error_for_propagator 1e-08
rel_error_for_propagator 0
mass 0.018
naik_term_epsilon 0
error_for_propagator 1e-08
rel_error_for_propagator 0
fresh 
forget 
unit gauge configuration loaded
CHECK PLAQ: 3.0000000000000000e+00 3.0000000000000000e+00
CHECK NERSC LINKTR: 1.0000000000000000e+00 CKSUM: 0
Reunitarized for double precision. Max deviation 0.00e+00 changed to 0.00e+00
Time to check unitarity = 2.559185e-03
"Fat 7 (level 1)"
path coefficients: npath  path_coeff
                    0      1.250000e-01
                    1      -6.250000e-02
                    2      1.562500e-02
                    3      -2.604167e-03
Unitarization method = UNITARIZE_ANALYTIC
Unitarizaton group = U(3)
"Fat7 + 2xLepage"
path coefficients: npath  path_coeff
                    0      1.000000e+00
                    1      -4.166667e-02
                    2      -6.250000e-02
                    3      1.562500e-02
                    4      -2.604167e-03
                    5      -1.250000e-01
"1-link + Naik"
path coefficients: npath  path_coeff
                    0      1.250000e-01
                    1      -4.166667e-02
MAKING PATH TABLES
Found device 0: Tesla K20c
Found device 1: Tesla K20c
Using device 0: Tesla K20c
Setting NUMA affinity for device 0 to CPU core 0
WARNING: Environment variable QUDA_RESOURCE_PATH is not set.
WARNING: Caching of tuned parameters will be disabled.
Combined fattening and long-link calculation time: 0.005696
FLTIME: time = 5.957760e+00 (HISQ D) mflops = 0.000000e+00
Symanzik 1x1 + 1x2 + 1x1x1 action with HISQ quark loops
gauge_action: total_dyn_flavors = 3
loop coefficients: nloop rep loop_coeff  multiplicity
                    0 0      1.000000e+00     6
                    1 0      -4.181006e-02     12
                    2 0      5.149203e-04     16
WARMUPS COMPLETED
Omelyan integration, 3 gauge for one 1 fermion step, steps= 10 eps= 2.000000e-02 alpha= 1.000000e-01 beta= 1.000000e-01
GRSOURCE: sum = 2.5294021101e+03
CONGRAD5: time = 7.295847e-03 (multicg_offset D) masses = 11 iters = 17 mflops = 5.516168e+03
 OK converged final_rsq= 1.3e-13 (cf 1e-12) rel = 1 (cf 0) restarts = 0 iters= 17
GRSOURCE: sum = 2.6664810929e+03
CONGRAD5: time = 6.589890e-03 (multicg_offset D) masses = 9 iters = 17 mflops = 5.973369e+03
 OK converged final_rsq= 2.3e-14 (cf 1e-12) rel = 1 (cf 0) restarts = 0 iters= 17
GRSOURCE: sum = 2.6246833579e+03
CONGRAD5: time = 6.573200e-03 (multicg_offset D) masses = 9 iters = 17 mflops = 5.988535e+03
 OK converged final_rsq= 2.1e-14 (cf 1e-12) rel = 1 (cf 0) restarts = 0 iters= 17
GRSOURCE: sum = 2.6315335782e+03
CONGRAD5: time = 6.568193e-03 (multicg_offset D) masses = 9 iters = 17 mflops = 5.993100e+03
 OK converged final_rsq= 2.1e-14 (cf 1e-12) rel = 1 (cf 0) restarts = 0 iters= 17
PLAQUETTE ACTION: -7.672320e+04
CONGRAD5: time = 7.078171e-03 (multicg_offset D) masses = 11 iters = 17 mflops = 5.685808e+03
 OK converged final_rsq= 1.3e-13 (cf 1e-12) rel = 1 (cf 0) restarts = 0 iters= 17
CONGRAD5: time = 6.646872e-03 (multicg_offset D) masses = 9 iters = 17 mflops = 5.922160e+03
 OK converged final_rsq= 2.4e-14 (cf 1e-12) rel = 1 (cf 0) restarts = 0 iters= 17
CONGRAD5: time = 6.595135e-03 (multicg_offset D) masses = 9 iters = 17 mflops = 5.968618e+03
 OK converged final_rsq= 2.3e-14 (cf 1e-12) rel = 1 (cf 0) restarts = 0 iters= 17
CONGRAD5: time = 6.582022e-03 (multicg_offset D) masses = 9 iters = 17 mflops = 5.980509e+03
 OK converged final_rsq= 2.3e-14 (cf 1e-12) rel = 1 (cf 0) restarts = 0 iters= 17
ACTION: g,h,f = 0.00000000000000e+00  -2.01471808587800e+02  1.04521001389995e+04  1.02506283304117e+04
DG = 0.000000e+00, DH = -2.014718e+02, DF = 1.045210e+04, D = 1.025063e+04
GFTIME:   time = 8.596492e-02 (Symanzik1) mflops = 3.075568e+03
Combined fattening and long-link calculation time: 0.005678
FLTIME: time = 1.330519e-02 (HISQ D) mflops = 0.000000e+00
CONGRAD5: time = 1.107812e-02 (multicg_offset D) masses = 9 iters = 28 mflops = 5.852488e+03
 OK converged final_rsq= 9e-14 (cf 1e-12) rel = 1 (cf 0) restarts = 0 iters= 28
CONGRAD5: time = 8.574009e-03 (multicg_offset D) masses = 7 iters = 23 mflops = 6.072380e+03
 OK converged final_rsq= 3.6e-13 (cf 1e-12) rel = 1 (cf 0) restarts = 0 iters= 23
CONGRAD5: time = 8.666992e-03 (multicg_offset D) masses = 7 iters = 23 mflops = 6.007233e+03
 OK converged final_rsq= 3.6e-13 (cf 1e-12) rel = 1 (cf 0) restarts = 0 iters= 23
CONGRAD5: time = 8.574009e-03 (multicg_offset D) masses = 7 iters = 23 mflops = 6.072380e+03
 OK converged final_rsq= 3.2e-13 (cf 1e-12) rel = 1 (cf 0) restarts = 0 iters= 23
Calling fn_fermion_force_multi_hisq_wrapper_mx_cpu
FFTIME:  time = 9.034050e-01 (HISQ D) terms = 30 flops/site = 2152598 mflops = 4.117411e+03
GFTIME:   time = 8.612800e-02 (Symanzik1) mflops = 3.069744e+03
GFTIME:   time = 8.604884e-02 (Symanzik1) mflops = 3.072568e+03
GFTIME:   time = 8.652401e-02 (Symanzik1) mflops = 3.055694e+03
GFTIME:   time = 8.604789e-02 (Symanzik1) mflops = 3.072602e+03
Combined fattening and long-link calculation time: 0.006953
FLTIME: time = 1.578999e-02 (HISQ D) mflops = 0.000000e+00
CONGRAD5: time = 1.232886e-02 (multicg_offset D) masses = 9 iters = 31 mflops = 5.822201e+03
 OK converged final_rsq= 4.3e-13 (cf 1e-12) rel = 1 (cf 0) restarts = 0 iters= 31
CONGRAD5: time = 1.008010e-02 (multicg_offset D) masses = 7 iters = 27 mflops = 6.063369e+03
 OK converged final_rsq= 4.1e-13 (cf 1e-12) rel = 1 (cf 0) restarts = 0 iters= 27
CONGRAD5: time = 1.032305e-02 (multicg_offset D) masses = 7 iters = 27 mflops = 5.920670e+03
 OK converged final_rsq= 4.5e-13 (cf 1e-12) rel = 1 (cf 0) restarts = 0 iters= 27
CONGRAD5: time = 1.008296e-02 (multicg_offset D) masses = 7 iters = 27 mflops = 6.061648e+03
 OK converged final_rsq= 4.5e-13 (cf 1e-12) rel = 1 (cf 0) restarts = 0 iters= 27
Calling fn_fermion_force_multi_hisq_wrapper_mx_cpu
FFTIME:  time = 8.954329e-01 (HISQ D) terms = 30 flops/site = 2152598 mflops = 4.154068e+03
GFTIME:   time = 8.601093e-02 (Symanzik1) mflops = 3.073922e+03
GFTIME:   time = 8.598685e-02 (Symanzik1) mflops = 3.074783e+03
Combined fattening and long-link calculation time: 0.005789
FLTIME: time = 1.354313e-02 (HISQ D) mflops = 0.000000e+00
CONGRAD5: time = 1.400208e-02 (multicg_offset D) masses = 9 iters = 35 mflops = 5.787938e+03
 OK converged final_rsq= 2.9e-13 (cf 1e-12) rel = 1 (cf 0) restarts = 0 iters= 35
CONGRAD5: time = 1.050878e-02 (multicg_offset D) masses = 7 iters = 28 mflops = 6.031439e+03
 OK converged final_rsq= 2.5e-13 (cf 1e-12) rel = 1 (cf 0) restarts = 0 iters= 28
CONGRAD5: time = 1.054001e-02 (multicg_offset D) masses = 7 iters = 28 mflops = 6.013566e+03
 OK converged final_rsq= 3.1e-13 (cf 1e-12) rel = 1 (cf 0) restarts = 0 iters= 28
CONGRAD5: time = 1.050496e-02 (multicg_offset D) masses = 7 iters = 28 mflops = 6.033629e+03
 OK converged final_rsq= 3.3e-13 (cf 1e-12) rel = 1 (cf 0) restarts = 0 iters= 28
Calling fn_fermion_force_multi_hisq_wrapper_mx_cpu
FFTIME:  time = 8.933611e-01 (HISQ D) terms = 30 flops/site = 2152598 mflops = 4.163702e+03
GFTIME:   time = 8.600283e-02 (Symanzik1) mflops = 3.074212e+03
GFTIME:   time = 8.613801e-02 (Symanzik1) mflops = 3.069387e+03
GFTIME:   time = 8.581710e-02 (Symanzik1) mflops = 3.080865e+03
GFTIME:   time = 8.591700e-02 (Symanzik1) mflops = 3.077283e+03
Combined fattening and long-link calculation time: 0.005776
FLTIME: time = 1.353598e-02 (HISQ D) mflops = 0.000000e+00
CONGRAD5: time = 1.442194e-02 (multicg_offset D) masses = 9 iters = 36 mflops = 5.779994e+03
 OK converged final_rsq= 3.9e-13 (cf 1e-12) rel = 1 (cf 0) restarts = 0 iters= 36
CONGRAD5: time = 1.124001e-02 (multicg_offset D) masses = 7 iters = 30 mflops = 6.041848e+03
 OK converged final_rsq= 8.3e-13 (cf 1e-12) rel = 1 (cf 0) restarts = 0 iters= 30
CONGRAD5: time = 1.123095e-02 (multicg_offset D) masses = 7 iters = 30 mflops = 6.046721e+03
 OK converged final_rsq= 5.9e-13 (cf 1e-12) rel = 1 (cf 0) restarts = 0 iters= 30
CONGRAD5: time = 1.131105e-02 (multicg_offset D) masses = 7 iters = 30 mflops = 6.003897e+03
 OK converged final_rsq= 5.2e-13 (cf 1e-12) rel = 1 (cf 0) restarts = 0 iters= 30
Calling fn_fermion_force_multi_hisq_wrapper_mx_cpu
FFTIME:  time = 8.942959e-01 (HISQ D) terms = 30 flops/site = 2152598 mflops = 4.159350e+03
GFTIME:   time = 8.602619e-02 (Symanzik1) mflops = 3.073377e+03
GFTIME:   time = 8.589888e-02 (Symanzik1) mflops = 3.077932e+03
Combined fattening and long-link calculation time: 0.005832
FLTIME: time = 1.366496e-02 (HISQ D) mflops = 0.000000e+00
CONGRAD5: time = 1.482892e-02 (multicg_offset D) masses = 9 iters = 37 mflops = 5.777510e+03
 OK converged final_rsq= 4.2e-13 (cf 1e-12) rel = 1 (cf 0) restarts = 0 iters= 37
CONGRAD5: time = 1.256204e-02 (multicg_offset D) masses = 7 iters = 33 mflops = 5.946603e+03
 OK converged final_rsq= 5.1e-13 (cf 1e-12) rel = 1 (cf 0) restarts = 0 iters= 33
CONGRAD5: time = 1.241398e-02 (multicg_offset D) masses = 7 iters = 33 mflops = 6.017526e+03
 OK converged final_rsq= 5.3e-13 (cf 1e-12) rel = 1 (cf 0) restarts = 0 iters= 33
CONGRAD5: time = 1.238394e-02 (multicg_offset D) masses = 7 iters = 33 mflops = 6.032123e+03
 OK converged final_rsq= 5.3e-13 (cf 1e-12) rel = 1 (cf 0) restarts = 0 iters= 33
Calling fn_fermion_force_multi_hisq_wrapper_mx_cpu
FFTIME:  time = 8.958340e-01 (HISQ D) terms = 30 flops/site = 2152598 mflops = 4.152208e+03
GFTIME:   time = 8.600998e-02 (Symanzik1) mflops = 3.073956e+03
GFTIME:   time = 8.585095e-02 (Symanzik1) mflops = 3.079650e+03
GFTIME:   time = 8.584189e-02 (Symanzik1) mflops = 3.079975e+03
GFTIME:   time = 8.631611e-02 (Symanzik1) mflops = 3.063054e+03
Combined fattening and long-link calculation time: 0.006706
FLTIME: time = 1.535988e-02 (HISQ D) mflops = 0.000000e+00
CONGRAD5: time = 1.643920e-02 (multicg_offset D) masses = 9 iters = 41 mflops = 5.774997e+03
 OK converged final_rsq= 9.1e-13 (cf 1e-12) rel = 1 (cf 0) restarts = 0 iters= 41
CONGRAD5: time = 1.281691e-02 (multicg_offset D) masses = 7 iters = 34 mflops = 6.004969e+03
 OK converged final_rsq= 2.2e-13 (cf 1e-12) rel = 1 (cf 0) restarts = 0 iters= 34
CONGRAD5: time = 1.282096e-02 (multicg_offset D) masses = 7 iters = 34 mflops = 6.003070e+03
 OK converged final_rsq= 2.3e-13 (cf 1e-12) rel = 1 (cf 0) restarts = 0 iters= 34
CONGRAD5: time = 1.276398e-02 (multicg_offset D) masses = 7 iters = 34 mflops = 6.029870e+03
 OK converged final_rsq= 2.2e-13 (cf 1e-12) rel = 1 (cf 0) restarts = 0 iters= 34
Calling fn_fermion_force_multi_hisq_wrapper_mx_cpu
FFTIME:  time = 8.987000e-01 (HISQ D) terms = 30 flops/site = 2152598 mflops = 4.138967e+03
GFTIME:   time = 8.599901e-02 (Symanzik1) mflops = 3.074348e+03
GFTIME:   time = 8.583713e-02 (Symanzik1) mflops = 3.080146e+03
Combined fattening and long-link calculation time: 0.005848
FLTIME: time = 1.363015e-02 (HISQ D) mflops = 0.000000e+00
CONGRAD5: time = 1.678896e-02 (multicg_offset D) masses = 9 iters = 42 mflops = 5.792607e+03
 OK converged final_rsq= 6.9e-13 (cf 1e-12) rel = 1 (cf 0) restarts = 0 iters= 42
CONGRAD5: time = 1.284599e-02 (multicg_offset D) masses = 7 iters = 34 mflops = 5.991372e+03
 OK converged final_rsq= 4.3e-13 (cf 1e-12) rel = 1 (cf 0) restarts = 0 iters= 34
CONGRAD5: time = 1.283908e-02 (multicg_offset D) masses = 7 iters = 34 mflops = 5.994598e+03
 OK converged final_rsq= 4.5e-13 (cf 1e-12) rel = 1 (cf 0) restarts = 0 iters= 34
CONGRAD5: time = 1.276708e-02 (multicg_offset D) masses = 7 iters = 34 mflops = 6.028406e+03
 OK converged final_rsq= 4.3e-13 (cf 1e-12) rel = 1 (cf 0) restarts = 0 iters= 34
Calling fn_fermion_force_multi_hisq_wrapper_mx_cpu
FFTIME:  time = 8.936698e-01 (HISQ D) terms = 30 flops/site = 2152598 mflops = 4.162263e+03
GFTIME:   time = 8.596897e-02 (Symanzik1) mflops = 3.075423e+03
GFTIME:   time = 8.609796e-02 (Symanzik1) mflops = 3.070815e+03
GFTIME:   time = 8.582497e-02 (Symanzik1) mflops = 3.080583e+03
GFTIME:   time = 8.580899e-02 (Symanzik1) mflops = 3.081156e+03
Combined fattening and long-link calculation time: 0.005731
FLTIME: time = 1.356101e-02 (HISQ D) mflops = 0.000000e+00
CONGRAD5: time = 1.729107e-02 (multicg_offset D) masses = 9 iters = 43 mflops = 5.758311e+03
 OK converged final_rsq= 4.8e-13 (cf 1e-12) rel = 1 (cf 0) restarts = 0 iters= 43
CONGRAD5: time = 1.320291e-02 (multicg_offset D) masses = 7 iters = 35 mflops = 6.000861e+03
 OK converged final_rsq= 2.1e-13 (cf 1e-12) rel = 1 (cf 0) restarts = 0 iters= 35
CONGRAD5: time = 1.317000e-02 (multicg_offset D) masses = 7 iters = 35 mflops = 6.015852e+03
 OK converged final_rsq= 2.1e-13 (cf 1e-12) rel = 1 (cf 0) restarts = 0 iters= 35
CONGRAD5: time = 1.315188e-02 (multicg_offset D) masses = 7 iters = 35 mflops = 6.024141e+03
 OK converged final_rsq= 1.9e-13 (cf 1e-12) rel = 1 (cf 0) restarts = 0 iters= 35
Calling fn_fermion_force_multi_hisq_wrapper_mx_cpu
FFTIME:  time = 8.961680e-01 (HISQ D) terms = 30 flops/site = 2152598 mflops = 4.150661e+03
GFTIME:   time = 8.605599e-02 (Symanzik1) mflops = 3.072313e+03
GFTIME:   time = 8.594418e-02 (Symanzik1) mflops = 3.076310e+03
Combined fattening and long-link calculation time: 0.005767
FLTIME: time = 1.361704e-02 (HISQ D) mflops = 0.000000e+00
CONGRAD5: time = 1.895499e-02 (multicg_offset D) masses = 9 iters = 47 mflops = 5.741466e+03
 OK converged final_rsq= 9.5e-13 (cf 1e-12) rel = 1 (cf 0) restarts = 0 iters= 47
CONGRAD5: time = 1.325488e-02 (multicg_offset D) masses = 7 iters = 35 mflops = 5.977330e+03
 OK converged final_rsq= 3.7e-13 (cf 1e-12) rel = 1 (cf 0) restarts = 0 iters= 35
CONGRAD5: time = 1.321602e-02 (multicg_offset D) masses = 7 iters = 35 mflops = 5.994907e+03
 OK converged final_rsq= 3.5e-13 (cf 1e-12) rel = 1 (cf 0) restarts = 0 iters= 35
CONGRAD5: time = 1.328993e-02 (multicg_offset D) masses = 7 iters = 35 mflops = 5.961567e+03
 OK converged final_rsq= 3.1e-13 (cf 1e-12) rel = 1 (cf 0) restarts = 0 iters= 35
Calling fn_fermion_force_multi_hisq_wrapper_mx_cpu
FFTIME:  time = 8.961949e-01 (HISQ D) terms = 30 flops/site = 2152598 mflops = 4.150536e+03
GFTIME:   time = 8.598208e-02 (Symanzik1) mflops = 3.074954e+03
GFTIME:   time = 8.592820e-02 (Symanzik1) mflops = 3.076882e+03
GFTIME:   time = 8.575892e-02 (Symanzik1) mflops = 3.082955e+03
GFTIME:   time = 8.622503e-02 (Symanzik1) mflops = 3.066289e+03
Combined fattening and long-link calculation time: 0.006895
FLTIME: time = 1.572299e-02 (HISQ D) mflops = 0.000000e+00
CONGRAD5: time = 1.944494e-02 (multicg_offset D) masses = 9 iters = 48 mflops = 5.715880e+03
 OK converged final_rsq= 6.1e-13 (cf 1e-12) rel = 1 (cf 0) restarts = 0 iters= 48
CONGRAD5: time = 1.315403e-02 (multicg_offset D) masses = 7 iters = 35 mflops = 6.023158e+03
 OK converged final_rsq= 8.4e-13 (cf 1e-12) rel = 1 (cf 0) restarts = 0 iters= 35
CONGRAD5: time = 1.316214e-02 (multicg_offset D) masses = 7 iters = 35 mflops = 6.019448e+03
 OK converged final_rsq= 7.6e-13 (cf 1e-12) rel = 1 (cf 0) restarts = 0 iters= 35
CONGRAD5: time = 1.315594e-02 (multicg_offset D) masses = 7 iters = 35 mflops = 6.022285e+03
 OK converged final_rsq= 6.5e-13 (cf 1e-12) rel = 1 (cf 0) restarts = 0 iters= 35
Calling fn_fermion_force_multi_hisq_wrapper_mx_cpu
FFTIME:  time = 8.955309e-01 (HISQ D) terms = 30 flops/site = 2152598 mflops = 4.153613e+03
GFTIME:   time = 8.608222e-02 (Symanzik1) mflops = 3.071377e+03
PLAQUETTE ACTION: -6.510870e+04
Combined fattening and long-link calculation time: 0.005728
FLTIME: time = 1.359296e-02 (HISQ D) mflops = 0.000000e+00
CONGRAD5: time = 2.038598e-02 (multicg_offset D) masses = 11 iters = 48 mflops = 5.574089e+03
 OK converged final_rsq= 8.5e-13 (cf 1e-12) rel = 1 (cf 0) restarts = 0 iters= 48
CONGRAD5: time = 1.557589e-02 (multicg_offset D) masses = 9 iters = 39 mflops = 5.797762e+03
 OK converged final_rsq= 3.7e-13 (cf 1e-12) rel = 1 (cf 0) restarts = 0 iters= 39
CONGRAD5: time = 1.446700e-02 (multicg_offset D) masses = 9 iters = 36 mflops = 5.761990e+03
 OK converged final_rsq= 7.6e-13 (cf 1e-12) rel = 1 (cf 0) restarts = 0 iters= 36
CONGRAD5: time = 1.394486e-02 (multicg_offset D) masses = 9 iters = 35 mflops = 5.811688e+03
 OK converged final_rsq= 9.9e-13 (cf 1e-12) rel = 1 (cf 0) restarts = 0 iters= 35
ACTION: g,h,f = 1.01885103688499e+04  -1.04256442651492e+04  1.04876043268560e+04  1.02504704305568e+04
DG = 1.018851e+04, DH = -1.022417e+04, DF = 3.550419e+01, D = -1.578999e-01
ACCEPT: delta S = -1.578999e-01
PLAQ:	2.5443759402873098	2.5473332932569592
P_LOOP:	1.802434e+00	-3.545636e-03
G_LOOP:  0  0  4   	2.5494887784499269e+00	( 0 1 7 6  )
G_LOOP:  0  1  4   	2.5381329240232877e+00	( 0 2 7 5  )
G_LOOP:  0  2  4   	2.5445474875900982e+00	( 0 3 7 4  )
G_LOOP:  0  3  4   	2.5455061183887007e+00	( 1 2 6 5  )
G_LOOP:  0  4  4   	2.5545860513451628e+00	( 1 3 6 4  )
G_LOOP:  0  5  4   	2.5428663408356025e+00	( 2 3 5 4  )
G_LOOP:  1  0  6   	2.3295158480723943e+00	( 0 0 1 7 7 6  )
G_LOOP:  1  1  6   	2.3227098334085698e+00	( 0 0 2 7 7 5  )
G_LOOP:  1  2  6   	2.3220734791983708e+00	( 0 0 3 7 7 4  )
G_LOOP:  1  3  6   	2.3246482243462681e+00	( 1 1 0 6 6 7  )
G_LOOP:  1  4  6   	2.3167918821740860e+00	( 1 1 2 6 6 5  )
G_LOOP:  1  5  6   	2.3391933873801345e+00	( 1 1 3 6 6 4  )
G_LOOP:  1  6  6   	2.3075705028672480e+00	( 2 2 0 5 5 7  )
G_LOOP:  1  7  6   	2.3152290056934977e+00	( 2 2 1 5 5 6  )
G_LOOP:  1  8  6   	2.3025839964146151e+00	( 2 2 3 5 5 4  )
G_LOOP:  1  9  6   	2.3331348153294282e+00	( 3 3 0 4 4 7  )
G_LOOP:  1  10  6   	2.3324280936107922e+00	( 3 3 1 4 4 6  )
G_LOOP:  1  11  6   	2.3199537284618881e+00	( 3 3 2 4 4 5  )
G_LOOP:  2  0  6   	2.3307592359014713e+00	( 0 1 2 7 6 5  )
G_LOOP:  2  1  6   	2.3329663514060139e+00	( 0 1 5 7 6 2  )
G_LOOP:  2  2  6   	2.3304964755312545e+00	( 0 6 2 7 1 5  )
G_LOOP:  2  3  6   	2.3305952719773244e+00	( 0 6 5 7 1 2  )
G_LOOP:  2  4  6   	2.3307597013454546e+00	( 0 1 3 7 6 4  )
G_LOOP:  2  5  6   	2.3399286774881656e+00	( 0 1 4 7 6 3  )
G_LOOP:  2  6  6   	2.3311404865535286e+00	( 0 6 3 7 1 4  )
G_LOOP:  2  7  6   	2.3338035691741408e+00	( 0 6 4 7 1 3  )
G_LOOP:  2  8  6   	2.3207352547845730e+00	( 0 2 3 7 5 4  )
G_LOOP:  2  9  6   	2.3155127116145842e+00	( 0 2 4 7 5 3  )
G_LOOP:  2  10  6   	2.3011518283558652e+00	( 0 5 3 7 2 4  )
G_LOOP:  2  11  6   	2.3182494979167241e+00	( 0 5 4 7 2 3  )
G_LOOP:  2  12  6   	2.3405812575191041e+00	( 1 2 3 6 5 4  )
G_LOOP:  2  13  6   	2.3390361770076327e+00	( 1 2 4 6 5 3  )
G_LOOP:  2  14  6   	2.3206337601112152e+00	( 1 5 3 6 2 4  )
G_LOOP:  2  15  6   	2.3244425123737411e+00	( 1 5 4 6 2 3  )
GACTION: 2.390322e+00
CONGRAD5: time = 1.916599e-02 (fn D) masses = 1 iters = 59 mflops = 6.314154e+03
 OK converged final_rsq= 3.4e-17 (cf 1e-16) rel = 1 (cf 0) restarts = 1 iters= 59
CONGRAD5: time = 6.757975e-03 (fn D) masses = 1 iters = 20 mflops = 6.070268e+03
 OK converged final_rsq= 4.2e-17 (cf 1e-16) rel = 1 (cf 0) restarts = 1 iters= 20
PBP: mass 1.800000e-03     2.612968e-02  -2.214980e-02  -1.867349e-03  -1.867350e-03 ( 1 of 1 )
FACTION: mass = 1.800000e-03,  1.500592e+00 ( 1 of 1 )
CONGRAD5: time = 1.920319e-02 (fn D) masses = 1 iters = 59 mflops = 6.301924e+03
 OK converged final_rsq= 2.8e-17 (cf 1e-16) rel = 1 (cf 0) restarts = 1 iters= 59
CONGRAD5: time = 3.918886e-03 (fn D) masses = 1 iters = 11 mflops = 5.757375e+03
 OK converged final_rsq= 9.8e-17 (cf 1e-16) rel = 1 (cf 0) restarts = 1 iters= 11
PBP: mass 1.800000e-02     4.194168e-02  -2.149790e-03  -2.671955e-02  -2.671955e-02 ( 1 of 1 )
FACTION: mass = 1.800000e-02,  1.501075e+00 ( 1 of 1 )
RUNNING COMPLETED
average cg iters for step= 1.330000e+02
Time = 1.262378e+01 seconds
total_iters = 1777


get_i(0): EOF on input.
About to call QUDA_FINALIZE

               initQuda Total time = 5.94129 secs

      computeKSLinkQuda Total time = 0.149572 secs
              download     = 0.011237 secs (  7.51%), with       24 calls at 4.682083e+02 us per call
                upload     = 0.023396 secs (  15.6%), with       48 calls at 4.874167e+02 us per call
                  init     = 0.018876 secs (  12.6%), with       84 calls at 2.247143e+02 us per call
               compute     = 0.075443 secs (  50.4%), with       36 calls at 2.095639e+03 us per call
                  free     = 0.010345 secs (  6.92%), with       48 calls at 2.155208e+02 us per call
              constant     = 0.008762 secs (  5.86%), with       24 calls at 3.650833e+02 us per call
     total accounted       = 0.148059 secs (    99%)
     total missing         = 0.001513 secs (  1.01%)

                endQuda Total time = 0.1333 secs

Device memory used = 5.2 MB
Page-locked host memory used = 2.5 MB
Total host memory used >= 3.2 MB

exit: Fri Jan 31 11:58:30 2014

