SU3 with improved KS action
Microcanonical simulation with refreshing
Rational function hybrid Monte Carlo algorithm
MIMD version 7.7.10-a8
Machine = Scalar processor, with 1 nodes
Host(0) = feynman.chpc.utah.edu
Username = u0731948
start: Fri Jan 31 11:45:21 2014

Options selected...
Generic double precision
C_GLOBAL_INLINE
HALF_MIXED
DBLSTORE_FN
D_FN_GATHER13
FEWSUMS
KS_MULTICG=HYBRID
KS_MULTIFF=FNMAT
VECLENGTH=4
INT_ALG=INT_3G1F
HISQ_REUNIT_ALLOW_SVD
HISQ_REUNIT_SVD_REL_ERROR = 1e-08
HISQ_REUNIT_SVD_ABS_ERROR = 1e-08
HISQ_FORCE_FILTER = 5e-05
HISQ_FF_MULTI_WRAPPER is ON
type 0 for no prompts, 1 for prompts, or 2 for proofreading
nx 4
ny 6
nz 6
nt 12
iseed 86658
n_pseudo 4
load_rhmc_params rationals.sample.su3_rhmc_hisq
beta 7.4
n_dyn_masses 2
dyn_mass 0.0018 0.018 
dyn_flavors 2 1 
u0 0.89
n_pseudo 4
Loading rational function parameters for phi field 0
naik_term_epsilon 0
# New rational function
# Approximation bounds are [1.000000e-15,9.000000e+01]
# Precision of arithmetic is 75
# Degree of the approximation is (9,9)
# Approximating the function (x+4*0.001800^2)^(2/4) (x+4*0.018000^2)^(1/4) (x+4*0.200000^2)^(-3/4) (x+4*1.000000^2)^(0/4)
# Converged at 2193 iterations, error = 7.142803e-07
# Rational function for MD
y_MD -2 -1 3 0 
z_MD 4 4 4 4 
m_MD 0.0018 0.018 0.2 1 
order_MD 9
Loading order 9 rational function approximation for MD:
f(x) = (x+4*0.001800^2)^(-2/4) (x+4*0.018000^2)^(-1/4)
       (x+4*0.200000^2)^(3/4) (x+4*1.000000^2)^(0/4)
res_MD 1
res_MD 0.00204485
res_MD 0.00290467
res_MD 0.00501695
res_MD 0.00952897
res_MD 0.0212092
res_MD 0.0199943
res_MD 0.0226512
res_MD 0.0237042
res_MD 0.0126097
pole_MD 99.9
pole_MD 1.43113e-05
pole_MD 2.87352e-05
pole_MD 8.40811e-05
pole_MD 0.000281161
pole_MD 0.000954202
pole_MD 0.0029716
pole_MD 0.0107592
pole_MD 0.036199
pole_MD 0.0989838
# CHECK: f(1.000000e-15) = 3.703701e+02 = 6.085806e+01?
# New rational function
# Approximation bounds are [1.000000e-15,9.000000e+01]
# Precision of arithmetic is 75
# Degree of the approximation is (11,11)
# Approximating the function (x+4*0.001800^2)^(2/8) (x+4*0.018000^2)^(1/8) (x+4*0.200000^2)^(-3/8) (x+4*1.000000^2)^(0/8)
# Converged at 1854 iterations, error = 2.609214e-08
# Rational function for GR
y_GR 2 1 -3 0 
z_GR 8 8 8 8 
m_GR 0.0018 0.018 0.2 1 
order_GR 11
Loading order 11 rational function approximation for GR:
f(x) = (x+4*0.001800^2)^(2/8) (x+4*0.018000^2)^(1/8)
       (x+4*0.200000^2)^(-3/8) (x+4*1.000000^2)^(0/8)
res_GR 1
res_GR -6.1182e-08
res_GR -3.19729e-07
res_GR -1.28897e-06
res_GR -4.91642e-06
res_GR -1.78857e-05
res_GR -8.96491e-05
res_GR -0.000423832
res_GR -0.00175458
res_GR -0.00654152
res_GR -0.0192293
res_GR -0.0317711
pole_GR 99.9
pole_GR 1.60773e-05
pole_GR 3.10382e-05
pole_GR 7.66803e-05
pole_GR 0.000210211
pole_GR 0.000600022
pole_GR 0.00186906
pole_GR 0.00519622
pole_GR 0.0143729
pole_GR 0.0377859
pole_GR 0.0865726
pole_GR 0.146356
# CHECK: f(1.000000e-15) = 5.196153e-02 = 1.281861e-01?
# Rational function for FA
y_FA -2 -1 3 0 
z_FA 8 8 8 8 
m_FA 0.0018 0.018 0.2 1 
order_FA 11
Loading order 11 rational function approximation for FA:
f(x) = (x+4*0.001800^2)^(-2/8) (x+4*0.018000^2)^(-1/8)
       (x+4*0.200000^2)^(3/8) (x+4*1.000000^2)^(0/8)
res_FA 1
res_FA 3.67927e-05
res_FA 8.34287e-05
res_FA 0.000179646
res_FA 0.000397614
res_FA 0.000916432
res_FA 0.00260832
res_FA 0.00468862
res_FA 0.00831646
res_FA 0.0138142
res_FA 0.0178882
res_FA 0.0109047
pole_FA 99.9
pole_FA 1.45263e-05
pole_FA 2.55335e-05
pole_FA 6.03301e-05
pole_FA 0.000162506
pole_FA 0.000460594
pole_FA 0.00131886
pole_FA 0.00353418
pole_FA 0.00984542
pole_FA 0.0265604
pole_FA 0.0650361
pole_FA 0.126233
Loading rational function parameters for phi field 1
# CHECK: f(1.000000e-15) = 1.924501e+01 = 7.801158e+00?
naik_term_epsilon 0
# New rational function
# Approximation bounds are [1.000000e-15,9.000000e+01]
# Precision of arithmetic is 65
# Degree of the approximation is (7,7)
# Approximating the function (x+4*0.200000^2)^(1/4) (x+4*1.000000^2)^(0/4) (x+4*1.000000^2)^(0/4) (x+4*1.000000^2)^(0/4)
# Converged at 327 iterations, error = 2.398230e-07
# Rational function for MD
y_MD -1 0 0 0 
z_MD 4 4 4 4 
m_MD 0.2 1 1 1 
order_MD 7
Loading order 7 rational function approximation for MD:
f(x) = (x+4*0.200000^2)^(-1/4) (x+4*1.000000^2)^(0/4)
       (x+4*1.000000^2)^(0/4) (x+4*1.000000^2)^(0/4)
res_MD 0.14923
res_MD 0.046061
res_MD 0.1138
res_MD 0.274536
res_MD 0.687619
res_MD 1.83201
res_MD 5.87481
res_MD 38.0862
pole_MD 99.9
pole_MD 0.185283
pole_MD 0.375399
pole_MD 1.05812
pole_MD 3.40313
pole_MD 11.7405
pole_MD 45.73
pole_MD 283.916
# CHECK: f(1.000000e-15) = 1.581138e+00 = 1.581139e+00?
# New rational function
# Approximation bounds are [1.000000e-15,9.000000e+01]
# Precision of arithmetic is 65
# Degree of the approximation is (9,9)
# Approximating the function (x+4*0.200000^2)^(1/8) (x+4*1.000000^2)^(0/8) (x+4*1.000000^2)^(0/8) (x+4*1.000000^2)^(0/8)
# Converged at 422 iterations, error = 1.700228e-09
# Rational function for GR
y_GR 1 0 0 0 
z_GR 8 8 8 8 
m_GR 0.2 1 1 1 
order_GR 9
Loading order 9 rational function approximation for GR:
f(x) = (x+4*0.200000^2)^(1/8) (x+4*1.000000^2)^(0/8)
       (x+4*1.000000^2)^(0/8) (x+4*1.000000^2)^(0/8)
res_GR 2.73277
res_GR -0.00512886
res_GR -0.0204789
res_GR -0.0639514
res_GR -0.192686
res_GR -0.585195
res_GR -1.85803
res_GR -6.68946
res_GR -34.4017
res_GR -617.898
pole_GR 99.9
pole_GR 0.186425
pole_GR 0.315826
pole_GR 0.679106
pole_GR 1.64209
pole_GR 4.20254
pole_GR 11.2153
pole_GR 32.0724
pole_GR 110.326
pole_GR 764.415
# CHECK: f(1.000000e-15) = 7.952707e-01 = 7.952707e-01?
# Rational function for FA
y_FA -1 0 0 0 
z_FA 8 8 8 8 
m_FA 0.2 1 1 1 
order_FA 9
Loading order 9 rational function approximation for FA:
f(x) = (x+4*0.200000^2)^(-1/8) (x+4*1.000000^2)^(0/8)
       (x+4*1.000000^2)^(0/8) (x+4*1.000000^2)^(0/8)
res_FA 0.365929
res_FA 0.0109316
res_FA 0.0292903
res_FA 0.0678756
res_FA 0.157093
res_FA 0.370027
res_FA 0.906451
res_FA 2.45234
res_FA 8.71503
res_FA 75.8971
pole_FA 99.9
pole_FA 0.178875
pole_FA 0.290944
pole_FA 0.612037
pole_FA 1.46486
pole_FA 3.72845
pole_FA 9.8933
pole_FA 27.9493
pole_FA 92.735
pole_FA 546.062
Loading rational function parameters for phi field 2
# CHECK: f(1.000000e-15) = 1.257433e+00 = 1.257433e+00?
naik_term_epsilon 0
# New rational function
# Approximation bounds are [1.000000e-15,9.000000e+01]
# Precision of arithmetic is 65
# Degree of the approximation is (7,7)
# Approximating the function (x+4*0.200000^2)^(1/4) (x+4*1.000000^2)^(0/4) (x+4*1.000000^2)^(0/4) (x+4*1.000000^2)^(0/4)
# Converged at 327 iterations, error = 2.398230e-07
# Rational function for MD
y_MD -1 0 0 0 
z_MD 4 4 4 4 
m_MD 0.2 1 1 1 
order_MD 7
Loading order 7 rational function approximation for MD:
f(x) = (x+4*0.200000^2)^(-1/4) (x+4*1.000000^2)^(0/4)
       (x+4*1.000000^2)^(0/4) (x+4*1.000000^2)^(0/4)
res_MD 0.14923
res_MD 0.046061
res_MD 0.1138
res_MD 0.274536
res_MD 0.687619
res_MD 1.83201
res_MD 5.87481
res_MD 38.0862
pole_MD 99.9
pole_MD 0.185283
pole_MD 0.375399
pole_MD 1.05812
pole_MD 3.40313
pole_MD 11.7405
pole_MD 45.73
pole_MD 283.916
# CHECK: f(1.000000e-15) = 1.581138e+00 = 1.581139e+00?
# New rational function
# Approximation bounds are [1.000000e-15,9.000000e+01]
# Precision of arithmetic is 65
# Degree of the approximation is (9,9)
# Approximating the function (x+4*0.200000^2)^(1/8) (x+4*1.000000^2)^(0/8) (x+4*1.000000^2)^(0/8) (x+4*1.000000^2)^(0/8)
# Converged at 422 iterations, error = 1.700228e-09
# Rational function for GR
y_GR 1 0 0 0 
z_GR 8 8 8 8 
m_GR 0.2 1 1 1 
order_GR 9
Loading order 9 rational function approximation for GR:
f(x) = (x+4*0.200000^2)^(1/8) (x+4*1.000000^2)^(0/8)
       (x+4*1.000000^2)^(0/8) (x+4*1.000000^2)^(0/8)
res_GR 2.73277
res_GR -0.00512886
res_GR -0.0204789
res_GR -0.0639514
res_GR -0.192686
res_GR -0.585195
res_GR -1.85803
res_GR -6.68946
res_GR -34.4017
res_GR -617.898
pole_GR 99.9
pole_GR 0.186425
pole_GR 0.315826
pole_GR 0.679106
pole_GR 1.64209
pole_GR 4.20254
pole_GR 11.2153
pole_GR 32.0724
pole_GR 110.326
pole_GR 764.415
# CHECK: f(1.000000e-15) = 7.952707e-01 = 7.952707e-01?
# Rational function for FA
y_FA -1 0 0 0 
z_FA 8 8 8 8 
m_FA 0.2 1 1 1 
order_FA 9
Loading order 9 rational function approximation for FA:
f(x) = (x+4*0.200000^2)^(-1/8) (x+4*1.000000^2)^(0/8)
       (x+4*1.000000^2)^(0/8) (x+4*1.000000^2)^(0/8)
res_FA 0.365929
res_FA 0.0109316
res_FA 0.0292903
res_FA 0.0678756
res_FA 0.157093
res_FA 0.370027
res_FA 0.906451
res_FA 2.45234
res_FA 8.71503
res_FA 75.8971
pole_FA 99.9
pole_FA 0.178875
pole_FA 0.290944
pole_FA 0.612037
pole_FA 1.46486
pole_FA 3.72845
pole_FA 9.8933
pole_FA 27.9493
pole_FA 92.735
pole_FA 546.062
Loading rational function parameters for phi field 3
# CHECK: f(1.000000e-15) = 1.257433e+00 = 1.257433e+00?
# New rational function
# Approximation bounds are [1.000000e-15,9.000000e+01]
# Precision of arithmetic is 65
# Degree of the approximation is (7,7)
# Approximating the function (x+4*0.200000^2)^(1/4) (x+4*1.000000^2)^(0/4) (x+4*1.000000^2)^(0/4) (x+4*1.000000^2)^(0/4)
# Converged at 327 iterations, error = 2.398230e-07
naik_term_epsilon 0
# Rational function for MD
y_MD -1 0 0 0 
z_MD 4 4 4 4 
m_MD 0.2 1 1 1 
order_MD 7
Loading order 7 rational function approximation for MD:
f(x) = (x+4*0.200000^2)^(-1/4) (x+4*1.000000^2)^(0/4)
       (x+4*1.000000^2)^(0/4) (x+4*1.000000^2)^(0/4)
res_MD 0.14923
res_MD 0.046061
res_MD 0.1138
res_MD 0.274536
res_MD 0.687619
res_MD 1.83201
res_MD 5.87481
res_MD 38.0862
pole_MD 99.9
pole_MD 0.185283
pole_MD 0.375399
pole_MD 1.05812
pole_MD 3.40313
pole_MD 11.7405
pole_MD 45.73
pole_MD 283.916
# CHECK: f(1.000000e-15) = 1.581138e+00 = 1.581139e+00?
# New rational function
# Approximation bounds are [1.000000e-15,9.000000e+01]
# Precision of arithmetic is 65
# Degree of the approximation is (9,9)
# Approximating the function (x+4*0.200000^2)^(1/8) (x+4*1.000000^2)^(0/8) (x+4*1.000000^2)^(0/8) (x+4*1.000000^2)^(0/8)
# Converged at 422 iterations, error = 1.700228e-09
# Rational function for GR
y_GR 1 0 0 0 
z_GR 8 8 8 8 
m_GR 0.2 1 1 1 
order_GR 9
Loading order 9 rational function approximation for GR:
f(x) = (x+4*0.200000^2)^(1/8) (x+4*1.000000^2)^(0/8)
       (x+4*1.000000^2)^(0/8) (x+4*1.000000^2)^(0/8)
res_GR 2.73277
res_GR -0.00512886
res_GR -0.0204789
res_GR -0.0639514
res_GR -0.192686
res_GR -0.585195
res_GR -1.85803
res_GR -6.68946
res_GR -34.4017
res_GR -617.898
pole_GR 99.9
pole_GR 0.186425
pole_GR 0.315826
pole_GR 0.679106
pole_GR 1.64209
pole_GR 4.20254
pole_GR 11.2153
pole_GR 32.0724
pole_GR 110.326
pole_GR 764.415
# CHECK: f(1.000000e-15) = 7.952707e-01 = 7.952707e-01?
# Rational function for FA
y_FA -1 0 0 0 
z_FA 8 8 8 8 
m_FA 0.2 1 1 1 
order_FA 9
Loading order 9 rational function approximation for FA:
f(x) = (x+4*0.200000^2)^(-1/8) (x+4*1.000000^2)^(0/8)
       (x+4*1.000000^2)^(0/8) (x+4*1.000000^2)^(0/8)
res_FA 0.365929
res_FA 0.0109316
res_FA 0.0292903
res_FA 0.0678756
res_FA 0.157093
res_FA 0.370027
res_FA 0.906451
res_FA 2.45234
res_FA 8.71503
res_FA 75.8971
pole_FA 99.9
pole_FA 0.178875
pole_FA 0.290944
pole_FA 0.612037
pole_FA 1.46486
pole_FA 3.72845
pole_FA 9.8933
pole_FA 27.9493
pole_FA 92.735
pole_FA 546.062
Maximum rational func order is 11
Naik term correction structure of multi_x:
n_naiks 1
n_pseudo_naik[0]=4
n_orders_naik[0]=30
eps_naik[0]=0.000000
n_order_naik_total 30
LAYOUT = Hypercubes, options = with fixed node_geometry
ON EACH NODE 4 x 6 x 6 x 12
Mallocing 3.7 MBytes per node for lattice
Made lattice
Made nn gathers
Made 3nn gathers
Finished setup


warms 0
trajecs 1
traj_between_meas 1
microcanonical_time_step 0.02
steps_per_trajectory 10
cgresid_md_fa_gr 1e-08 1e-08 1e-08 
max_multicg_md_fa_gr 2500 2500 2500 
cgprec_md_fa_gr 2 2 2 
cgresid_md_fa_gr 1e-08 1e-08 1e-08 
max_multicg_md_fa_gr 2500 2500 2500 
cgprec_md_fa_gr 2 2 2 
cgresid_md_fa_gr 1e-08 1e-08 1e-08 
max_multicg_md_fa_gr 2500 2500 2500 
cgprec_md_fa_gr 2 2 2 
cgresid_md_fa_gr 1e-08 1e-08 1e-08 
max_multicg_md_fa_gr 2500 2500 2500 
cgprec_md_fa_gr 2 2 2 
prec_ff 2
number_of_pbp_masses 2
max_cg_prop 500
max_cg_prop_restarts 5
npbp_reps 1
prec_pbp 2
mass 0.0018
naik_term_epsilon 0
error_for_propagator 1e-08
rel_error_for_propagator 0
mass 0.018
naik_term_epsilon 0
error_for_propagator 1e-08
rel_error_for_propagator 0
fresh 
forget 
unit gauge configuration loaded
CHECK PLAQ: 3.0000000000000000e+00 3.0000000000000000e+00
CHECK NERSC LINKTR: 1.0000000000000000e+00 CKSUM: 0
Reunitarized for double precision. Max deviation 0.00e+00 changed to 0.00e+00
Time to check unitarity = 7.958412e-04
"Fat 7 (level 1)"
path coefficients: npath  path_coeff
                    0      1.250000e-01
                    1      -6.250000e-02
                    2      1.562500e-02
                    3      -2.604167e-03
Unitarization method = UNITARIZE_ANALYTIC
Unitarizaton group = U(3)
"Fat7 + 2xLepage"
path coefficients: npath  path_coeff
                    0      1.000000e+00
                    1      -4.166667e-02
                    2      -6.250000e-02
                    3      1.562500e-02
                    4      -2.604167e-03
                    5      -1.250000e-01
"1-link + Naik"
path coefficients: npath  path_coeff
                    0      1.250000e-01
                    1      -4.166667e-02
MAKING PATH TABLES
Found device 0: Tesla K20c
Found device 1: Tesla K20c
Using device 0: Tesla K20c
Setting NUMA affinity for device 0 to CPU core 0
WARNING: Environment variable QUDA_RESOURCE_PATH is not set.
WARNING: Caching of tuned parameters will be disabled.
Combined fattening and long-link calculation time: 0.005655
FLTIME: time = 6.551475e+00 (HISQ D) mflops = 0.000000e+00
Symanzik 1x1 + 1x2 + 1x1x1 action with HISQ quark loops
gauge_action: total_dyn_flavors = 3
loop coefficients: nloop rep loop_coeff  multiplicity
                    0 0      1.000000e+00     6
                    1 0      -4.181006e-02     12
                    2 0      5.149203e-04     16
WARMUPS COMPLETED
Omelyan integration, 3 gauge for one 1 fermion step, steps= 10 eps= 2.000000e-02 alpha= 1.000000e-01 beta= 1.000000e-01
GRSOURCE: sum = 2.5769919070e+03
CONGRAD5: time = 7.305145e-03 (multicg_offset D) masses = 11 iters = 17 mflops = 5.509147e+03
 OK converged final_rsq= 1.2e-13 (cf 1e-12) rel = 1 (cf 0) restarts = 0 iters= 17
GRSOURCE: sum = 2.6638533206e+03
CONGRAD5: time = 6.571054e-03 (multicg_offset D) masses = 9 iters = 17 mflops = 5.990491e+03
 OK converged final_rsq= 2.1e-14 (cf 1e-12) rel = 1 (cf 0) restarts = 0 iters= 17
GRSOURCE: sum = 2.5948146080e+03
CONGRAD5: time = 6.561041e-03 (multicg_offset D) masses = 9 iters = 17 mflops = 5.999633e+03
 OK converged final_rsq= 2.3e-14 (cf 1e-12) rel = 1 (cf 0) restarts = 0 iters= 17
GRSOURCE: sum = 2.6126278056e+03
CONGRAD5: time = 6.571054e-03 (multicg_offset D) masses = 9 iters = 17 mflops = 5.990491e+03
 OK converged final_rsq= 2.3e-14 (cf 1e-12) rel = 1 (cf 0) restarts = 0 iters= 17
PLAQUETTE ACTION: -7.672320e+04
CONGRAD5: time = 7.037163e-03 (multicg_offset D) masses = 11 iters = 17 mflops = 5.718941e+03
 OK converged final_rsq= 1.3e-13 (cf 1e-12) rel = 1 (cf 0) restarts = 0 iters= 17
CONGRAD5: time = 6.594181e-03 (multicg_offset D) masses = 9 iters = 17 mflops = 5.969481e+03
 OK converged final_rsq= 2.3e-14 (cf 1e-12) rel = 1 (cf 0) restarts = 0 iters= 17
CONGRAD5: time = 6.574869e-03 (multicg_offset D) masses = 9 iters = 17 mflops = 5.987015e+03
 OK converged final_rsq= 2.4e-14 (cf 1e-12) rel = 1 (cf 0) restarts = 0 iters= 17
CONGRAD5: time = 6.573915e-03 (multicg_offset D) masses = 9 iters = 17 mflops = 5.987883e+03
 OK converged final_rsq= 2.4e-14 (cf 1e-12) rel = 1 (cf 0) restarts = 0 iters= 17
ACTION: g,h,f = 0.00000000000000e+00  -2.01471808587799e+02  1.04482876412308e+04  1.02468158326430e+04
DG = 0.000000e+00, DH = -2.014718e+02, DF = 1.044829e+04, D = 1.024682e+04
GFTIME:   time = 8.583999e-02 (Symanzik1) mflops = 3.080044e+03
Combined fattening and long-link calculation time: 0.005610
FLTIME: time = 1.320791e-02 (HISQ D) mflops = 0.000000e+00
CONGRAD5: time = 1.152110e-02 (multicg_offset D) masses = 9 iters = 28 mflops = 5.627462e+03
 OK converged final_rsq= 8.6e-14 (cf 1e-12) rel = 1 (cf 0) restarts = 0 iters= 28
CONGRAD5: time = 8.810043e-03 (multicg_offset D) masses = 7 iters = 23 mflops = 5.909692e+03
 OK converged final_rsq= 4e-13 (cf 1e-12) rel = 1 (cf 0) restarts = 0 iters= 23
CONGRAD5: time = 8.790016e-03 (multicg_offset D) masses = 7 iters = 23 mflops = 5.923156e+03
 OK converged final_rsq= 3.4e-13 (cf 1e-12) rel = 1 (cf 0) restarts = 0 iters= 23
CONGRAD5: time = 8.801937e-03 (multicg_offset D) masses = 7 iters = 23 mflops = 5.915134e+03
 OK converged final_rsq= 2.9e-13 (cf 1e-12) rel = 1 (cf 0) restarts = 0 iters= 23
Calling fn_fermion_force_multi_hisq_wrapper_mx_cpu
FFTIME:  time = 9.059029e-01 (HISQ D) terms = 30 flops/site = 2152598 mflops = 4.106058e+03
GFTIME:   time = 8.611798e-02 (Symanzik1) mflops = 3.070101e+03
GFTIME:   time = 8.570194e-02 (Symanzik1) mflops = 3.085005e+03
GFTIME:   time = 8.579683e-02 (Symanzik1) mflops = 3.081593e+03
GFTIME:   time = 8.569384e-02 (Symanzik1) mflops = 3.085297e+03
Combined fattening and long-link calculation time: 0.005762
FLTIME: time = 1.346612e-02 (HISQ D) mflops = 0.000000e+00
CONGRAD5: time = 1.233792e-02 (multicg_offset D) masses = 9 iters = 31 mflops = 5.817926e+03
 OK converged final_rsq= 4.1e-13 (cf 1e-12) rel = 1 (cf 0) restarts = 0 iters= 31
CONGRAD5: time = 1.009321e-02 (multicg_offset D) masses = 7 iters = 27 mflops = 6.055491e+03
 OK converged final_rsq= 4.3e-13 (cf 1e-12) rel = 1 (cf 0) restarts = 0 iters= 27
CONGRAD5: time = 1.008701e-02 (multicg_offset D) masses = 7 iters = 27 mflops = 6.059213e+03
 OK converged final_rsq= 4.2e-13 (cf 1e-12) rel = 1 (cf 0) restarts = 0 iters= 27
CONGRAD5: time = 1.019287e-02 (multicg_offset D) masses = 7 iters = 27 mflops = 5.996285e+03
 OK converged final_rsq= 4e-13 (cf 1e-12) rel = 1 (cf 0) restarts = 0 iters= 27
Calling fn_fermion_force_multi_hisq_wrapper_mx_cpu
FFTIME:  time = 8.946061e-01 (HISQ D) terms = 30 flops/site = 2152598 mflops = 4.157907e+03
GFTIME:   time = 8.577704e-02 (Symanzik1) mflops = 3.082304e+03
GFTIME:   time = 8.587694e-02 (Symanzik1) mflops = 3.078718e+03
Combined fattening and long-link calculation time: 0.005746
FLTIME: time = 1.329994e-02 (HISQ D) mflops = 0.000000e+00
CONGRAD5: time = 1.399994e-02 (multicg_offset D) masses = 9 iters = 35 mflops = 5.788825e+03
 OK converged final_rsq= 2.8e-13 (cf 1e-12) rel = 1 (cf 0) restarts = 0 iters= 35
CONGRAD5: time = 1.051807e-02 (multicg_offset D) masses = 7 iters = 28 mflops = 6.026107e+03
 OK converged final_rsq= 2.7e-13 (cf 1e-12) rel = 1 (cf 0) restarts = 0 iters= 28
CONGRAD5: time = 1.049995e-02 (multicg_offset D) masses = 7 iters = 28 mflops = 6.036506e+03
 OK converged final_rsq= 2.8e-13 (cf 1e-12) rel = 1 (cf 0) restarts = 0 iters= 28
CONGRAD5: time = 1.049590e-02 (multicg_offset D) masses = 7 iters = 28 mflops = 6.038837e+03
 OK converged final_rsq= 2.4e-13 (cf 1e-12) rel = 1 (cf 0) restarts = 0 iters= 28
Calling fn_fermion_force_multi_hisq_wrapper_mx_cpu
FFTIME:  time = 8.973601e-01 (HISQ D) terms = 30 flops/site = 2152598 mflops = 4.145147e+03
GFTIME:   time = 8.595490e-02 (Symanzik1) mflops = 3.075926e+03
GFTIME:   time = 8.617210e-02 (Symanzik1) mflops = 3.068173e+03
GFTIME:   time = 8.577299e-02 (Symanzik1) mflops = 3.082449e+03
GFTIME:   time = 8.570886e-02 (Symanzik1) mflops = 3.084756e+03
Combined fattening and long-link calculation time: 0.005867
FLTIME: time = 1.368189e-02 (HISQ D) mflops = 0.000000e+00
CONGRAD5: time = 1.445603e-02 (multicg_offset D) masses = 9 iters = 36 mflops = 5.766362e+03
 OK converged final_rsq= 3.3e-13 (cf 1e-12) rel = 1 (cf 0) restarts = 0 iters= 36
CONGRAD5: time = 1.133299e-02 (multicg_offset D) masses = 7 iters = 30 mflops = 5.992276e+03
 OK converged final_rsq= 8.3e-13 (cf 1e-12) rel = 1 (cf 0) restarts = 0 iters= 30
CONGRAD5: time = 1.125193e-02 (multicg_offset D) masses = 7 iters = 30 mflops = 6.035447e+03
 OK converged final_rsq= 5.5e-13 (cf 1e-12) rel = 1 (cf 0) restarts = 0 iters= 30
CONGRAD5: time = 1.092219e-02 (multicg_offset D) masses = 7 iters = 29 mflops = 6.010397e+03
 OK converged final_rsq= 9.7e-13 (cf 1e-12) rel = 1 (cf 0) restarts = 0 iters= 29
Calling fn_fermion_force_multi_hisq_wrapper_mx_cpu
FFTIME:  time = 8.918819e-01 (HISQ D) terms = 30 flops/site = 2152598 mflops = 4.170607e+03
GFTIME:   time = 8.595300e-02 (Symanzik1) mflops = 3.075994e+03
GFTIME:   time = 8.570600e-02 (Symanzik1) mflops = 3.084859e+03
Combined fattening and long-link calculation time: 0.005689
FLTIME: time = 1.341295e-02 (HISQ D) mflops = 0.000000e+00
CONGRAD5: time = 1.444197e-02 (multicg_offset D) masses = 9 iters = 36 mflops = 5.771978e+03
 OK converged final_rsq= 9.8e-13 (cf 1e-12) rel = 1 (cf 0) restarts = 0 iters= 36
CONGRAD5: time = 1.240897e-02 (multicg_offset D) masses = 7 iters = 33 mflops = 6.019954e+03
 OK converged final_rsq= 4.8e-13 (cf 1e-12) rel = 1 (cf 0) restarts = 0 iters= 33
CONGRAD5: time = 1.249886e-02 (multicg_offset D) masses = 7 iters = 33 mflops = 5.976662e+03
 OK converged final_rsq= 4.7e-13 (cf 1e-12) rel = 1 (cf 0) restarts = 0 iters= 33
CONGRAD5: time = 1.239920e-02 (multicg_offset D) masses = 7 iters = 33 mflops = 6.024700e+03
 OK converged final_rsq= 4.4e-13 (cf 1e-12) rel = 1 (cf 0) restarts = 0 iters= 33
Calling fn_fermion_force_multi_hisq_wrapper_mx_cpu
FFTIME:  time = 8.962851e-01 (HISQ D) terms = 30 flops/site = 2152598 mflops = 4.150119e+03
GFTIME:   time = 8.586788e-02 (Symanzik1) mflops = 3.079043e+03
GFTIME:   time = 8.583403e-02 (Symanzik1) mflops = 3.080258e+03
GFTIME:   time = 8.568096e-02 (Symanzik1) mflops = 3.085760e+03
GFTIME:   time = 8.579922e-02 (Symanzik1) mflops = 3.081507e+03
Combined fattening and long-link calculation time: 0.005774
FLTIME: time = 1.338196e-02 (HISQ D) mflops = 0.000000e+00
CONGRAD5: time = 1.681995e-02 (multicg_offset D) masses = 9 iters = 42 mflops = 5.781933e+03
 OK converged final_rsq= 3.8e-13 (cf 1e-12) rel = 1 (cf 0) restarts = 0 iters= 42
CONGRAD5: time = 1.279712e-02 (multicg_offset D) masses = 7 iters = 34 mflops = 6.014255e+03
 OK converged final_rsq= 2.2e-13 (cf 1e-12) rel = 1 (cf 0) restarts = 0 iters= 34
CONGRAD5: time = 1.280499e-02 (multicg_offset D) masses = 7 iters = 34 mflops = 6.010559e+03
 OK converged final_rsq= 2.1e-13 (cf 1e-12) rel = 1 (cf 0) restarts = 0 iters= 34
CONGRAD5: time = 1.280403e-02 (multicg_offset D) masses = 7 iters = 34 mflops = 6.011007e+03
 OK converged final_rsq= 1.9e-13 (cf 1e-12) rel = 1 (cf 0) restarts = 0 iters= 34
Calling fn_fermion_force_multi_hisq_wrapper_mx_cpu
FFTIME:  time = 8.917902e-01 (HISQ D) terms = 30 flops/site = 2152598 mflops = 4.171037e+03
GFTIME:   time = 8.587098e-02 (Symanzik1) mflops = 3.078932e+03
GFTIME:   time = 8.573604e-02 (Symanzik1) mflops = 3.083778e+03
Combined fattening and long-link calculation time: 0.005836
FLTIME: time = 1.359010e-02 (HISQ D) mflops = 0.000000e+00
CONGRAD5: time = 1.690388e-02 (multicg_offset D) masses = 9 iters = 42 mflops = 5.753227e+03
 OK converged final_rsq= 7.9e-13 (cf 1e-12) rel = 1 (cf 0) restarts = 0 iters= 42
CONGRAD5: time = 1.278186e-02 (multicg_offset D) masses = 7 iters = 34 mflops = 6.021434e+03
 OK converged final_rsq= 4.3e-13 (cf 1e-12) rel = 1 (cf 0) restarts = 0 iters= 34
CONGRAD5: time = 1.277995e-02 (multicg_offset D) masses = 7 iters = 34 mflops = 6.022333e+03
 OK converged final_rsq= 4.2e-13 (cf 1e-12) rel = 1 (cf 0) restarts = 0 iters= 34
CONGRAD5: time = 1.277208e-02 (multicg_offset D) masses = 7 iters = 34 mflops = 6.026043e+03
 OK converged final_rsq= 3.6e-13 (cf 1e-12) rel = 1 (cf 0) restarts = 0 iters= 34
Calling fn_fermion_force_multi_hisq_wrapper_mx_cpu
FFTIME:  time = 8.913829e-01 (HISQ D) terms = 30 flops/site = 2152598 mflops = 4.172942e+03
GFTIME:   time = 8.592415e-02 (Symanzik1) mflops = 3.077027e+03
GFTIME:   time = 8.576608e-02 (Symanzik1) mflops = 3.082698e+03
GFTIME:   time = 8.646011e-02 (Symanzik1) mflops = 3.057952e+03
GFTIME:   time = 8.566308e-02 (Symanzik1) mflops = 3.086404e+03
Combined fattening and long-link calculation time: 0.006973
FLTIME: time = 1.568508e-02 (HISQ D) mflops = 0.000000e+00
CONGRAD5: time = 1.722002e-02 (multicg_offset D) masses = 9 iters = 43 mflops = 5.782070e+03
 OK converged final_rsq= 4.4e-13 (cf 1e-12) rel = 1 (cf 0) restarts = 0 iters= 43
CONGRAD5: time = 1.319909e-02 (multicg_offset D) masses = 7 iters = 35 mflops = 6.002595e+03
 OK converged final_rsq= 2.1e-13 (cf 1e-12) rel = 1 (cf 0) restarts = 0 iters= 35
CONGRAD5: time = 1.325703e-02 (multicg_offset D) masses = 7 iters = 35 mflops = 5.976363e+03
 OK converged final_rsq= 2.1e-13 (cf 1e-12) rel = 1 (cf 0) restarts = 0 iters= 35
CONGRAD5: time = 1.277614e-02 (multicg_offset D) masses = 7 iters = 34 mflops = 6.024131e+03
 OK converged final_rsq= 8.7e-13 (cf 1e-12) rel = 1 (cf 0) restarts = 0 iters= 34
Calling fn_fermion_force_multi_hisq_wrapper_mx_cpu
FFTIME:  time = 8.931921e-01 (HISQ D) terms = 30 flops/site = 2152598 mflops = 4.164490e+03
GFTIME:   time = 8.586311e-02 (Symanzik1) mflops = 3.079214e+03
GFTIME:   time = 8.571100e-02 (Symanzik1) mflops = 3.084679e+03
Combined fattening and long-link calculation time: 0.005697
FLTIME: time = 1.346993e-02 (HISQ D) mflops = 0.000000e+00
CONGRAD5: time = 1.761198e-02 (multicg_offset D) masses = 9 iters = 44 mflops = 5.784862e+03
 OK converged final_rsq= 7.1e-13 (cf 1e-12) rel = 1 (cf 0) restarts = 0 iters= 44
CONGRAD5: time = 1.316094e-02 (multicg_offset D) masses = 7 iters = 35 mflops = 6.019994e+03
 OK converged final_rsq= 3.8e-13 (cf 1e-12) rel = 1 (cf 0) restarts = 0 iters= 35
CONGRAD5: time = 1.315498e-02 (multicg_offset D) masses = 7 iters = 35 mflops = 6.022721e+03
 OK converged final_rsq= 3.6e-13 (cf 1e-12) rel = 1 (cf 0) restarts = 0 iters= 35
CONGRAD5: time = 1.317096e-02 (multicg_offset D) masses = 7 iters = 35 mflops = 6.015417e+03
 OK converged final_rsq= 2.9e-13 (cf 1e-12) rel = 1 (cf 0) restarts = 0 iters= 35
Calling fn_fermion_force_multi_hisq_wrapper_mx_cpu
FFTIME:  time = 8.942180e-01 (HISQ D) terms = 30 flops/site = 2152598 mflops = 4.159712e+03
GFTIME:   time = 8.625603e-02 (Symanzik1) mflops = 3.065188e+03
GFTIME:   time = 8.587599e-02 (Symanzik1) mflops = 3.078752e+03
GFTIME:   time = 8.584094e-02 (Symanzik1) mflops = 3.080009e+03
GFTIME:   time = 8.574820e-02 (Symanzik1) mflops = 3.083341e+03
Combined fattening and long-link calculation time: 0.005793
FLTIME: time = 1.364899e-02 (HISQ D) mflops = 0.000000e+00
CONGRAD5: time = 1.932192e-02 (multicg_offset D) masses = 9 iters = 48 mflops = 5.752274e+03
 OK converged final_rsq= 5.5e-13 (cf 1e-12) rel = 1 (cf 0) restarts = 0 iters= 48
CONGRAD5: time = 1.318097e-02 (multicg_offset D) masses = 7 iters = 35 mflops = 6.010847e+03
 OK converged final_rsq= 9.3e-13 (cf 1e-12) rel = 1 (cf 0) restarts = 0 iters= 35
CONGRAD5: time = 1.320100e-02 (multicg_offset D) masses = 7 iters = 35 mflops = 6.001728e+03
 OK converged final_rsq= 8.3e-13 (cf 1e-12) rel = 1 (cf 0) restarts = 0 iters= 35
CONGRAD5: time = 1.318789e-02 (multicg_offset D) masses = 7 iters = 35 mflops = 6.007696e+03
 OK converged final_rsq= 6.5e-13 (cf 1e-12) rel = 1 (cf 0) restarts = 0 iters= 35
Calling fn_fermion_force_multi_hisq_wrapper_mx_cpu
FFTIME:  time = 8.969369e-01 (HISQ D) terms = 30 flops/site = 2152598 mflops = 4.147103e+03
GFTIME:   time = 8.589292e-02 (Symanzik1) mflops = 3.078146e+03
PLAQUETTE ACTION: -6.510662e+04
Combined fattening and long-link calculation time: 0.005839
FLTIME: time = 1.369810e-02 (HISQ D) mflops = 0.000000e+00
CONGRAD5: time = 2.040291e-02 (multicg_offset D) masses = 11 iters = 48 mflops = 5.569465e+03
 OK converged final_rsq= 7.6e-13 (cf 1e-12) rel = 1 (cf 0) restarts = 0 iters= 48
CONGRAD5: time = 1.564002e-02 (multicg_offset D) masses = 9 iters = 39 mflops = 5.773987e+03
 OK converged final_rsq= 3.5e-13 (cf 1e-12) rel = 1 (cf 0) restarts = 0 iters= 39
CONGRAD5: time = 1.562500e-02 (multicg_offset D) masses = 9 iters = 39 mflops = 5.779538e+03
 OK converged final_rsq= 3.5e-13 (cf 1e-12) rel = 1 (cf 0) restarts = 0 iters= 39
CONGRAD5: time = 1.397800e-02 (multicg_offset D) masses = 9 iters = 35 mflops = 5.797909e+03
 OK converged final_rsq= 1e-12 (cf 1e-12) rel = 1 (cf 0) restarts = 0 iters= 35
ACTION: g,h,f = 1.01833500634119e+04  -1.04161626281155e+04  1.04794704580615e+04  1.02466578933579e+04
DG = 1.018335e+04, DH = -1.021469e+04, DF = 3.118282e+01, D = -1.579393e-01
ACCEPT: delta S = -1.579393e-01
PLAQ:	2.5431519308536963	2.5483941416244487
P_LOOP:	1.805256e+00	-3.103760e-03
G_LOOP:  0  0  4   	2.5456505652950745e+00	( 0 1 7 6  )
G_LOOP:  0  1  4   	2.5389603162984224e+00	( 0 2 7 5  )
G_LOOP:  0  2  4   	2.5465645631719891e+00	( 0 3 7 4  )
G_LOOP:  0  3  4   	2.5448449109676128e+00	( 1 2 6 5  )
G_LOOP:  0  4  4   	2.5555391581122202e+00	( 1 3 6 4  )
G_LOOP:  0  5  4   	2.5430787035891305e+00	( 2 3 5 4  )
G_LOOP:  1  0  6   	2.3166723233171247e+00	( 0 0 1 7 7 6  )
G_LOOP:  1  1  6   	2.3180621131001424e+00	( 0 0 2 7 7 5  )
G_LOOP:  1  2  6   	2.3242698925811109e+00	( 0 0 3 7 7 4  )
G_LOOP:  1  3  6   	2.3134258711141453e+00	( 1 1 0 6 6 7  )
G_LOOP:  1  4  6   	2.3097865522085477e+00	( 1 1 2 6 6 5  )
G_LOOP:  1  5  6   	2.3216074286998896e+00	( 1 1 3 6 6 4  )
G_LOOP:  1  6  6   	2.3077532856624861e+00	( 2 2 0 5 5 7  )
G_LOOP:  1  7  6   	2.3208713842488242e+00	( 2 2 1 5 5 6  )
G_LOOP:  1  8  6   	2.3031725162153038e+00	( 2 2 3 5 5 4  )
G_LOOP:  1  9  6   	2.3317709257433061e+00	( 3 3 0 4 4 7  )
G_LOOP:  1  10  6   	2.3373552055995557e+00	( 3 3 1 4 4 6  )
G_LOOP:  1  11  6   	2.3203689131094749e+00	( 3 3 2 4 4 5  )
G_LOOP:  2  0  6   	2.3264183093749020e+00	( 0 1 2 7 6 5  )
G_LOOP:  2  1  6   	2.3173282186252817e+00	( 0 1 5 7 6 2  )
G_LOOP:  2  2  6   	2.3289204803630112e+00	( 0 6 2 7 1 5  )
G_LOOP:  2  3  6   	2.3283023332641997e+00	( 0 6 5 7 1 2  )
G_LOOP:  2  4  6   	2.3298666238962684e+00	( 0 1 3 7 6 4  )
G_LOOP:  2  5  6   	2.3383902053225283e+00	( 0 1 4 7 6 3  )
G_LOOP:  2  6  6   	2.3263925022448002e+00	( 0 6 3 7 1 4  )
G_LOOP:  2  7  6   	2.3442530239097019e+00	( 0 6 4 7 1 3  )
G_LOOP:  2  8  6   	2.3174997384554366e+00	( 0 2 3 7 5 4  )
G_LOOP:  2  9  6   	2.3180240824346332e+00	( 0 2 4 7 5 3  )
G_LOOP:  2  10  6   	2.3082408663164586e+00	( 0 5 3 7 2 4  )
G_LOOP:  2  11  6   	2.3255882864546260e+00	( 0 5 4 7 2 3  )
G_LOOP:  2  12  6   	2.3290873549236784e+00	( 1 2 3 6 5 4  )
G_LOOP:  2  13  6   	2.3308788580277082e+00	( 1 2 4 6 5 3  )
G_LOOP:  2  14  6   	2.3323495711388138e+00	( 1 5 3 6 2 4  )
G_LOOP:  2  15  6   	2.3349527279220226e+00	( 1 5 4 6 2 3  )
GACTION: 2.389112e+00
CONGRAD5: time = 1.906610e-02 (fn D) masses = 1 iters = 59 mflops = 6.347237e+03
 OK converged final_rsq= 3.2e-17 (cf 1e-16) rel = 1 (cf 0) restarts = 1 iters= 59
CONGRAD5: time = 6.778002e-03 (fn D) masses = 1 iters = 20 mflops = 6.052332e+03
 OK converged final_rsq= 4.2e-17 (cf 1e-16) rel = 1 (cf 0) restarts = 1 iters= 20
PBP: mass 1.800000e-03     2.462011e-02  -2.077919e-02  -3.931741e-02  -3.931741e-02 ( 1 of 1 )
FACTION: mass = 1.800000e-03,  1.473047e+00 ( 1 of 1 )
CONGRAD5: time = 1.914096e-02 (fn D) masses = 1 iters = 59 mflops = 6.322412e+03
 OK converged final_rsq= 3.2e-17 (cf 1e-16) rel = 1 (cf 0) restarts = 1 iters= 59
CONGRAD5: time = 4.224062e-03 (fn D) masses = 1 iters = 12 mflops = 5.827005e+03
 OK converged final_rsq= 2.9e-17 (cf 1e-16) rel = 1 (cf 0) restarts = 1 iters= 12
PBP: mass 1.800000e-02     2.419010e-02  1.589586e-02  -2.587383e-02  -2.587383e-02 ( 1 of 1 )
FACTION: mass = 1.800000e-02,  1.501951e+00 ( 1 of 1 )
RUNNING COMPLETED
average cg iters for step= 1.320000e+02
Time = 1.260508e+01 seconds
total_iters = 1776


get_i(0): EOF on input.
About to call QUDA_FINALIZE

               initQuda Total time = 6.53582 secs

      computeKSLinkQuda Total time = 0.144621 secs
              download     = 0.009971 secs (  6.89%), with       24 calls at 4.154583e+02 us per call
                upload     = 0.021584 secs (  14.9%), with       48 calls at 4.496667e+02 us per call
                  init     = 0.019464 secs (  13.5%), with       84 calls at 2.317143e+02 us per call
               compute     = 0.073747 secs (    51%), with       36 calls at 2.048528e+03 us per call
                  free     = 0.010408 secs (   7.2%), with       48 calls at 2.168333e+02 us per call
              constant     = 0.007982 secs (  5.52%), with       24 calls at 3.325833e+02 us per call
     total accounted       = 0.143156 secs (    99%)
     total missing         = 0.001465 secs (  1.01%)

                endQuda Total time = 0.1339 secs

Device memory used = 5.2 MB
Page-locked host memory used = 2.5 MB
Total host memory used >= 3.2 MB

exit: Fri Jan 31 11:45:41 2014

