SU3 with improved KS action
Microcanonical simulation with refreshing
Rational function hybrid Monte Carlo algorithm
MIMD version 7.7.10-a8
Machine = Scalar processor, with 1 nodes
Host(0) = feynman.chpc.utah.edu
Username = u0731948
start: Fri Jan 31 12:01:14 2014

Options selected...
Generic double precision
C_GLOBAL_INLINE
HALF_MIXED
DBLSTORE_FN
D_FN_GATHER13
FEWSUMS
KS_MULTICG=HYBRID
KS_MULTIFF=FNMAT
VECLENGTH=4
INT_ALG=INT_3G1F
HISQ_REUNIT_ALLOW_SVD
HISQ_REUNIT_SVD_REL_ERROR = 1e-08
HISQ_REUNIT_SVD_ABS_ERROR = 1e-08
HISQ_FORCE_FILTER = 5e-05
HISQ_FF_MULTI_WRAPPER is ON
type 0 for no prompts, 1 for prompts, or 2 for proofreading
nx 6
ny 4
nz 4
nt 4
iseed 86658
n_pseudo 4
load_rhmc_params rationals.sample.su3_rhmc_hisq
beta 7.4
n_dyn_masses 2
dyn_mass 0.0018 0.018 
dyn_flavors 2 1 
u0 0.89
n_pseudo 4
Loading rational function parameters for phi field 0
naik_term_epsilon 0
# New rational function
# Approximation bounds are [1.000000e-15,9.000000e+01]
# Precision of arithmetic is 75
# Degree of the approximation is (9,9)
# Approximating the function (x+4*0.001800^2)^(2/4) (x+4*0.018000^2)^(1/4) (x+4*0.200000^2)^(-3/4) (x+4*1.000000^2)^(0/4)
# Converged at 2193 iterations, error = 7.142803e-07
# Rational function for MD
y_MD -2 -1 3 0 
z_MD 4 4 4 4 
m_MD 0.0018 0.018 0.2 1 
order_MD 9
Loading order 9 rational function approximation for MD:
f(x) = (x+4*0.001800^2)^(-2/4) (x+4*0.018000^2)^(-1/4)
       (x+4*0.200000^2)^(3/4) (x+4*1.000000^2)^(0/4)
res_MD 1
res_MD 0.00204485
res_MD 0.00290467
res_MD 0.00501695
res_MD 0.00952897
res_MD 0.0212092
res_MD 0.0199943
res_MD 0.0226512
res_MD 0.0237042
res_MD 0.0126097
pole_MD 99.9
pole_MD 1.43113e-05
pole_MD 2.87352e-05
pole_MD 8.40811e-05
pole_MD 0.000281161
pole_MD 0.000954202
pole_MD 0.0029716
pole_MD 0.0107592
pole_MD 0.036199
pole_MD 0.0989838
# CHECK: f(1.000000e-15) = 3.703701e+02 = 6.085806e+01?
# New rational function
# Approximation bounds are [1.000000e-15,9.000000e+01]
# Precision of arithmetic is 75
# Degree of the approximation is (11,11)
# Approximating the function (x+4*0.001800^2)^(2/8) (x+4*0.018000^2)^(1/8) (x+4*0.200000^2)^(-3/8) (x+4*1.000000^2)^(0/8)
# Converged at 1854 iterations, error = 2.609214e-08
# Rational function for GR
y_GR 2 1 -3 0 
z_GR 8 8 8 8 
m_GR 0.0018 0.018 0.2 1 
order_GR 11
Loading order 11 rational function approximation for GR:
f(x) = (x+4*0.001800^2)^(2/8) (x+4*0.018000^2)^(1/8)
       (x+4*0.200000^2)^(-3/8) (x+4*1.000000^2)^(0/8)
res_GR 1
res_GR -6.1182e-08
res_GR -3.19729e-07
res_GR -1.28897e-06
res_GR -4.91642e-06
res_GR -1.78857e-05
res_GR -8.96491e-05
res_GR -0.000423832
res_GR -0.00175458
res_GR -0.00654152
res_GR -0.0192293
res_GR -0.0317711
pole_GR 99.9
pole_GR 1.60773e-05
pole_GR 3.10382e-05
pole_GR 7.66803e-05
pole_GR 0.000210211
pole_GR 0.000600022
pole_GR 0.00186906
pole_GR 0.00519622
pole_GR 0.0143729
pole_GR 0.0377859
pole_GR 0.0865726
pole_GR 0.146356
# CHECK: f(1.000000e-15) = 5.196153e-02 = 1.281861e-01?
# Rational function for FA
y_FA -2 -1 3 0 
z_FA 8 8 8 8 
m_FA 0.0018 0.018 0.2 1 
order_FA 11
Loading order 11 rational function approximation for FA:
f(x) = (x+4*0.001800^2)^(-2/8) (x+4*0.018000^2)^(-1/8)
       (x+4*0.200000^2)^(3/8) (x+4*1.000000^2)^(0/8)
res_FA 1
res_FA 3.67927e-05
res_FA 8.34287e-05
res_FA 0.000179646
res_FA 0.000397614
res_FA 0.000916432
res_FA 0.00260832
res_FA 0.00468862
res_FA 0.00831646
res_FA 0.0138142
res_FA 0.0178882
res_FA 0.0109047
pole_FA 99.9
pole_FA 1.45263e-05
pole_FA 2.55335e-05
pole_FA 6.03301e-05
pole_FA 0.000162506
pole_FA 0.000460594
pole_FA 0.00131886
pole_FA 0.00353418
pole_FA 0.00984542
pole_FA 0.0265604
pole_FA 0.0650361
pole_FA 0.126233
Loading rational function parameters for phi field 1
# CHECK: f(1.000000e-15) = 1.924501e+01 = 7.801158e+00?
naik_term_epsilon 0
# New rational function
# Approximation bounds are [1.000000e-15,9.000000e+01]
# Precision of arithmetic is 65
# Degree of the approximation is (7,7)
# Approximating the function (x+4*0.200000^2)^(1/4) (x+4*1.000000^2)^(0/4) (x+4*1.000000^2)^(0/4) (x+4*1.000000^2)^(0/4)
# Converged at 327 iterations, error = 2.398230e-07
# Rational function for MD
y_MD -1 0 0 0 
z_MD 4 4 4 4 
m_MD 0.2 1 1 1 
order_MD 7
Loading order 7 rational function approximation for MD:
f(x) = (x+4*0.200000^2)^(-1/4) (x+4*1.000000^2)^(0/4)
       (x+4*1.000000^2)^(0/4) (x+4*1.000000^2)^(0/4)
res_MD 0.14923
res_MD 0.046061
res_MD 0.1138
res_MD 0.274536
res_MD 0.687619
res_MD 1.83201
res_MD 5.87481
res_MD 38.0862
pole_MD 99.9
pole_MD 0.185283
pole_MD 0.375399
pole_MD 1.05812
pole_MD 3.40313
pole_MD 11.7405
pole_MD 45.73
pole_MD 283.916
# CHECK: f(1.000000e-15) = 1.581138e+00 = 1.581139e+00?
# New rational function
# Approximation bounds are [1.000000e-15,9.000000e+01]
# Precision of arithmetic is 65
# Degree of the approximation is (9,9)
# Approximating the function (x+4*0.200000^2)^(1/8) (x+4*1.000000^2)^(0/8) (x+4*1.000000^2)^(0/8) (x+4*1.000000^2)^(0/8)
# Converged at 422 iterations, error = 1.700228e-09
# Rational function for GR
y_GR 1 0 0 0 
z_GR 8 8 8 8 
m_GR 0.2 1 1 1 
order_GR 9
Loading order 9 rational function approximation for GR:
f(x) = (x+4*0.200000^2)^(1/8) (x+4*1.000000^2)^(0/8)
       (x+4*1.000000^2)^(0/8) (x+4*1.000000^2)^(0/8)
res_GR 2.73277
res_GR -0.00512886
res_GR -0.0204789
res_GR -0.0639514
res_GR -0.192686
res_GR -0.585195
res_GR -1.85803
res_GR -6.68946
res_GR -34.4017
res_GR -617.898
pole_GR 99.9
pole_GR 0.186425
pole_GR 0.315826
pole_GR 0.679106
pole_GR 1.64209
pole_GR 4.20254
pole_GR 11.2153
pole_GR 32.0724
pole_GR 110.326
pole_GR 764.415
# CHECK: f(1.000000e-15) = 7.952707e-01 = 7.952707e-01?
# Rational function for FA
y_FA -1 0 0 0 
z_FA 8 8 8 8 
m_FA 0.2 1 1 1 
order_FA 9
Loading order 9 rational function approximation for FA:
f(x) = (x+4*0.200000^2)^(-1/8) (x+4*1.000000^2)^(0/8)
       (x+4*1.000000^2)^(0/8) (x+4*1.000000^2)^(0/8)
res_FA 0.365929
res_FA 0.0109316
res_FA 0.0292903
res_FA 0.0678756
res_FA 0.157093
res_FA 0.370027
res_FA 0.906451
res_FA 2.45234
res_FA 8.71503
res_FA 75.8971
pole_FA 99.9
pole_FA 0.178875
pole_FA 0.290944
pole_FA 0.612037
pole_FA 1.46486
pole_FA 3.72845
pole_FA 9.8933
pole_FA 27.9493
pole_FA 92.735
pole_FA 546.062
Loading rational function parameters for phi field 2
# CHECK: f(1.000000e-15) = 1.257433e+00 = 1.257433e+00?
naik_term_epsilon 0
# New rational function
# Approximation bounds are [1.000000e-15,9.000000e+01]
# Precision of arithmetic is 65
# Degree of the approximation is (7,7)
# Approximating the function (x+4*0.200000^2)^(1/4) (x+4*1.000000^2)^(0/4) (x+4*1.000000^2)^(0/4) (x+4*1.000000^2)^(0/4)
# Converged at 327 iterations, error = 2.398230e-07
# Rational function for MD
y_MD -1 0 0 0 
z_MD 4 4 4 4 
m_MD 0.2 1 1 1 
order_MD 7
Loading order 7 rational function approximation for MD:
f(x) = (x+4*0.200000^2)^(-1/4) (x+4*1.000000^2)^(0/4)
       (x+4*1.000000^2)^(0/4) (x+4*1.000000^2)^(0/4)
res_MD 0.14923
res_MD 0.046061
res_MD 0.1138
res_MD 0.274536
res_MD 0.687619
res_MD 1.83201
res_MD 5.87481
res_MD 38.0862
pole_MD 99.9
pole_MD 0.185283
pole_MD 0.375399
pole_MD 1.05812
pole_MD 3.40313
pole_MD 11.7405
pole_MD 45.73
pole_MD 283.916
# CHECK: f(1.000000e-15) = 1.581138e+00 = 1.581139e+00?
# New rational function
# Approximation bounds are [1.000000e-15,9.000000e+01]
# Precision of arithmetic is 65
# Degree of the approximation is (9,9)
# Approximating the function (x+4*0.200000^2)^(1/8) (x+4*1.000000^2)^(0/8) (x+4*1.000000^2)^(0/8) (x+4*1.000000^2)^(0/8)
# Converged at 422 iterations, error = 1.700228e-09
# Rational function for GR
y_GR 1 0 0 0 
z_GR 8 8 8 8 
m_GR 0.2 1 1 1 
order_GR 9
Loading order 9 rational function approximation for GR:
f(x) = (x+4*0.200000^2)^(1/8) (x+4*1.000000^2)^(0/8)
       (x+4*1.000000^2)^(0/8) (x+4*1.000000^2)^(0/8)
res_GR 2.73277
res_GR -0.00512886
res_GR -0.0204789
res_GR -0.0639514
res_GR -0.192686
res_GR -0.585195
res_GR -1.85803
res_GR -6.68946
res_GR -34.4017
res_GR -617.898
pole_GR 99.9
pole_GR 0.186425
pole_GR 0.315826
pole_GR 0.679106
pole_GR 1.64209
pole_GR 4.20254
pole_GR 11.2153
pole_GR 32.0724
pole_GR 110.326
pole_GR 764.415
# CHECK: f(1.000000e-15) = 7.952707e-01 = 7.952707e-01?
# Rational function for FA
y_FA -1 0 0 0 
z_FA 8 8 8 8 
m_FA 0.2 1 1 1 
order_FA 9
Loading order 9 rational function approximation for FA:
f(x) = (x+4*0.200000^2)^(-1/8) (x+4*1.000000^2)^(0/8)
       (x+4*1.000000^2)^(0/8) (x+4*1.000000^2)^(0/8)
res_FA 0.365929
res_FA 0.0109316
res_FA 0.0292903
res_FA 0.0678756
res_FA 0.157093
res_FA 0.370027
res_FA 0.906451
res_FA 2.45234
res_FA 8.71503
res_FA 75.8971
pole_FA 99.9
pole_FA 0.178875
pole_FA 0.290944
pole_FA 0.612037
pole_FA 1.46486
pole_FA 3.72845
pole_FA 9.8933
pole_FA 27.9493
pole_FA 92.735
pole_FA 546.062
Loading rational function parameters for phi field 3
# CHECK: f(1.000000e-15) = 1.257433e+00 = 1.257433e+00?
# New rational function
# Approximation bounds are [1.000000e-15,9.000000e+01]
# Precision of arithmetic is 65
# Degree of the approximation is (7,7)
# Approximating the function (x+4*0.200000^2)^(1/4) (x+4*1.000000^2)^(0/4) (x+4*1.000000^2)^(0/4) (x+4*1.000000^2)^(0/4)
# Converged at 327 iterations, error = 2.398230e-07
naik_term_epsilon 0
# Rational function for MD
y_MD -1 0 0 0 
z_MD 4 4 4 4 
m_MD 0.2 1 1 1 
order_MD 7
Loading order 7 rational function approximation for MD:
f(x) = (x+4*0.200000^2)^(-1/4) (x+4*1.000000^2)^(0/4)
       (x+4*1.000000^2)^(0/4) (x+4*1.000000^2)^(0/4)
res_MD 0.14923
res_MD 0.046061
res_MD 0.1138
res_MD 0.274536
res_MD 0.687619
res_MD 1.83201
res_MD 5.87481
res_MD 38.0862
pole_MD 99.9
pole_MD 0.185283
pole_MD 0.375399
pole_MD 1.05812
pole_MD 3.40313
pole_MD 11.7405
pole_MD 45.73
pole_MD 283.916
# CHECK: f(1.000000e-15) = 1.581138e+00 = 1.581139e+00?
# New rational function
# Approximation bounds are [1.000000e-15,9.000000e+01]
# Precision of arithmetic is 65
# Degree of the approximation is (9,9)
# Approximating the function (x+4*0.200000^2)^(1/8) (x+4*1.000000^2)^(0/8) (x+4*1.000000^2)^(0/8) (x+4*1.000000^2)^(0/8)
# Converged at 422 iterations, error = 1.700228e-09
# Rational function for GR
y_GR 1 0 0 0 
z_GR 8 8 8 8 
m_GR 0.2 1 1 1 
order_GR 9
Loading order 9 rational function approximation for GR:
f(x) = (x+4*0.200000^2)^(1/8) (x+4*1.000000^2)^(0/8)
       (x+4*1.000000^2)^(0/8) (x+4*1.000000^2)^(0/8)
res_GR 2.73277
res_GR -0.00512886
res_GR -0.0204789
res_GR -0.0639514
res_GR -0.192686
res_GR -0.585195
res_GR -1.85803
res_GR -6.68946
res_GR -34.4017
res_GR -617.898
pole_GR 99.9
pole_GR 0.186425
pole_GR 0.315826
pole_GR 0.679106
pole_GR 1.64209
pole_GR 4.20254
pole_GR 11.2153
pole_GR 32.0724
pole_GR 110.326
pole_GR 764.415
# CHECK: f(1.000000e-15) = 7.952707e-01 = 7.952707e-01?
# Rational function for FA
y_FA -1 0 0 0 
z_FA 8 8 8 8 
m_FA 0.2 1 1 1 
order_FA 9
Loading order 9 rational function approximation for FA:
f(x) = (x+4*0.200000^2)^(-1/8) (x+4*1.000000^2)^(0/8)
       (x+4*1.000000^2)^(0/8) (x+4*1.000000^2)^(0/8)
res_FA 0.365929
res_FA 0.0109316
res_FA 0.0292903
res_FA 0.0678756
res_FA 0.157093
res_FA 0.370027
res_FA 0.906451
res_FA 2.45234
res_FA 8.71503
res_FA 75.8971
pole_FA 99.9
pole_FA 0.178875
pole_FA 0.290944
pole_FA 0.612037
pole_FA 1.46486
pole_FA 3.72845
pole_FA 9.8933
pole_FA 27.9493
pole_FA 92.735
pole_FA 546.062
Maximum rational func order is 11
Naik term correction structure of multi_x:
n_naiks 1
n_pseudo_naik[0]=4
n_orders_naik[0]=30
eps_naik[0]=0.000000
n_order_naik_total 30
LAYOUT = Hypercubes, options = with fixed node_geometry
ON EACH NODE 6 x 4 x 4 x 4
Mallocing 0.8 MBytes per node for lattice
Made lattice
Made nn gathers
Made 3nn gathers
Finished setup


warms 0
trajecs 1
traj_between_meas 1
microcanonical_time_step 0.02
steps_per_trajectory 10
cgresid_md_fa_gr 1e-08 1e-08 1e-08 
max_multicg_md_fa_gr 2500 2500 2500 
cgprec_md_fa_gr 2 2 2 
cgresid_md_fa_gr 1e-08 1e-08 1e-08 
max_multicg_md_fa_gr 2500 2500 2500 
cgprec_md_fa_gr 2 2 2 
cgresid_md_fa_gr 1e-08 1e-08 1e-08 
max_multicg_md_fa_gr 2500 2500 2500 
cgprec_md_fa_gr 2 2 2 
cgresid_md_fa_gr 1e-08 1e-08 1e-08 
max_multicg_md_fa_gr 2500 2500 2500 
cgprec_md_fa_gr 2 2 2 
prec_ff 2
number_of_pbp_masses 2
max_cg_prop 500
max_cg_prop_restarts 5
npbp_reps 1
prec_pbp 2
mass 0.0018
naik_term_epsilon 0
error_for_propagator 1e-08
rel_error_for_propagator 0
mass 0.018
naik_term_epsilon 0
error_for_propagator 1e-08
rel_error_for_propagator 0
fresh 
forget 
unit gauge configuration loaded
CHECK PLAQ: 3.0000000000000000e+00 3.0000000000000000e+00
CHECK NERSC LINKTR: 1.0000000000000000e+00 CKSUM: 0
Reunitarized for double precision. Max deviation 0.00e+00 changed to 0.00e+00
Time to check unitarity = 6.110668e-04
"Fat 7 (level 1)"
path coefficients: npath  path_coeff
                    0      1.250000e-01
                    1      -6.250000e-02
                    2      1.562500e-02
                    3      -2.604167e-03
Unitarization method = UNITARIZE_ANALYTIC
Unitarizaton group = U(3)
"Fat7 + 2xLepage"
path coefficients: npath  path_coeff
                    0      1.000000e+00
                    1      -4.166667e-02
                    2      -6.250000e-02
                    3      1.562500e-02
                    4      -2.604167e-03
                    5      -1.250000e-01
"1-link + Naik"
path coefficients: npath  path_coeff
                    0      1.250000e-01
                    1      -4.166667e-02
MAKING PATH TABLES
Found device 0: Tesla K20c
Found device 1: Tesla K20c
Using device 0: Tesla K20c
Setting NUMA affinity for device 0 to CPU core 0
WARNING: Environment variable QUDA_RESOURCE_PATH is not set.
WARNING: Caching of tuned parameters will be disabled.
Combined fattening and long-link calculation time: 0.004151
FLTIME: time = 5.509411e+00 (HISQ D) mflops = 0.000000e+00
Symanzik 1x1 + 1x2 + 1x1x1 action with HISQ quark loops
gauge_action: total_dyn_flavors = 3
loop coefficients: nloop rep loop_coeff  multiplicity
                    0 0      1.000000e+00     6
                    1 0      -4.181006e-02     12
                    2 0      5.149203e-04     16
WARMUPS COMPLETED
Omelyan integration, 3 gauge for one 1 fermion step, steps= 10 eps= 2.000000e-02 alpha= 1.000000e-01 beta= 1.000000e-01
GRSOURCE: sum = 5.5714784671e+02
CONGRAD5: time = 6.420612e-04 (multicg_offset D) masses = 11 iters = 7 mflops = 5.735528e+03
 OK converged final_rsq= 1.9e-32 (cf 1e-12) rel = 1 (cf 0) restarts = 0 iters= 7
GRSOURCE: sum = 5.4998377673e+02
CONGRAD5: time = 5.700588e-04 (multicg_offset D) masses = 9 iters = 7 mflops = 6.318506e+03
 OK converged final_rsq= 2.3e-33 (cf 1e-12) rel = 1 (cf 0) restarts = 0 iters= 7
GRSOURCE: sum = 5.5802222788e+02
CONGRAD5: time = 5.500317e-04 (multicg_offset D) masses = 9 iters = 7 mflops = 6.548568e+03
 OK converged final_rsq= 6.5e-33 (cf 1e-12) rel = 1 (cf 0) restarts = 0 iters= 7
GRSOURCE: sum = 5.6734636915e+02
CONGRAD5: time = 5.581379e-04 (multicg_offset D) masses = 9 iters = 7 mflops = 6.453459e+03
 OK converged final_rsq= 2.7e-33 (cf 1e-12) rel = 1 (cf 0) restarts = 0 iters= 7
PLAQUETTE ACTION: -1.704960e+04
CONGRAD5: time = 5.841255e-04 (multicg_offset D) masses = 11 iters = 7 mflops = 6.304398e+03
 OK converged final_rsq= 3.9e-32 (cf 1e-12) rel = 1 (cf 0) restarts = 0 iters= 7
CONGRAD5: time = 5.581379e-04 (multicg_offset D) masses = 9 iters = 7 mflops = 6.453459e+03
 OK converged final_rsq= 2.8e-33 (cf 1e-12) rel = 1 (cf 0) restarts = 0 iters= 7
CONGRAD5: time = 5.488396e-04 (multicg_offset D) masses = 9 iters = 7 mflops = 6.562792e+03
 OK converged final_rsq= 3.3e-33 (cf 1e-12) rel = 1 (cf 0) restarts = 0 iters= 7
CONGRAD5: time = 5.559921e-04 (multicg_offset D) masses = 9 iters = 7 mflops = 6.478365e+03
 OK converged final_rsq= 2.8e-33 (cf 1e-12) rel = 1 (cf 0) restarts = 0 iters= 7
ACTION: g,h,f = 0.00000000000000e+00  -9.39716311851326e+01  2.23250022046222e+03  2.13852858927709e+03
DG = 0.000000e+00, DH = -9.397163e+01, DF = 2.232500e+03, D = 2.138529e+03
GFTIME:   time = 1.798415e-02 (Symanzik1) mflops = 3.266962e+03
Combined fattening and long-link calculation time: 0.004132
FLTIME: time = 8.707047e-03 (HISQ D) mflops = 0.000000e+00
CONGRAD5: time = 1.096010e-03 (multicg_offset D) masses = 9 iters = 13 mflops = 6.103301e+03
 OK converged final_rsq= 2.6e-13 (cf 1e-12) rel = 1 (cf 0) restarts = 0 iters= 13
CONGRAD5: time = 1.044035e-03 (multicg_offset D) masses = 7 iters = 13 mflops = 6.263698e+03
 OK converged final_rsq= 1.4e-13 (cf 1e-12) rel = 1 (cf 0) restarts = 0 iters= 13
CONGRAD5: time = 1.045942e-03 (multicg_offset D) masses = 7 iters = 13 mflops = 6.252276e+03
 OK converged final_rsq= 1.4e-13 (cf 1e-12) rel = 1 (cf 0) restarts = 0 iters= 13
CONGRAD5: time = 1.055002e-03 (multicg_offset D) masses = 7 iters = 13 mflops = 6.198584e+03
 OK converged final_rsq= 1.2e-13 (cf 1e-12) rel = 1 (cf 0) restarts = 0 iters= 13
Calling fn_fermion_force_multi_hisq_wrapper_mx_cpu
FFTIME:  time = 1.997840e-01 (HISQ D) terms = 30 flops/site = 2152598 mflops = 4.137456e+03
GFTIME:   time = 1.817703e-02 (Symanzik1) mflops = 3.232295e+03
GFTIME:   time = 1.809597e-02 (Symanzik1) mflops = 3.246775e+03
GFTIME:   time = 1.812291e-02 (Symanzik1) mflops = 3.241948e+03
GFTIME:   time = 1.810408e-02 (Symanzik1) mflops = 3.245321e+03
Combined fattening and long-link calculation time: 0.004210
FLTIME: time = 8.661985e-03 (HISQ D) mflops = 0.000000e+00
CONGRAD5: time = 1.191139e-03 (multicg_offset D) masses = 9 iters = 14 mflops = 6.047857e+03
 OK converged final_rsq= 5.7e-13 (cf 1e-12) rel = 1 (cf 0) restarts = 0 iters= 14
CONGRAD5: time = 1.116037e-03 (multicg_offset D) masses = 7 iters = 14 mflops = 6.310326e+03
 OK converged final_rsq= 3.2e-13 (cf 1e-12) rel = 1 (cf 0) restarts = 0 iters= 14
CONGRAD5: time = 1.117945e-03 (multicg_offset D) masses = 7 iters = 14 mflops = 6.299560e+03
 OK converged final_rsq= 2.9e-13 (cf 1e-12) rel = 1 (cf 0) restarts = 0 iters= 14
CONGRAD5: time = 1.124859e-03 (multicg_offset D) masses = 7 iters = 14 mflops = 6.260839e+03
 OK converged final_rsq= 2e-13 (cf 1e-12) rel = 1 (cf 0) restarts = 0 iters= 14
Calling fn_fermion_force_multi_hisq_wrapper_mx_cpu
FFTIME:  time = 1.875188e-01 (HISQ D) terms = 30 flops/site = 2152598 mflops = 4.408078e+03
GFTIME:   time = 1.811194e-02 (Symanzik1) mflops = 3.243911e+03
GFTIME:   time = 1.809907e-02 (Symanzik1) mflops = 3.246219e+03
Combined fattening and long-link calculation time: 0.004079
FLTIME: time = 8.497953e-03 (HISQ D) mflops = 0.000000e+00
CONGRAD5: time = 1.372099e-03 (multicg_offset D) masses = 9 iters = 16 mflops = 6.000267e+03
 OK converged final_rsq= 5.3e-14 (cf 1e-12) rel = 1 (cf 0) restarts = 0 iters= 16
CONGRAD5: time = 1.359224e-03 (multicg_offset D) masses = 7 iters = 16 mflops = 5.921495e+03
 OK converged final_rsq= 2e-14 (cf 1e-12) rel = 1 (cf 0) restarts = 0 iters= 16
CONGRAD5: time = 1.290798e-03 (multicg_offset D) masses = 7 iters = 16 mflops = 6.235398e+03
 OK converged final_rsq= 2.1e-14 (cf 1e-12) rel = 1 (cf 0) restarts = 0 iters= 16
CONGRAD5: time = 1.206875e-03 (multicg_offset D) masses = 7 iters = 15 mflops = 6.252181e+03
 OK converged final_rsq= 9.3e-13 (cf 1e-12) rel = 1 (cf 0) restarts = 0 iters= 15
Calling fn_fermion_force_multi_hisq_wrapper_mx_cpu
FFTIME:  time = 1.879451e-01 (HISQ D) terms = 30 flops/site = 2152598 mflops = 4.398080e+03
GFTIME:   time = 1.828790e-02 (Symanzik1) mflops = 3.212700e+03
GFTIME:   time = 1.823401e-02 (Symanzik1) mflops = 3.222194e+03
GFTIME:   time = 1.810098e-02 (Symanzik1) mflops = 3.245877e+03
GFTIME:   time = 1.810193e-02 (Symanzik1) mflops = 3.245706e+03
Combined fattening and long-link calculation time: 0.004175
FLTIME: time = 8.780003e-03 (HISQ D) mflops = 0.000000e+00
CONGRAD5: time = 1.369953e-03 (multicg_offset D) masses = 9 iters = 16 mflops = 6.009665e+03
 OK converged final_rsq= 2.5e-13 (cf 1e-12) rel = 1 (cf 0) restarts = 0 iters= 16
CONGRAD5: time = 1.284122e-03 (multicg_offset D) masses = 7 iters = 16 mflops = 6.267813e+03
 OK converged final_rsq= 9.9e-14 (cf 1e-12) rel = 1 (cf 0) restarts = 0 iters= 16
CONGRAD5: time = 1.286030e-03 (multicg_offset D) masses = 7 iters = 16 mflops = 6.258517e+03
 OK converged final_rsq= 1e-13 (cf 1e-12) rel = 1 (cf 0) restarts = 0 iters= 16
CONGRAD5: time = 1.316071e-03 (multicg_offset D) masses = 7 iters = 16 mflops = 6.115660e+03
 OK converged final_rsq= 1e-13 (cf 1e-12) rel = 1 (cf 0) restarts = 0 iters= 16
Calling fn_fermion_force_multi_hisq_wrapper_mx_cpu
FFTIME:  time = 1.878998e-01 (HISQ D) terms = 30 flops/site = 2152598 mflops = 4.399140e+03
GFTIME:   time = 1.819181e-02 (Symanzik1) mflops = 3.229669e+03
GFTIME:   time = 1.810002e-02 (Symanzik1) mflops = 3.246048e+03
Combined fattening and long-link calculation time: 0.004155
FLTIME: time = 8.799076e-03 (HISQ D) mflops = 0.000000e+00
CONGRAD5: time = 1.360893e-03 (multicg_offset D) masses = 9 iters = 16 mflops = 6.049674e+03
 OK converged final_rsq= 5.6e-13 (cf 1e-12) rel = 1 (cf 0) restarts = 0 iters= 16
CONGRAD5: time = 1.301050e-03 (multicg_offset D) masses = 7 iters = 16 mflops = 6.186264e+03
 OK converged final_rsq= 2.2e-13 (cf 1e-12) rel = 1 (cf 0) restarts = 0 iters= 16
CONGRAD5: time = 1.285076e-03 (multicg_offset D) masses = 7 iters = 16 mflops = 6.263162e+03
 OK converged final_rsq= 2.3e-13 (cf 1e-12) rel = 1 (cf 0) restarts = 0 iters= 16
CONGRAD5: time = 1.292944e-03 (multicg_offset D) masses = 7 iters = 16 mflops = 6.225049e+03
 OK converged final_rsq= 2.3e-13 (cf 1e-12) rel = 1 (cf 0) restarts = 0 iters= 16
Calling fn_fermion_force_multi_hisq_wrapper_mx_cpu
FFTIME:  time = 1.878459e-01 (HISQ D) terms = 30 flops/site = 2152598 mflops = 4.400402e+03
GFTIME:   time = 1.812911e-02 (Symanzik1) mflops = 3.240839e+03
GFTIME:   time = 1.809406e-02 (Symanzik1) mflops = 3.247117e+03
GFTIME:   time = 1.810217e-02 (Symanzik1) mflops = 3.245663e+03
GFTIME:   time = 1.810098e-02 (Symanzik1) mflops = 3.245877e+03
Combined fattening and long-link calculation time: 0.003945
FLTIME: time = 8.472919e-03 (HISQ D) mflops = 0.000000e+00
CONGRAD5: time = 1.451969e-03 (multicg_offset D) masses = 9 iters = 17 mflops = 6.024591e+03
 OK converged final_rsq= 1.2e-13 (cf 1e-12) rel = 1 (cf 0) restarts = 0 iters= 17
CONGRAD5: time = 1.358986e-03 (multicg_offset D) masses = 7 iters = 16 mflops = 5.922534e+03
 OK converged final_rsq= 6.2e-13 (cf 1e-12) rel = 1 (cf 0) restarts = 0 iters= 16
CONGRAD5: time = 1.299143e-03 (multicg_offset D) masses = 7 iters = 16 mflops = 6.195346e+03
 OK converged final_rsq= 6.4e-13 (cf 1e-12) rel = 1 (cf 0) restarts = 0 iters= 16
CONGRAD5: time = 1.285076e-03 (multicg_offset D) masses = 7 iters = 16 mflops = 6.263162e+03
 OK converged final_rsq= 6.3e-13 (cf 1e-12) rel = 1 (cf 0) restarts = 0 iters= 16
Calling fn_fermion_force_multi_hisq_wrapper_mx_cpu
FFTIME:  time = 1.879940e-01 (HISQ D) terms = 30 flops/site = 2152598 mflops = 4.396936e+03
GFTIME:   time = 1.817513e-02 (Symanzik1) mflops = 3.232634e+03
GFTIME:   time = 1.810694e-02 (Symanzik1) mflops = 3.244808e+03
Combined fattening and long-link calculation time: 0.004007
FLTIME: time = 8.527994e-03 (HISQ D) mflops = 0.000000e+00
CONGRAD5: time = 1.449823e-03 (multicg_offset D) masses = 9 iters = 17 mflops = 6.033507e+03
 OK converged final_rsq= 2.5e-13 (cf 1e-12) rel = 1 (cf 0) restarts = 0 iters= 17
CONGRAD5: time = 1.377106e-03 (multicg_offset D) masses = 7 iters = 17 mflops = 6.209894e+03
 OK converged final_rsq= 1.1e-13 (cf 1e-12) rel = 1 (cf 0) restarts = 0 iters= 17
CONGRAD5: time = 1.378059e-03 (multicg_offset D) masses = 7 iters = 17 mflops = 6.205596e+03
 OK converged final_rsq= 9.8e-14 (cf 1e-12) rel = 1 (cf 0) restarts = 0 iters= 17
CONGRAD5: time = 1.374960e-03 (multicg_offset D) masses = 7 iters = 17 mflops = 6.219585e+03
 OK converged final_rsq= 8.8e-14 (cf 1e-12) rel = 1 (cf 0) restarts = 0 iters= 17
Calling fn_fermion_force_multi_hisq_wrapper_mx_cpu
FFTIME:  time = 1.884992e-01 (HISQ D) terms = 30 flops/site = 2152598 mflops = 4.385152e+03
GFTIME:   time = 1.810503e-02 (Symanzik1) mflops = 3.245150e+03
GFTIME:   time = 1.810193e-02 (Symanzik1) mflops = 3.245706e+03
GFTIME:   time = 1.828098e-02 (Symanzik1) mflops = 3.213916e+03
GFTIME:   time = 1.809883e-02 (Symanzik1) mflops = 3.246261e+03
Combined fattening and long-link calculation time: 0.004156
FLTIME: time = 8.668900e-03 (HISQ D) mflops = 0.000000e+00
CONGRAD5: time = 1.451969e-03 (multicg_offset D) masses = 9 iters = 17 mflops = 6.024591e+03
 OK converged final_rsq= 6.4e-13 (cf 1e-12) rel = 1 (cf 0) restarts = 0 iters= 17
CONGRAD5: time = 1.377821e-03 (multicg_offset D) masses = 7 iters = 17 mflops = 6.206670e+03
 OK converged final_rsq= 2.7e-13 (cf 1e-12) rel = 1 (cf 0) restarts = 0 iters= 17
CONGRAD5: time = 1.375914e-03 (multicg_offset D) masses = 7 iters = 17 mflops = 6.215274e+03
 OK converged final_rsq= 2.5e-13 (cf 1e-12) rel = 1 (cf 0) restarts = 0 iters= 17
CONGRAD5: time = 1.368046e-03 (multicg_offset D) masses = 7 iters = 17 mflops = 6.251019e+03
 OK converged final_rsq= 2.2e-13 (cf 1e-12) rel = 1 (cf 0) restarts = 0 iters= 17
Calling fn_fermion_force_multi_hisq_wrapper_mx_cpu
FFTIME:  time = 1.876740e-01 (HISQ D) terms = 30 flops/site = 2152598 mflops = 4.404432e+03
GFTIME:   time = 1.812506e-02 (Symanzik1) mflops = 3.241564e+03
GFTIME:   time = 1.809788e-02 (Symanzik1) mflops = 3.246432e+03
Combined fattening and long-link calculation time: 0.004108
FLTIME: time = 8.534908e-03 (HISQ D) mflops = 0.000000e+00
CONGRAD5: time = 1.551151e-03 (multicg_offset D) masses = 9 iters = 18 mflops = 5.971100e+03
 OK converged final_rsq= 3.3e-13 (cf 1e-12) rel = 1 (cf 0) restarts = 0 iters= 18
CONGRAD5: time = 1.368046e-03 (multicg_offset D) masses = 7 iters = 17 mflops = 6.251019e+03
 OK converged final_rsq= 4.8e-13 (cf 1e-12) rel = 1 (cf 0) restarts = 0 iters= 17
CONGRAD5: time = 1.374960e-03 (multicg_offset D) masses = 7 iters = 17 mflops = 6.219585e+03
 OK converged final_rsq= 4.3e-13 (cf 1e-12) rel = 1 (cf 0) restarts = 0 iters= 17
CONGRAD5: time = 1.368999e-03 (multicg_offset D) masses = 7 iters = 17 mflops = 6.246664e+03
 OK converged final_rsq= 3.8e-13 (cf 1e-12) rel = 1 (cf 0) restarts = 0 iters= 17
Calling fn_fermion_force_multi_hisq_wrapper_mx_cpu
FFTIME:  time = 1.876001e-01 (HISQ D) terms = 30 flops/site = 2152598 mflops = 4.406168e+03
GFTIME:   time = 1.810718e-02 (Symanzik1) mflops = 3.244765e+03
GFTIME:   time = 1.810002e-02 (Symanzik1) mflops = 3.246048e+03
GFTIME:   time = 1.816607e-02 (Symanzik1) mflops = 3.234247e+03
GFTIME:   time = 1.810789e-02 (Symanzik1) mflops = 3.244637e+03
Combined fattening and long-link calculation time: 0.004139
FLTIME: time = 8.718014e-03 (HISQ D) mflops = 0.000000e+00
CONGRAD5: time = 1.537800e-03 (multicg_offset D) masses = 9 iters = 18 mflops = 6.022943e+03
 OK converged final_rsq= 7.7e-13 (cf 1e-12) rel = 1 (cf 0) restarts = 0 iters= 18
CONGRAD5: time = 1.467943e-03 (multicg_offset D) masses = 7 iters = 18 mflops = 6.168304e+03
 OK converged final_rsq= 3.5e-13 (cf 1e-12) rel = 1 (cf 0) restarts = 0 iters= 18
CONGRAD5: time = 1.373053e-03 (multicg_offset D) masses = 7 iters = 17 mflops = 6.228225e+03
 OK converged final_rsq= 9.1e-13 (cf 1e-12) rel = 1 (cf 0) restarts = 0 iters= 17
CONGRAD5: time = 1.366854e-03 (multicg_offset D) masses = 7 iters = 17 mflops = 6.256471e+03
 OK converged final_rsq= 7.9e-13 (cf 1e-12) rel = 1 (cf 0) restarts = 0 iters= 17
Calling fn_fermion_force_multi_hisq_wrapper_mx_cpu
FFTIME:  time = 1.875830e-01 (HISQ D) terms = 30 flops/site = 2152598 mflops = 4.406571e+03
GFTIME:   time = 1.813722e-02 (Symanzik1) mflops = 3.239391e+03
PLAQUETTE ACTION: -1.447239e+04
Combined fattening and long-link calculation time: 0.004119
FLTIME: time = 8.641958e-03 (HISQ D) mflops = 0.000000e+00
CONGRAD5: time = 1.729965e-03 (multicg_offset D) masses = 11 iters = 19 mflops = 5.777873e+03
 OK converged final_rsq= 3.3e-13 (cf 1e-12) rel = 1 (cf 0) restarts = 0 iters= 19
CONGRAD5: time = 1.537085e-03 (multicg_offset D) masses = 9 iters = 18 mflops = 6.025745e+03
 OK converged final_rsq= 4.6e-13 (cf 1e-12) rel = 1 (cf 0) restarts = 0 iters= 18
CONGRAD5: time = 1.545906e-03 (multicg_offset D) masses = 9 iters = 18 mflops = 5.991360e+03
 OK converged final_rsq= 3.9e-13 (cf 1e-12) rel = 1 (cf 0) restarts = 0 iters= 18
CONGRAD5: time = 1.547098e-03 (multicg_offset D) masses = 9 iters = 18 mflops = 5.986744e+03
 OK converged final_rsq= 2.6e-13 (cf 1e-12) rel = 1 (cf 0) restarts = 0 iters= 18
ACTION: g,h,f = 2.26203632076536e+03  -2.36446710004827e+03  2.24092423121984e+03  2.13849345193693e+03
DG = 2.262036e+03, DH = -2.270495e+03, DF = 8.424011e+00, D = -3.513734e-02
ACCEPT: delta S = -3.513734e-02
PLAQ:	2.5496711840942945	2.5433724912716253
P_LOOP:	2.498800e+00	-3.479444e-03
G_LOOP:  0  0  4   	2.5579221959584686e+00	( 0 1 7 6  )
G_LOOP:  0  1  4   	2.5332494456859727e+00	( 0 2 7 5  )
G_LOOP:  0  2  4   	2.5356932094433504e+00	( 0 3 7 4  )
G_LOOP:  0  3  4   	2.5578419106384507e+00	( 1 2 6 5  )
G_LOOP:  0  4  4   	2.5609072993950099e+00	( 1 3 6 4  )
G_LOOP:  0  5  4   	2.5335169649765183e+00	( 2 3 5 4  )
G_LOOP:  1  0  6   	2.3666031840656290e+00	( 0 0 1 7 7 6  )
G_LOOP:  1  1  6   	2.3053980597487596e+00	( 0 0 2 7 7 5  )
G_LOOP:  1  2  6   	2.3148469099947238e+00	( 0 0 3 7 7 4  )
G_LOOP:  1  3  6   	2.3398365323609833e+00	( 1 1 0 6 6 7  )
G_LOOP:  1  4  6   	2.3215939080640466e+00	( 1 1 2 6 6 5  )
G_LOOP:  1  5  6   	2.3549476483618101e+00	( 1 1 3 6 6 4  )
G_LOOP:  1  6  6   	2.2911512494042978e+00	( 2 2 0 5 5 7  )
G_LOOP:  1  7  6   	2.3324206490361803e+00	( 2 2 1 5 5 6  )
G_LOOP:  1  8  6   	2.3197477726489368e+00	( 2 2 3 5 5 4  )
G_LOOP:  1  9  6   	2.3248303793988874e+00	( 3 3 0 4 4 7  )
G_LOOP:  1  10  6   	2.3345134222065562e+00	( 3 3 1 4 4 6  )
G_LOOP:  1  11  6   	2.3037388504141636e+00	( 3 3 2 4 4 5  )
G_LOOP:  2  0  6   	2.3366871425150708e+00	( 0 1 2 7 6 5  )
G_LOOP:  2  1  6   	2.3329322696479746e+00	( 0 1 5 7 6 2  )
G_LOOP:  2  2  6   	2.3393055014073920e+00	( 0 6 2 7 1 5  )
G_LOOP:  2  3  6   	2.3231217544746205e+00	( 0 6 5 7 1 2  )
G_LOOP:  2  4  6   	2.3394212993717804e+00	( 0 1 3 7 6 4  )
G_LOOP:  2  5  6   	2.3462493697876874e+00	( 0 1 4 7 6 3  )
G_LOOP:  2  6  6   	2.3465296532829005e+00	( 0 6 3 7 1 4  )
G_LOOP:  2  7  6   	2.3426482984306780e+00	( 0 6 4 7 1 3  )
G_LOOP:  2  8  6   	2.2980540363149817e+00	( 0 2 3 7 5 4  )
G_LOOP:  2  9  6   	2.3016597863512178e+00	( 0 2 4 7 5 3  )
G_LOOP:  2  10  6   	2.3161896364840784e+00	( 0 5 3 7 2 4  )
G_LOOP:  2  11  6   	2.3265332122995805e+00	( 0 5 4 7 2 3  )
G_LOOP:  2  12  6   	2.3600772904697682e+00	( 1 2 3 6 5 4  )
G_LOOP:  2  13  6   	2.3241081564976871e+00	( 1 2 4 6 5 3  )
G_LOOP:  2  14  6   	2.3331670426275988e+00	( 1 5 3 6 2 4  )
G_LOOP:  2  15  6   	2.3142245037094140e+00	( 1 5 4 6 2 3  )
GACTION: 2.388130e+00
CONGRAD5: time = 1.696110e-03 (fn D) masses = 1 iters = 23 mflops = 6.180958e+03
 OK converged final_rsq= 8.4e-17 (cf 1e-16) rel = 1 (cf 0) restarts = 1 iters= 23
CONGRAD5: time = 7.951260e-04 (fn D) masses = 1 iters = 10 mflops = 5.732526e+03
 OK converged final_rsq= 2.6e-17 (cf 1e-16) rel = 1 (cf 0) restarts = 1 iters= 10
PBP: mass 1.800000e-03     5.743732e-02  -5.458829e-02  2.513840e-02  2.513840e-02 ( 1 of 1 )
FACTION: mass = 1.800000e-03,  1.463309e+00 ( 1 of 1 )
CONGRAD5: time = 1.693964e-03 (fn D) masses = 1 iters = 23 mflops = 6.188788e+03
 OK converged final_rsq= 8.2e-17 (cf 1e-16) rel = 1 (cf 0) restarts = 1 iters= 23
CONGRAD5: time = 5.798340e-04 (fn D) masses = 1 iters = 7 mflops = 5.502706e+03
 OK converged final_rsq= 3.4e-17 (cf 1e-16) rel = 1 (cf 0) restarts = 1 iters= 7
PBP: mass 1.800000e-02     4.543189e-02  -1.710590e-02  -1.297536e-02  -1.297536e-02 ( 1 of 1 )
FACTION: mass = 1.800000e-02,  1.562093e+00 ( 1 of 1 )
RUNNING COMPLETED
average cg iters for step= 6.300000e+01
Time = 2.651409e+00 seconds
total_iters = 835


get_i(0): EOF on input.
About to call QUDA_FINALIZE

               initQuda Total time = 5.49855 secs

      computeKSLinkQuda Total time = 0.103002 secs
              download     = 0.002452 secs (  2.38%), with       24 calls at 1.021667e+02 us per call
                upload     = 0.005939 secs (  5.77%), with       48 calls at 1.237292e+02 us per call
                  init     = 0.013248 secs (  12.9%), with       84 calls at 1.577143e+02 us per call
               compute     = 0.066472 secs (  64.5%), with       36 calls at 1.846444e+03 us per call
                  free     = 0.005680 secs (  5.51%), with       48 calls at 1.183333e+02 us per call
              constant     = 0.007769 secs (  7.54%), with       24 calls at 3.237083e+02 us per call
     total accounted       = 0.101560 secs (  98.6%)
     total missing         = 0.001442 secs (   1.4%)

                endQuda Total time = 0.136157 secs

Device memory used = 2.5 MB
Page-locked host memory used = 1.8 MB
Total host memory used >= 2.0 MB

exit: Fri Jan 31 12:01:23 2014

